Archive member included to satisfy reference by file (symbol)

E:/STM32CubeIDE_1.7.0/STM32CubeIDE/plugins/com.st.stm32cube.ide.mcu.externaltools.gnu-tools-for-stm32.11.3.rel1.win32_1.1.100.202309141235/tools/bin/../lib/gcc/arm-none-eabi/11.3.1/../../../../arm-none-eabi/lib/thumb/v7-m/nofp\libc_nano.a(libc_a-exit.o)
                              E:/STM32CubeIDE_1.7.0/STM32CubeIDE/plugins/com.st.stm32cube.ide.mcu.externaltools.gnu-tools-for-stm32.11.3.rel1.win32_1.1.100.202309141235/tools/bin/../lib/gcc/arm-none-eabi/11.3.1/../../../../arm-none-eabi/lib/thumb/v7-m/nofp/crt0.o (exit)
E:/STM32CubeIDE_1.7.0/STM32CubeIDE/plugins/com.st.stm32cube.ide.mcu.externaltools.gnu-tools-for-stm32.11.3.rel1.win32_1.1.100.202309141235/tools/bin/../lib/gcc/arm-none-eabi/11.3.1/../../../../arm-none-eabi/lib/thumb/v7-m/nofp\libc_nano.a(libc_a-findfp.o)
                              E:/STM32CubeIDE_1.7.0/STM32CubeIDE/plugins/com.st.stm32cube.ide.mcu.externaltools.gnu-tools-for-stm32.11.3.rel1.win32_1.1.100.202309141235/tools/bin/../lib/gcc/arm-none-eabi/11.3.1/../../../../arm-none-eabi/lib/thumb/v7-m/nofp\libc_nano.a(libc_a-exit.o) (__stdio_exit_handler)
E:/STM32CubeIDE_1.7.0/STM32CubeIDE/plugins/com.st.stm32cube.ide.mcu.externaltools.gnu-tools-for-stm32.11.3.rel1.win32_1.1.100.202309141235/tools/bin/../lib/gcc/arm-none-eabi/11.3.1/../../../../arm-none-eabi/lib/thumb/v7-m/nofp\libc_nano.a(libc_a-fwalk.o)
                              E:/STM32CubeIDE_1.7.0/STM32CubeIDE/plugins/com.st.stm32cube.ide.mcu.externaltools.gnu-tools-for-stm32.11.3.rel1.win32_1.1.100.202309141235/tools/bin/../lib/gcc/arm-none-eabi/11.3.1/../../../../arm-none-eabi/lib/thumb/v7-m/nofp\libc_nano.a(libc_a-findfp.o) (_fwalk_sglue)
E:/STM32CubeIDE_1.7.0/STM32CubeIDE/plugins/com.st.stm32cube.ide.mcu.externaltools.gnu-tools-for-stm32.11.3.rel1.win32_1.1.100.202309141235/tools/bin/../lib/gcc/arm-none-eabi/11.3.1/../../../../arm-none-eabi/lib/thumb/v7-m/nofp\libc_nano.a(libc_a-sprintf.o)
                              ./Core/Src/uart.o (sprintf)
E:/STM32CubeIDE_1.7.0/STM32CubeIDE/plugins/com.st.stm32cube.ide.mcu.externaltools.gnu-tools-for-stm32.11.3.rel1.win32_1.1.100.202309141235/tools/bin/../lib/gcc/arm-none-eabi/11.3.1/../../../../arm-none-eabi/lib/thumb/v7-m/nofp\libc_nano.a(libc_a-stdio.o)
                              E:/STM32CubeIDE_1.7.0/STM32CubeIDE/plugins/com.st.stm32cube.ide.mcu.externaltools.gnu-tools-for-stm32.11.3.rel1.win32_1.1.100.202309141235/tools/bin/../lib/gcc/arm-none-eabi/11.3.1/../../../../arm-none-eabi/lib/thumb/v7-m/nofp\libc_nano.a(libc_a-findfp.o) (__sread)
E:/STM32CubeIDE_1.7.0/STM32CubeIDE/plugins/com.st.stm32cube.ide.mcu.externaltools.gnu-tools-for-stm32.11.3.rel1.win32_1.1.100.202309141235/tools/bin/../lib/gcc/arm-none-eabi/11.3.1/../../../../arm-none-eabi/lib/thumb/v7-m/nofp\libc_nano.a(libc_a-memset.o)
                              E:/STM32CubeIDE_1.7.0/STM32CubeIDE/plugins/com.st.stm32cube.ide.mcu.externaltools.gnu-tools-for-stm32.11.3.rel1.win32_1.1.100.202309141235/tools/bin/../lib/gcc/arm-none-eabi/11.3.1/../../../../arm-none-eabi/lib/thumb/v7-m/nofp/crt0.o (memset)
E:/STM32CubeIDE_1.7.0/STM32CubeIDE/plugins/com.st.stm32cube.ide.mcu.externaltools.gnu-tools-for-stm32.11.3.rel1.win32_1.1.100.202309141235/tools/bin/../lib/gcc/arm-none-eabi/11.3.1/../../../../arm-none-eabi/lib/thumb/v7-m/nofp\libc_nano.a(libc_a-closer.o)
                              E:/STM32CubeIDE_1.7.0/STM32CubeIDE/plugins/com.st.stm32cube.ide.mcu.externaltools.gnu-tools-for-stm32.11.3.rel1.win32_1.1.100.202309141235/tools/bin/../lib/gcc/arm-none-eabi/11.3.1/../../../../arm-none-eabi/lib/thumb/v7-m/nofp\libc_nano.a(libc_a-stdio.o) (_close_r)
E:/STM32CubeIDE_1.7.0/STM32CubeIDE/plugins/com.st.stm32cube.ide.mcu.externaltools.gnu-tools-for-stm32.11.3.rel1.win32_1.1.100.202309141235/tools/bin/../lib/gcc/arm-none-eabi/11.3.1/../../../../arm-none-eabi/lib/thumb/v7-m/nofp\libc_nano.a(libc_a-reent.o)
                              E:/STM32CubeIDE_1.7.0/STM32CubeIDE/plugins/com.st.stm32cube.ide.mcu.externaltools.gnu-tools-for-stm32.11.3.rel1.win32_1.1.100.202309141235/tools/bin/../lib/gcc/arm-none-eabi/11.3.1/../../../../arm-none-eabi/lib/thumb/v7-m/nofp\libc_nano.a(libc_a-closer.o) (errno)
E:/STM32CubeIDE_1.7.0/STM32CubeIDE/plugins/com.st.stm32cube.ide.mcu.externaltools.gnu-tools-for-stm32.11.3.rel1.win32_1.1.100.202309141235/tools/bin/../lib/gcc/arm-none-eabi/11.3.1/../../../../arm-none-eabi/lib/thumb/v7-m/nofp\libc_nano.a(libc_a-impure.o)
                              E:/STM32CubeIDE_1.7.0/STM32CubeIDE/plugins/com.st.stm32cube.ide.mcu.externaltools.gnu-tools-for-stm32.11.3.rel1.win32_1.1.100.202309141235/tools/bin/../lib/gcc/arm-none-eabi/11.3.1/../../../../arm-none-eabi/lib/thumb/v7-m/nofp\libc_nano.a(libc_a-sprintf.o) (_impure_ptr)
[...]
Memory Configuration

Name             Origin             Length             Attributes
RAM              0x0000000020000000 0x0000000000005000 xrw
FLASH            0x0000000008000000 0x0000000000020000 xr
*default*        0x0000000000000000 0xffffffffffffffff

Linker script and memory map

LOAD E:/STM32CubeIDE_1.7.0/STM32CubeIDE/plugins/com.st.stm32cube.ide.mcu.externaltools.gnu-tools-for-stm32.11.3.rel1.win32_1.1.100.202309141235/tools/bin/../lib/gcc/arm-none-eabi/11.3.1/thumb/v7-m/nofp/crti.o
LOAD E:/STM32CubeIDE_1.7.0/STM32CubeIDE/plugins/com.st.stm32cube.ide.mcu.externaltools.gnu-tools-for-stm32.11.3.rel1.win32_1.1.100.202309141235/tools/bin/../lib/gcc/arm-none-eabi/11.3.1/thumb/v7-m/nofp/crtbegin.o
LOAD E:/STM32CubeIDE_1.7.0/STM32CubeIDE/plugins/com.st.stm32cube.ide.mcu.externaltools.gnu-tools-for-stm32.11.3.rel1.win32_1.1.100.202309141235/tools/bin/../lib/gcc/arm-none-eabi/11.3.1/../../../../arm-none-eabi/lib/thumb/v7-m/nofp/crt0.o
LOAD ./Core/Src/fsm_automatic.o
LOAD ./Core/Src/fsm_manual.o
LOAD ./Core/Src/global.o
LOAD ./Core/Src/input_processing.o
LOAD ./Core/Src/input_reading.o
LOAD ./Core/Src/main.o
LOAD ./Core/Src/stm32f1xx_hal_msp.o
LOAD ./Core/Src/stm32f1xx_it.o
LOAD ./Core/Src/syscalls.o
LOAD ./Core/Src/sysmem.o
LOAD ./Core/Src/system_stm32f1xx.o
LOAD ./Core/Src/timer.o
LOAD ./Core/Src/uart.o
LOAD ./Core/Startup/startup_stm32f103rbtx.o
LOAD ./Drivers/STM32F1xx_HAL_Driver/Src/stm32f1xx_hal.o
LOAD ./Drivers/STM32F1xx_HAL_Driver/Src/stm32f1xx_hal_cortex.o
LOAD ./Drivers/STM32F1xx_HAL_Driver/Src/stm32f1xx_hal_dma.o
LOAD ./Drivers/STM32F1xx_HAL_Driver/Src/stm32f1xx_hal_exti.o
LOAD ./Drivers/STM32F1xx_HAL_Driver/Src/stm32f1xx_hal_flash.o
LOAD ./Drivers/STM32F1xx_HAL_Driver/Src/stm32f1xx_hal_flash_ex.o
LOAD ./Drivers/STM32F1xx_HAL_Driver/Src/stm32f1xx_hal_gpio.o
LOAD ./Drivers/STM32F1xx_HAL_Driver/Src/stm32f1xx_hal_gpio_ex.o
LOAD ./Drivers/STM32F1xx_HAL_Driver/Src/stm32f1xx_hal_pwr.o
LOAD ./Drivers/STM32F1xx_HAL_Driver/Src/stm32f1xx_hal_rcc.o
LOAD ./Drivers/STM32F1xx_HAL_Driver/Src/stm32f1xx_hal_rcc_ex.o
LOAD ./Drivers/STM32F1xx_HAL_Driver/Src/stm32f1xx_hal_tim.o
LOAD ./Drivers/STM32F1xx_HAL_Driver/Src/stm32f1xx_hal_tim_ex.o
LOAD ./Drivers/STM32F1xx_HAL_Driver/Src/stm32f1xx_hal_uart.o
START GROUP
LOAD E:/STM32CubeIDE_1.7.0/STM32CubeIDE/plugins/com.st.stm32cube.ide.mcu.externaltools.gnu-tools-for-stm32.11.3.rel1.win32_1.1.100.202309141235/tools/bin/../lib/gcc/arm-none-eabi/11.3.1/../../../../arm-none-eabi/lib/thumb/v7-m/nofp\libc_nano.a
LOAD E:/STM32CubeIDE_1.7.0/STM32CubeIDE/plugins/com.st.stm32cube.ide.mcu.externaltools.gnu-tools-for-stm32.11.3.rel1.win32_1.1.100.202309141235/tools/bin/../lib/gcc/arm-none-eabi/11.3.1/../../../../arm-none-eabi/lib/thumb/v7-m/nofp\libm.a
END GROUP
START GROUP
LOAD E:/STM32CubeIDE_1.7.0/STM32CubeIDE/plugins/com.st.stm32cube.ide.mcu.externaltools.gnu-tools-for-stm32.11.3.rel1.win32_1.1.100.202309141235/tools/bin/../lib/gcc/arm-none-eabi/11.3.1/thumb/v7-m/nofp\libgcc.a
LOAD E:/STM32CubeIDE_1.7.0/STM32CubeIDE/plugins/com.st.stm32cube.ide.mcu.externaltools.gnu-tools-for-stm32.11.3.rel1.win32_1.1.100.202309141235/tools/bin/../lib/gcc/arm-none-eabi/11.3.1/../../../../arm-none-eabi/lib/thumb/v7-m/nofp\libc_nano.a
END GROUP
START GROUP
LOAD E:/STM32CubeIDE_1.7.0/STM32CubeIDE/plugins/com.st.stm32cube.ide.mcu.externaltools.gnu-tools-for-stm32.11.3.rel1.win32_1.1.100.202309141235/tools/bin/../lib/gcc/arm-none-eabi/11.3.1/thumb/v7-m/nofp\libgcc.a
LOAD E:/STM32CubeIDE_1.7.0/STM32CubeIDE/plugins/com.st.stm32cube.ide.mcu.externaltools.gnu-tools-for-stm32.11.3.rel1.win32_1.1.100.202309141235/tools/bin/../lib/gcc/arm-none-eabi/11.3.1/../../../../arm-none-eabi/lib/thumb/v7-m/nofp\libc_nano.a
LOAD E:/STM32CubeIDE_1.7.0/STM32CubeIDE/plugins/com.st.stm32cube.ide.mcu.externaltools.gnu-tools-for-stm32.11.3.rel1.win32_1.1.100.202309141235/tools/bin/../lib/gcc/arm-none-eabi/11.3.1/../../../../arm-none-eabi/lib/thumb/v7-m/nofp\libnosys.a
END GROUP
START GROUP
LOAD E:/STM32CubeIDE_1.7.0/STM32CubeIDE/plugins/com.st.stm32cube.ide.mcu.externaltools.gnu-tools-for-stm32.11.3.rel1.win32_1.1.100.202309141235/tools/bin/../lib/gcc/arm-none-eabi/11.3.1/thumb/v7-m/nofp\libgcc.a
LOAD E:/STM32CubeIDE_1.7.0/STM32CubeIDE/plugins/com.st.stm32cube.ide.mcu.externaltools.gnu-tools-for-stm32.11.3.rel1.win32_1.1.100.202309141235/tools/bin/../lib/gcc/arm-none-eabi/11.3.1/../../../../arm-none-eabi/lib/thumb/v7-m/nofp\libc_nano.a
LOAD E:/STM32CubeIDE_1.7.0/STM32CubeIDE/plugins/com.st.stm32cube.ide.mcu.externaltools.gnu-tools-for-stm32.11.3.rel1.win32_1.1.100.202309141235/tools/bin/../lib/gcc/arm-none-eabi/11.3.1/../../../../arm-none-eabi/lib/thumb/v7-m/nofp\libnosys.a
END GROUP
LOAD E:/STM32CubeIDE_1.7.0/STM32CubeIDE/plugins/com.st.stm32cube.ide.mcu.externaltools.gnu-tools-for-stm32.11.3.rel1.win32_1.1.100.202309141235/tools/bin/../lib/gcc/arm-none-eabi/11.3.1/thumb/v7-m/nofp/crtend.o
LOAD E:/STM32CubeIDE_1.7.0/STM32CubeIDE/plugins/com.st.stm32cube.ide.mcu.externaltools.gnu-tools-for-stm32.11.3.rel1.win32_1.1.100.202309141235/tools/bin/../lib/gcc/arm-none-eabi/11.3.1/thumb/v7-m/nofp/crtn.o
                0x0000000020005000                _estack = (ORIGIN (RAM) + LENGTH (RAM))
                0x0000000000000200                _Min_Heap_Size = 0x200
                0x0000000000000400                _Min_Stack_Size = 0x400

.isr_vector     0x0000000008000000      0x10c
                0x0000000008000000                . = ALIGN (0x4)
 *(.isr_vector)
 .isr_vector    0x0000000008000000      0x10c ./Core/Startup/startup_stm32f103rbtx.o
                0x0000000008000000                g_pfnVectors
                0x000000000800010c                . = ALIGN (0x4)

.text           0x000000000800010c     0x4d20
                0x000000000800010c                . = ALIGN (0x4)
 *(.text)
 .text          0x000000000800010c       0x40 E:/STM32CubeIDE_1.7.0/STM32CubeIDE/plugins/com.st.stm32cube.ide.mcu.externaltools.gnu-tools-for-stm32.11.3.rel1.win32_1.1.100.202309141235/tools/bin/../lib/gcc/arm-none-eabi/11.3.1/thumb/v7-m/nofp/crtbegin.o
 *(.text*)
 .text.fsm_automatic
                0x000000000800014c      0x26c ./Core/Src/fsm_automatic.o
                0x000000000800014c                fsm_automatic
 .text.fsm_red_manual
                0x00000000080003b8       0x88 ./Core/Src/fsm_manual.o
                0x00000000080003b8                fsm_red_manual
 .text.fsm_amber_manual
                0x0000000008000440       0x88 ./Core/Src/fsm_manual.o
                0x0000000008000440                fsm_amber_manual
 .text.fsm_green_manual
                0x00000000080004c8       0x88 ./Core/Src/fsm_manual.o
                0x00000000080004c8                fsm_green_manual
 .text.led_config
                0x0000000008000550       0xb8 ./Core/Src/global.o
                0x0000000008000550                led_config
 .text.pedestrian_led_config
                0x0000000008000608       0xcc ./Core/Src/global.o
                0x0000000008000608                pedestrian_led_config
 .text.off_all_leds_road_1
                0x00000000080006d4       0x28 ./Core/Src/global.o
                0x00000000080006d4                off_all_leds_road_1
 .text.off_all_leds_road_2
                0x00000000080006fc       0x20 ./Core/Src/global.o
                0x00000000080006fc                off_all_leds_road_2
 .text.on_red_road_1
                0x000000000800071c       0x28 ./Core/Src/global.o
                0x000000000800071c                on_red_road_1
 .text.on_red_road_2
                0x0000000008000744       0x20 ./Core/Src/global.o
                0x0000000008000744                on_red_road_2
 .text.on_amber_road_1
                0x0000000008000764       0x28 ./Core/Src/global.o
                0x0000000008000764                on_amber_road_1
 .text.on_amber_road_2
                0x000000000800078c       0x20 ./Core/Src/global.o
                0x000000000800078c                on_amber_road_2
 .text.on_green_road_1
                0x00000000080007ac       0x28 ./Core/Src/global.o
                0x00000000080007ac                on_green_road_1
 .text.on_green_road_2
                0x00000000080007d4       0x20 ./Core/Src/global.o
                0x00000000080007d4                on_green_road_2
 .text.toggle_red
                0x00000000080007f4       0x34 ./Core/Src/global.o
                0x00000000080007f4                toggle_red
 .text.toggle_amber
                0x0000000008000828       0x34 ./Core/Src/global.o
                0x0000000008000828                toggle_amber
 .text.toggle_green
                0x000000000800085c       0x34 ./Core/Src/global.o
                0x000000000800085c                toggle_green
 .text.off_pedestrian
                0x0000000008000890       0x28 ./Core/Src/global.o
                0x0000000008000890                off_pedestrian
 .text.on_red_pedestrian
                0x00000000080008b8       0x28 ./Core/Src/global.o
                0x00000000080008b8                on_red_pedestrian
 .text.on_green_pedestrian
                0x00000000080008e0       0x28 ./Core/Src/global.o
                0x00000000080008e0                on_green_pedestrian
 .text.pedestrian_buzzer_config
                0x0000000008000908       0xe0 ./Core/Src/global.o
                0x0000000008000908                pedestrian_buzzer_config
 .text.set_buzzer
                0x00000000080009e8       0x50 ./Core/Src/global.o
                0x00000000080009e8                set_buzzer
 .text.fsm_button_processing
                0x0000000008000a38      0x3e4 ./Core/Src/input_processing.o
                0x0000000008000a38                fsm_button_processing
 .text.button_reading
                0x0000000008000e1c       0xec ./Core/Src/input_reading.o
                0x0000000008000e1c                button_reading
 .text.is_button_pressed
                0x0000000008000f08       0x34 ./Core/Src/input_reading.o
                0x0000000008000f08                is_button_pressed
 .text.is_button_pressed_1s
                0x0000000008000f3c       0x34 ./Core/Src/input_reading.o
                0x0000000008000f3c                is_button_pressed_1s
 .text.buzzer   0x0000000008000f70       0x20 ./Core/Src/main.o
                0x0000000008000f70                buzzer
 .text.main     0x0000000008000f90       0x58 ./Core/Src/main.o
                0x0000000008000f90                main
 .text.SystemClock_Config
                0x0000000008000fe8       0x80 ./Core/Src/main.o
                0x0000000008000fe8                SystemClock_Config
 .text.MX_TIM2_Init
                0x0000000008001068       0x98 ./Core/Src/main.o
 .text.MX_TIM3_Init
                0x0000000008001100       0xec ./Core/Src/main.o
 .text.MX_USART2_UART_Init
                0x00000000080011ec       0x54 ./Core/Src/main.o
 .text.MX_GPIO_Init
                0x0000000008001240       0xdc ./Core/Src/main.o
 .text.HAL_TIM_PeriodElapsedCallback
                0x000000000800131c       0x18 ./Core/Src/main.o
                0x000000000800131c                HAL_TIM_PeriodElapsedCallback
 .text.Error_Handler
                0x0000000008001334        0xa ./Core/Src/main.o
                0x0000000008001334                Error_Handler
 *fill*         0x000000000800133e        0x2 
 .text.HAL_MspInit
                0x0000000008001340       0x64 ./Core/Src/stm32f1xx_hal_msp.o
                0x0000000008001340                HAL_MspInit
 .text.HAL_TIM_Base_MspInit
                0x00000000080013a4       0x80 ./Core/Src/stm32f1xx_hal_msp.o
                0x00000000080013a4                HAL_TIM_Base_MspInit
 .text.HAL_TIM_MspPostInit
                0x0000000008001424       0x64 ./Core/Src/stm32f1xx_hal_msp.o
                0x0000000008001424                HAL_TIM_MspPostInit
 .text.HAL_UART_MspInit
                0x0000000008001488       0xa4 ./Core/Src/stm32f1xx_hal_msp.o
                0x0000000008001488                HAL_UART_MspInit
 .text.NMI_Handler
                0x000000000800152c        0x6 ./Core/Src/stm32f1xx_it.o
                0x000000000800152c                NMI_Handler
 .text.HardFault_Handler
                0x0000000008001532        0x6 ./Core/Src/stm32f1xx_it.o
                0x0000000008001532                HardFault_Handler
 .text.MemManage_Handler
                0x0000000008001538        0x6 ./Core/Src/stm32f1xx_it.o
                0x0000000008001538                MemManage_Handler
 .text.BusFault_Handler
                0x000000000800153e        0x6 ./Core/Src/stm32f1xx_it.o
                0x000000000800153e                BusFault_Handler
 .text.UsageFault_Handler
                0x0000000008001544        0x6 ./Core/Src/stm32f1xx_it.o
                0x0000000008001544                UsageFault_Handler
 .text.SVC_Handler
                0x000000000800154a        0xc ./Core/Src/stm32f1xx_it.o
                0x000000000800154a                SVC_Handler
 .text.DebugMon_Handler
                0x0000000008001556        0xc ./Core/Src/stm32f1xx_it.o
                0x0000000008001556                DebugMon_Handler
 .text.PendSV_Handler
                0x0000000008001562        0xc ./Core/Src/stm32f1xx_it.o
                0x0000000008001562                PendSV_Handler
 .text.SysTick_Handler
                0x000000000800156e        0xc ./Core/Src/stm32f1xx_it.o
                0x000000000800156e                SysTick_Handler
 *fill*         0x000000000800157a        0x2 
 .text.TIM2_IRQHandler
                0x000000000800157c       0x14 ./Core/Src/stm32f1xx_it.o
                0x000000000800157c                TIM2_IRQHandler
 .text.TIM3_IRQHandler
                0x0000000008001590       0x14 ./Core/Src/stm32f1xx_it.o
                0x0000000008001590                TIM3_IRQHandler
 .text.USART2_IRQHandler
                0x00000000080015a4       0x14 ./Core/Src/stm32f1xx_it.o
                0x00000000080015a4                USART2_IRQHandler
 .text._sbrk    0x00000000080015b8       0x6c ./Core/Src/sysmem.o
                0x00000000080015b8                _sbrk
 .text.SystemInit
                0x0000000008001624        0xc ./Core/Src/system_stm32f1xx.o
                0x0000000008001624                SystemInit
 .text.setTimer1
                0x0000000008001630       0x34 ./Core/Src/timer.o
                0x0000000008001630                setTimer1
 .text.setTimer4
                0x0000000008001664       0x34 ./Core/Src/timer.o
                0x0000000008001664                setTimer4
 .text.setTimer5
                0x0000000008001698       0x34 ./Core/Src/timer.o
                0x0000000008001698                setTimer5
 .text.setTimer6
                0x00000000080016cc       0x34 ./Core/Src/timer.o
                0x00000000080016cc                setTimer6
 .text.timer_run
                0x0000000008001700      0x124 ./Core/Src/timer.o
                0x0000000008001700                timer_run
 .text.disp_t_red_uart
                0x0000000008001824       0x48 ./Core/Src/uart.o
                0x0000000008001824                disp_t_red_uart
 .text.disp_t_amber_uart
                0x000000000800186c       0x48 ./Core/Src/uart.o
                0x000000000800186c                disp_t_amber_uart
 .text.disp_t_green_uart
                0x00000000080018b4       0x48 ./Core/Src/uart.o
                0x00000000080018b4                disp_t_green_uart
 .text.disp_time_uart
                0x00000000080018fc       0x88 ./Core/Src/uart.o
                0x00000000080018fc                disp_time_uart
 .text.Reset_Handler
                0x0000000008001984       0x48 ./Core/Startup/startup_stm32f103rbtx.o
                0x0000000008001984                Reset_Handler
 .text.Default_Handler
                0x00000000080019cc        0x2 ./Core/Startup/startup_stm32f103rbtx.o
                0x00000000080019cc                RTC_Alarm_IRQHandler
                0x00000000080019cc                EXTI2_IRQHandler
                0x00000000080019cc                TIM1_CC_IRQHandler
                0x00000000080019cc                PVD_IRQHandler
                0x00000000080019cc                EXTI3_IRQHandler
                0x00000000080019cc                EXTI0_IRQHandler
                0x00000000080019cc                I2C2_EV_IRQHandler
                0x00000000080019cc                ADC1_2_IRQHandler
                0x00000000080019cc                SPI1_IRQHandler
                0x00000000080019cc                TAMPER_IRQHandler
                0x00000000080019cc                DMA1_Channel4_IRQHandler
                0x00000000080019cc                USART3_IRQHandler
                0x00000000080019cc                RTC_IRQHandler
                0x00000000080019cc                DMA1_Channel7_IRQHandler
                0x00000000080019cc                CAN1_RX1_IRQHandler
                0x00000000080019cc                TIM4_IRQHandler
                0x00000000080019cc                I2C1_EV_IRQHandler
                0x00000000080019cc                DMA1_Channel6_IRQHandler
                0x00000000080019cc                RCC_IRQHandler
                0x00000000080019cc                TIM1_TRG_COM_IRQHandler
                0x00000000080019cc                DMA1_Channel1_IRQHandler
                0x00000000080019cc                Default_Handler
                0x00000000080019cc                EXTI15_10_IRQHandler
                0x00000000080019cc                EXTI9_5_IRQHandler
                0x00000000080019cc                SPI2_IRQHandler
                0x00000000080019cc                DMA1_Channel5_IRQHandler
                0x00000000080019cc                EXTI4_IRQHandler
                0x00000000080019cc                USB_LP_CAN1_RX0_IRQHandler
                0x00000000080019cc                USB_HP_CAN1_TX_IRQHandler
                0x00000000080019cc                DMA1_Channel3_IRQHandler
                0x00000000080019cc                TIM1_UP_IRQHandler
                0x00000000080019cc                WWDG_IRQHandler
                0x00000000080019cc                TIM1_BRK_IRQHandler
                0x00000000080019cc                EXTI1_IRQHandler
                0x00000000080019cc                I2C2_ER_IRQHandler
                0x00000000080019cc                DMA1_Channel2_IRQHandler
                0x00000000080019cc                CAN1_SCE_IRQHandler
                0x00000000080019cc                FLASH_IRQHandler
                0x00000000080019cc                USART1_IRQHandler
                0x00000000080019cc                I2C1_ER_IRQHandler
                0x00000000080019cc                USBWakeUp_IRQHandler
 *fill*         0x00000000080019ce        0x2 
 .text.HAL_Init
                0x00000000080019d0       0x2c ./Drivers/STM32F1xx_HAL_Driver/Src/stm32f1xx_hal.o
                0x00000000080019d0                HAL_Init
 .text.HAL_InitTick
                0x00000000080019fc       0x60 ./Drivers/STM32F1xx_HAL_Driver/Src/stm32f1xx_hal.o
                0x00000000080019fc                HAL_InitTick
 .text.HAL_IncTick
                0x0000000008001a5c       0x24 ./Drivers/STM32F1xx_HAL_Driver/Src/stm32f1xx_hal.o
                0x0000000008001a5c                HAL_IncTick
 .text.HAL_GetTick
                0x0000000008001a80       0x14 ./Drivers/STM32F1xx_HAL_Driver/Src/stm32f1xx_hal.o
                0x0000000008001a80                HAL_GetTick
 .text.__NVIC_SetPriorityGrouping
                0x0000000008001a94       0x48 ./Drivers/STM32F1xx_HAL_Driver/Src/stm32f1xx_hal_cortex.o
 .text.__NVIC_GetPriorityGrouping
                0x0000000008001adc       0x1c ./Drivers/STM32F1xx_HAL_Driver/Src/stm32f1xx_hal_cortex.o
 .text.__NVIC_EnableIRQ
                0x0000000008001af8       0x38 ./Drivers/STM32F1xx_HAL_Driver/Src/stm32f1xx_hal_cortex.o
 .text.__NVIC_SetPriority
                0x0000000008001b30       0x54 ./Drivers/STM32F1xx_HAL_Driver/Src/stm32f1xx_hal_cortex.o
 .text.NVIC_EncodePriority
                0x0000000008001b84       0x64 ./Drivers/STM32F1xx_HAL_Driver/Src/stm32f1xx_hal_cortex.o
 .text.SysTick_Config
                0x0000000008001be8       0x44 ./Drivers/STM32F1xx_HAL_Driver/Src/stm32f1xx_hal_cortex.o
 .text.HAL_NVIC_SetPriorityGrouping
                0x0000000008001c2c       0x16 ./Drivers/STM32F1xx_HAL_Driver/Src/stm32f1xx_hal_cortex.o
                0x0000000008001c2c                HAL_NVIC_SetPriorityGrouping
 .text.HAL_NVIC_SetPriority
                0x0000000008001c42       0x38 ./Drivers/STM32F1xx_HAL_Driver/Src/stm32f1xx_hal_cortex.o
                0x0000000008001c42                HAL_NVIC_SetPriority
 .text.HAL_NVIC_EnableIRQ
                0x0000000008001c7a       0x1c ./Drivers/STM32F1xx_HAL_Driver/Src/stm32f1xx_hal_cortex.o
                0x0000000008001c7a                HAL_NVIC_EnableIRQ
 .text.HAL_SYSTICK_Config
                0x0000000008001c96       0x18 ./Drivers/STM32F1xx_HAL_Driver/Src/stm32f1xx_hal_cortex.o
                0x0000000008001c96                HAL_SYSTICK_Config
 .text.HAL_DMA_Abort
                0x0000000008001cae       0x76 ./Drivers/STM32F1xx_HAL_Driver/Src/stm32f1xx_hal_dma.o
                0x0000000008001cae                HAL_DMA_Abort
 .text.HAL_DMA_Abort_IT
                0x0000000008001d24       0xf0 ./Drivers/STM32F1xx_HAL_Driver/Src/stm32f1xx_hal_dma.o
                0x0000000008001d24                HAL_DMA_Abort_IT
 .text.HAL_GPIO_Init
                0x0000000008001e14      0x308 ./Drivers/STM32F1xx_HAL_Driver/Src/stm32f1xx_hal_gpio.o
                0x0000000008001e14                HAL_GPIO_Init
 .text.HAL_GPIO_ReadPin
                0x000000000800211c       0x2e ./Drivers/STM32F1xx_HAL_Driver/Src/stm32f1xx_hal_gpio.o
                0x000000000800211c                HAL_GPIO_ReadPin
 .text.HAL_GPIO_WritePin
                0x000000000800214a       0x30 ./Drivers/STM32F1xx_HAL_Driver/Src/stm32f1xx_hal_gpio.o
                0x000000000800214a                HAL_GPIO_WritePin
 *fill*         0x000000000800217a        0x2 
 .text.HAL_RCC_OscConfig
                0x000000000800217c      0x504 ./Drivers/STM32F1xx_HAL_Driver/Src/stm32f1xx_hal_rcc.o
                0x000000000800217c                HAL_RCC_OscConfig
 .text.HAL_RCC_ClockConfig
                0x0000000008002680      0x1d4 ./Drivers/STM32F1xx_HAL_Driver/Src/stm32f1xx_hal_rcc.o
                0x0000000008002680                HAL_RCC_ClockConfig
 .text.HAL_RCC_GetSysClockFreq
                0x0000000008002854       0xa8 ./Drivers/STM32F1xx_HAL_Driver/Src/stm32f1xx_hal_rcc.o
                0x0000000008002854                HAL_RCC_GetSysClockFreq
 .text.HAL_RCC_GetHCLKFreq
                0x00000000080028fc       0x14 ./Drivers/STM32F1xx_HAL_Driver/Src/stm32f1xx_hal_rcc.o
                0x00000000080028fc                HAL_RCC_GetHCLKFreq
 .text.HAL_RCC_GetPCLK1Freq
                0x0000000008002910       0x28 ./Drivers/STM32F1xx_HAL_Driver/Src/stm32f1xx_hal_rcc.o
                0x0000000008002910                HAL_RCC_GetPCLK1Freq
 .text.HAL_RCC_GetPCLK2Freq
                0x0000000008002938       0x28 ./Drivers/STM32F1xx_HAL_Driver/Src/stm32f1xx_hal_rcc.o
                0x0000000008002938                HAL_RCC_GetPCLK2Freq
 .text.RCC_Delay
                0x0000000008002960       0x3c ./Drivers/STM32F1xx_HAL_Driver/Src/stm32f1xx_hal_rcc.o
 .text.HAL_TIM_Base_Init
                0x000000000800299c       0x9e ./Drivers/STM32F1xx_HAL_Driver/Src/stm32f1xx_hal_tim.o
                0x000000000800299c                HAL_TIM_Base_Init
 *fill*         0x0000000008002a3a        0x2 
 .text.HAL_TIM_Base_Start_IT
                0x0000000008002a3c       0xa4 ./Drivers/STM32F1xx_HAL_Driver/Src/stm32f1xx_hal_tim.o
                0x0000000008002a3c                HAL_TIM_Base_Start_IT
 .text.HAL_TIM_PWM_Init
                0x0000000008002ae0       0x9e ./Drivers/STM32F1xx_HAL_Driver/Src/stm32f1xx_hal_tim.o
                0x0000000008002ae0                HAL_TIM_PWM_Init
 .text.HAL_TIM_PWM_MspInit
                0x0000000008002b7e       0x12 ./Drivers/STM32F1xx_HAL_Driver/Src/stm32f1xx_hal_tim.o
                0x0000000008002b7e                HAL_TIM_PWM_MspInit
 .text.HAL_TIM_PWM_Start
                0x0000000008002b90      0x144 ./Drivers/STM32F1xx_HAL_Driver/Src/stm32f1xx_hal_tim.o
                0x0000000008002b90                HAL_TIM_PWM_Start
 .text.HAL_TIM_IRQHandler
                0x0000000008002cd4      0x210 ./Drivers/STM32F1xx_HAL_Driver/Src/stm32f1xx_hal_tim.o
                0x0000000008002cd4                HAL_TIM_IRQHandler
 .text.HAL_TIM_PWM_ConfigChannel
                0x0000000008002ee4      0x184 ./Drivers/STM32F1xx_HAL_Driver/Src/stm32f1xx_hal_tim.o
                0x0000000008002ee4                HAL_TIM_PWM_ConfigChannel
 .text.HAL_TIM_ConfigClockSource
                0x0000000008003068      0x18e ./Drivers/STM32F1xx_HAL_Driver/Src/stm32f1xx_hal_tim.o
                0x0000000008003068                HAL_TIM_ConfigClockSource
 .text.HAL_TIM_OC_DelayElapsedCallback
                0x00000000080031f6       0x12 ./Drivers/STM32F1xx_HAL_Driver/Src/stm32f1xx_hal_tim.o
                0x00000000080031f6                HAL_TIM_OC_DelayElapsedCallback
 .text.HAL_TIM_IC_CaptureCallback
                0x0000000008003208       0x12 ./Drivers/STM32F1xx_HAL_Driver/Src/stm32f1xx_hal_tim.o
                0x0000000008003208                HAL_TIM_IC_CaptureCallback
 .text.HAL_TIM_PWM_PulseFinishedCallback
                0x000000000800321a       0x12 ./Drivers/STM32F1xx_HAL_Driver/Src/stm32f1xx_hal_tim.o
                0x000000000800321a                HAL_TIM_PWM_PulseFinishedCallback
 .text.HAL_TIM_TriggerCallback
                0x000000000800322c       0x12 ./Drivers/STM32F1xx_HAL_Driver/Src/stm32f1xx_hal_tim.o
                0x000000000800322c                HAL_TIM_TriggerCallback
 *fill*         0x000000000800323e        0x2 
 .text.TIM_Base_SetConfig
                0x0000000008003240       0xc4 ./Drivers/STM32F1xx_HAL_Driver/Src/stm32f1xx_hal_tim.o
                0x0000000008003240                TIM_Base_SetConfig
 .text.TIM_OC1_SetConfig
                0x0000000008003304       0xcc ./Drivers/STM32F1xx_HAL_Driver/Src/stm32f1xx_hal_tim.o
 .text.TIM_OC2_SetConfig
                0x00000000080033d0       0xd4 ./Drivers/STM32F1xx_HAL_Driver/Src/stm32f1xx_hal_tim.o
                0x00000000080033d0                TIM_OC2_SetConfig
 .text.TIM_OC3_SetConfig
                0x00000000080034a4       0xd4 ./Drivers/STM32F1xx_HAL_Driver/Src/stm32f1xx_hal_tim.o
 .text.TIM_OC4_SetConfig
                0x0000000008003578       0x9c ./Drivers/STM32F1xx_HAL_Driver/Src/stm32f1xx_hal_tim.o
 .text.TIM_TI1_ConfigInputStage
                0x0000000008003614       0x5c ./Drivers/STM32F1xx_HAL_Driver/Src/stm32f1xx_hal_tim.o
 .text.TIM_TI2_ConfigInputStage
                0x0000000008003670       0x5e ./Drivers/STM32F1xx_HAL_Driver/Src/stm32f1xx_hal_tim.o
 .text.TIM_ITRx_SetConfig
                0x00000000080036ce       0x34 ./Drivers/STM32F1xx_HAL_Driver/Src/stm32f1xx_hal_tim.o
 .text.TIM_ETR_SetConfig
                0x0000000008003702       0x3e ./Drivers/STM32F1xx_HAL_Driver/Src/stm32f1xx_hal_tim.o
                0x0000000008003702                TIM_ETR_SetConfig
 .text.TIM_CCxChannelCmd
                0x0000000008003740       0x48 ./Drivers/STM32F1xx_HAL_Driver/Src/stm32f1xx_hal_tim.o
                0x0000000008003740                TIM_CCxChannelCmd
 .text.HAL_TIMEx_MasterConfigSynchronization
                0x0000000008003788       0xbc ./Drivers/STM32F1xx_HAL_Driver/Src/stm32f1xx_hal_tim_ex.o
                0x0000000008003788                HAL_TIMEx_MasterConfigSynchronization
 .text.HAL_TIMEx_CommutCallback
                0x0000000008003844       0x12 ./Drivers/STM32F1xx_HAL_Driver/Src/stm32f1xx_hal_tim_ex.o
                0x0000000008003844                HAL_TIMEx_CommutCallback
 .text.HAL_TIMEx_BreakCallback
                0x0000000008003856       0x12 ./Drivers/STM32F1xx_HAL_Driver/Src/stm32f1xx_hal_tim_ex.o
                0x0000000008003856                HAL_TIMEx_BreakCallback
 .text.HAL_UART_Init
                0x0000000008003868       0xa0 ./Drivers/STM32F1xx_HAL_Driver/Src/stm32f1xx_hal_uart.o
                0x0000000008003868                HAL_UART_Init
 .text.HAL_UART_Transmit
                0x0000000008003908      0x106 ./Drivers/STM32F1xx_HAL_Driver/Src/stm32f1xx_hal_uart.o
                0x0000000008003908                HAL_UART_Transmit
 *fill*         0x0000000008003a0e        0x2 
 .text.HAL_UART_IRQHandler
                0x0000000008003a10      0x524 ./Drivers/STM32F1xx_HAL_Driver/Src/stm32f1xx_hal_uart.o
                0x0000000008003a10                HAL_UART_IRQHandler
 .text.HAL_UART_TxCpltCallback
                0x0000000008003f34       0x12 ./Drivers/STM32F1xx_HAL_Driver/Src/stm32f1xx_hal_uart.o
                0x0000000008003f34                HAL_UART_TxCpltCallback
 .text.HAL_UART_RxCpltCallback
                0x0000000008003f46       0x12 ./Drivers/STM32F1xx_HAL_Driver/Src/stm32f1xx_hal_uart.o
                0x0000000008003f46                HAL_UART_RxCpltCallback
 .text.HAL_UART_ErrorCallback
                0x0000000008003f58       0x12 ./Drivers/STM32F1xx_HAL_Driver/Src/stm32f1xx_hal_uart.o
                0x0000000008003f58                HAL_UART_ErrorCallback
 .text.HAL_UARTEx_RxEventCallback
                0x0000000008003f6a       0x16 ./Drivers/STM32F1xx_HAL_Driver/Src/stm32f1xx_hal_uart.o
                0x0000000008003f6a                HAL_UARTEx_RxEventCallback
 .text.UART_WaitOnFlagUntilTimeout
                0x0000000008003f80       0xdc ./Drivers/STM32F1xx_HAL_Driver/Src/stm32f1xx_hal_uart.o
 .text.UART_EndRxTransfer
                0x000000000800405c       0xc4 ./Drivers/STM32F1xx_HAL_Driver/Src/stm32f1xx_hal_uart.o
 .text.UART_DMAAbortOnError
                0x0000000008004120       0x28 ./Drivers/STM32F1xx_HAL_Driver/Src/stm32f1xx_hal_uart.o
 .text.UART_Transmit_IT
                0x0000000008004148       0x9e ./Drivers/STM32F1xx_HAL_Driver/Src/stm32f1xx_hal_uart.o
 .text.UART_EndTransmit_IT
                0x00000000080041e6       0x30 ./Drivers/STM32F1xx_HAL_Driver/Src/stm32f1xx_hal_uart.o
 .text.UART_Receive_IT
                0x0000000008004216      0x17c ./Drivers/STM32F1xx_HAL_Driver/Src/stm32f1xx_hal_uart.o
 *fill*         0x0000000008004392        0x2 
 .text.UART_SetConfig
                0x0000000008004394      0x11c ./Drivers/STM32F1xx_HAL_Driver/Src/stm32f1xx_hal_uart.o
 .text.sprintf  0x00000000080044b0       0x40 E:/STM32CubeIDE_1.7.0/STM32CubeIDE/plugins/com.st.stm32cube.ide.mcu.externaltools.gnu-tools-for-stm32.11.3.rel1.win32_1.1.100.202309141235/tools/bin/../lib/gcc/arm-none-eabi/11.3.1/../../../../arm-none-eabi/lib/thumb/v7-m/nofp\libc_nano.a(libc_a-sprintf.o)
                0x00000000080044b0                siprintf
                0x00000000080044b0                sprintf
 .text.memset   0x00000000080044f0       0x10 E:/STM32CubeIDE_1.7.0/STM32CubeIDE/plugins/com.st.stm32cube.ide.mcu.externaltools.gnu-tools-for-stm32.11.3.rel1.win32_1.1.100.202309141235/tools/bin/../lib/gcc/arm-none-eabi/11.3.1/../../../../arm-none-eabi/lib/thumb/v7-m/nofp\libc_nano.a(libc_a-memset.o)
                0x00000000080044f0                memset
 .text.__errno  0x0000000008004500        0xc E:/STM32CubeIDE_1.7.0/STM32CubeIDE/plugins/com.st.stm32cube.ide.mcu.externaltools.gnu-tools-for-stm32.11.3.rel1.win32_1.1.100.202309141235/tools/bin/../lib/gcc/arm-none-eabi/11.3.1/../../../../arm-none-eabi/lib/thumb/v7-m/nofp\libc_nano.a(libc_a-errno.o)
                0x0000000008004500                __errno
 .text.__libc_init_array
                0x000000000800450c       0x48 E:/STM32CubeIDE_1.7.0/STM32CubeIDE/plugins/com.st.stm32cube.ide.mcu.externaltools.gnu-tools-for-stm32.11.3.rel1.win32_1.1.100.202309141235/tools/bin/../lib/gcc/arm-none-eabi/11.3.1/../../../../arm-none-eabi/lib/thumb/v7-m/nofp\libc_nano.a(libc_a-init.o)
                0x000000000800450c                __libc_init_array
 .text.__retarget_lock_acquire_recursive
                0x0000000008004554        0x2 E:/STM32CubeIDE_1.7.0/STM32CubeIDE/plugins/com.st.stm32cube.ide.mcu.externaltools.gnu-tools-for-stm32.11.3.rel1.win32_1.1.100.202309141235/tools/bin/../lib/gcc/arm-none-eabi/11.3.1/../../../../arm-none-eabi/lib/thumb/v7-m/nofp\libc_nano.a(libc_a-lock.o)
                0x0000000008004554                __retarget_lock_acquire_recursive
 .text.__retarget_lock_release_recursive
                0x0000000008004556        0x2 E:/STM32CubeIDE_1.7.0/STM32CubeIDE/plugins/com.st.stm32cube.ide.mcu.externaltools.gnu-tools-for-stm32.11.3.rel1.win32_1.1.100.202309141235/tools/bin/../lib/gcc/arm-none-eabi/11.3.1/../../../../arm-none-eabi/lib/thumb/v7-m/nofp\libc_nano.a(libc_a-lock.o)
                0x0000000008004556                __retarget_lock_release_recursive
 .text._free_r  0x0000000008004558       0x90 E:/STM32CubeIDE_1.7.0/STM32CubeIDE/plugins/com.st.stm32cube.ide.mcu.externaltools.gnu-tools-for-stm32.11.3.rel1.win32_1.1.100.202309141235/tools/bin/../lib/gcc/arm-none-eabi/11.3.1/../../../../arm-none-eabi/lib/thumb/v7-m/nofp\libc_nano.a(libc_a-freer.o)
                0x0000000008004558                _free_r
 .text.sbrk_aligned
                0x00000000080045e8       0x40 E:/STM32CubeIDE_1.7.0/STM32CubeIDE/plugins/com.st.stm32cube.ide.mcu.externaltools.gnu-tools-for-stm32.11.3.rel1.win32_1.1.100.202309141235/tools/bin/../lib/gcc/arm-none-eabi/11.3.1/../../../../arm-none-eabi/lib/thumb/v7-m/nofp\libc_nano.a(libc_a-mallocr.o)
 .text._malloc_r
                0x0000000008004628      0x100 E:/STM32CubeIDE_1.7.0/STM32CubeIDE/plugins/com.st.stm32cube.ide.mcu.externaltools.gnu-tools-for-stm32.11.3.rel1.win32_1.1.100.202309141235/tools/bin/../lib/gcc/arm-none-eabi/11.3.1/../../../../arm-none-eabi/lib/thumb/v7-m/nofp\libc_nano.a(libc_a-mallocr.o)
                0x0000000008004628                _malloc_r
 .text.__malloc_lock
                0x0000000008004728        0xc E:/STM32CubeIDE_1.7.0/STM32CubeIDE/plugins/com.st.stm32cube.ide.mcu.externaltools.gnu-tools-for-stm32.11.3.rel1.win32_1.1.100.202309141235/tools/bin/../lib/gcc/arm-none-eabi/11.3.1/../../../../arm-none-eabi/lib/thumb/v7-m/nofp\libc_nano.a(libc_a-mlock.o)
                0x0000000008004728                __malloc_lock
 .text.__malloc_unlock
                0x0000000008004734        0xc E:/STM32CubeIDE_1.7.0/STM32CubeIDE/plugins/com.st.stm32cube.ide.mcu.externaltools.gnu-tools-for-stm32.11.3.rel1.win32_1.1.100.202309141235/tools/bin/../lib/gcc/arm-none-eabi/11.3.1/../../../../arm-none-eabi/lib/thumb/v7-m/nofp\libc_nano.a(libc_a-mlock.o)
                0x0000000008004734                __malloc_unlock
 .text.__ssputs_r
                0x0000000008004740       0xb4 E:/STM32CubeIDE_1.7.0/STM32CubeIDE/plugins/com.st.stm32cube.ide.mcu.externaltools.gnu-tools-for-stm32.11.3.rel1.win32_1.1.100.202309141235/tools/bin/../lib/gcc/arm-none-eabi/11.3.1/../../../../arm-none-eabi/lib/thumb/v7-m/nofp\libc_nano.a(libc_a-nano-svfprintf.o)
                0x0000000008004740                __ssputs_r
 .text._svfprintf_r
                0x00000000080047f4      0x1fc E:/STM32CubeIDE_1.7.0/STM32CubeIDE/plugins/com.st.stm32cube.ide.mcu.externaltools.gnu-tools-for-stm32.11.3.rel1.win32_1.1.100.202309141235/tools/bin/../lib/gcc/arm-none-eabi/11.3.1/../../../../arm-none-eabi/lib/thumb/v7-m/nofp\libc_nano.a(libc_a-nano-svfprintf.o)
                0x00000000080047f4                _svfiprintf_r
                0x00000000080047f4                _svfprintf_r
 .text._printf_common
                0x00000000080049f0       0xe4 E:/STM32CubeIDE_1.7.0/STM32CubeIDE/plugins/com.st.stm32cube.ide.mcu.externaltools.gnu-tools-for-stm32.11.3.rel1.win32_1.1.100.202309141235/tools/bin/../lib/gcc/arm-none-eabi/11.3.1/../../../../arm-none-eabi/lib/thumb/v7-m/nofp\libc_nano.a(libc_a-nano-vfprintf_i.o)
                0x00000000080049f0                _printf_common
 .text._printf_i
                0x0000000008004ad4      0x244 E:/STM32CubeIDE_1.7.0/STM32CubeIDE/plugins/com.st.stm32cube.ide.mcu.externaltools.gnu-tools-for-stm32.11.3.rel1.win32_1.1.100.202309141235/tools/bin/../lib/gcc/arm-none-eabi/11.3.1/../../../../arm-none-eabi/lib/thumb/v7-m/nofp\libc_nano.a(libc_a-nano-vfprintf_i.o)
                0x0000000008004ad4                _printf_i
 .text.memmove  0x0000000008004d18       0x34 E:/STM32CubeIDE_1.7.0/STM32CubeIDE/plugins/com.st.stm32cube.ide.mcu.externaltools.gnu-tools-for-stm32.11.3.rel1.win32_1.1.100.202309141235/tools/bin/../lib/gcc/arm-none-eabi/11.3.1/../../../../arm-none-eabi/lib/thumb/v7-m/nofp\libc_nano.a(libc_a-memmove.o)
                0x0000000008004d18                memmove
 .text._sbrk_r  0x0000000008004d4c       0x20 E:/STM32CubeIDE_1.7.0/STM32CubeIDE/plugins/com.st.stm32cube.ide.mcu.externaltools.gnu-tools-for-stm32.11.3.rel1.win32_1.1.100.202309141235/tools/bin/../lib/gcc/arm-none-eabi/11.3.1/../../../../arm-none-eabi/lib/thumb/v7-m/nofp\libc_nano.a(libc_a-sbrkr.o)
                0x0000000008004d4c                _sbrk_r
 .text.memchr   0x0000000008004d6c       0x1c E:/STM32CubeIDE_1.7.0/STM32CubeIDE/plugins/com.st.stm32cube.ide.mcu.externaltools.gnu-tools-for-stm32.11.3.rel1.win32_1.1.100.202309141235/tools/bin/../lib/gcc/arm-none-eabi/11.3.1/../../../../arm-none-eabi/lib/thumb/v7-m/nofp\libc_nano.a(libc_a-memchr-stub.o)
                0x0000000008004d6c                memchr
 .text.memcpy   0x0000000008004d88       0x1c E:/STM32CubeIDE_1.7.0/STM32CubeIDE/plugins/com.st.stm32cube.ide.mcu.externaltools.gnu-tools-for-stm32.11.3.rel1.win32_1.1.100.202309141235/tools/bin/../lib/gcc/arm-none-eabi/11.3.1/../../../../arm-none-eabi/lib/thumb/v7-m/nofp\libc_nano.a(libc_a-memcpy-stub.o)
                0x0000000008004d88                memcpy
 .text._realloc_r
                0x0000000008004da4       0x5e E:/STM32CubeIDE_1.7.0/STM32CubeIDE/plugins/com.st.stm32cube.ide.mcu.externaltools.gnu-tools-for-stm32.11.3.rel1.win32_1.1.100.202309141235/tools/bin/../lib/gcc/arm-none-eabi/11.3.1/../../../../arm-none-eabi/lib/thumb/v7-m/nofp\libc_nano.a(libc_a-reallocr.o)
                0x0000000008004da4                _realloc_r
 .text._malloc_usable_size_r
                0x0000000008004e02       0x10 E:/STM32CubeIDE_1.7.0/STM32CubeIDE/plugins/com.st.stm32cube.ide.mcu.externaltools.gnu-tools-for-stm32.11.3.rel1.win32_1.1.100.202309141235/tools/bin/../lib/gcc/arm-none-eabi/11.3.1/../../../../arm-none-eabi/lib/thumb/v7-m/nofp\libc_nano.a(libc_a-msizer.o)
                0x0000000008004e02                _malloc_usable_size_r
 *(.glue_7)
 .glue_7        0x0000000008004e12        0x0 linker stubs
 *(.glue_7t)
 .glue_7t       0x0000000008004e12        0x0 linker stubs
 *(.eh_frame)
 *fill*         0x0000000008004e12        0x2 
 .eh_frame      0x0000000008004e14        0x0 E:/STM32CubeIDE_1.7.0/STM32CubeIDE/plugins/com.st.stm32cube.ide.mcu.externaltools.gnu-tools-for-stm32.11.3.rel1.win32_1.1.100.202309141235/tools/bin/../lib/gcc/arm-none-eabi/11.3.1/thumb/v7-m/nofp/crtbegin.o
 *(.init)
 .init          0x0000000008004e14        0x4 E:/STM32CubeIDE_1.7.0/STM32CubeIDE/plugins/com.st.stm32cube.ide.mcu.externaltools.gnu-tools-for-stm32.11.3.rel1.win32_1.1.100.202309141235/tools/bin/../lib/gcc/arm-none-eabi/11.3.1/thumb/v7-m/nofp/crti.o
                0x0000000008004e14                _init
 .init          0x0000000008004e18        0x8 E:/STM32CubeIDE_1.7.0/STM32CubeIDE/plugins/com.st.stm32cube.ide.mcu.externaltools.gnu-tools-for-stm32.11.3.rel1.win32_1.1.100.202309141235/tools/bin/../lib/gcc/arm-none-eabi/11.3.1/thumb/v7-m/nofp/crtn.o
 *(.fini)
 .fini          0x0000000008004e20        0x4 E:/STM32CubeIDE_1.7.0/STM32CubeIDE/plugins/com.st.stm32cube.ide.mcu.externaltools.gnu-tools-for-stm32.11.3.rel1.win32_1.1.100.202309141235/tools/bin/../lib/gcc/arm-none-eabi/11.3.1/thumb/v7-m/nofp/crti.o
                0x0000000008004e20                _fini
 .fini          0x0000000008004e24        0x8 E:/STM32CubeIDE_1.7.0/STM32CubeIDE/plugins/com.st.stm32cube.ide.mcu.externaltools.gnu-tools-for-stm32.11.3.rel1.win32_1.1.100.202309141235/tools/bin/../lib/gcc/arm-none-eabi/11.3.1/thumb/v7-m/nofp/crtn.o
                0x0000000008004e2c                . = ALIGN (0x4)
                0x0000000008004e2c                _etext = .

.vfp11_veneer   0x0000000008004e2c        0x0
 .vfp11_veneer  0x0000000008004e2c        0x0 linker stubs

.v4_bx          0x0000000008004e2c        0x0
 .v4_bx         0x0000000008004e2c        0x0 linker stubs

.iplt           0x0000000008004e2c        0x0
 .iplt          0x0000000008004e2c        0x0 E:/STM32CubeIDE_1.7.0/STM32CubeIDE/plugins/com.st.stm32cube.ide.mcu.externaltools.gnu-tools-for-stm32.11.3.rel1.win32_1.1.100.202309141235/tools/bin/../lib/gcc/arm-none-eabi/11.3.1/thumb/v7-m/nofp/crtbegin.o

.rodata         0x0000000008004e2c      0x108
                0x0000000008004e2c                . = ALIGN (0x4)
 *(.rodata)
 .rodata        0x0000000008004e2c       0x14 ./Core/Src/fsm_automatic.o
 .rodata        0x0000000008004e40       0x3c ./Core/Src/fsm_manual.o
 .rodata        0x0000000008004e7c        0xf ./Core/Src/input_processing.o
 *fill*         0x0000000008004e8b        0x1 
 .rodata        0x0000000008004e8c       0x46 ./Core/Src/uart.o
 *(.rodata*)
 *fill*         0x0000000008004ed2        0x2 
 .rodata.AHBPrescTable
                0x0000000008004ed4       0x10 ./Core/Src/system_stm32f1xx.o
                0x0000000008004ed4                AHBPrescTable
 .rodata.APBPrescTable
                0x0000000008004ee4        0x8 ./Core/Src/system_stm32f1xx.o
                0x0000000008004ee4                APBPrescTable
 .rodata.aPLLMULFactorTable.1
                0x0000000008004eec       0x10 ./Drivers/STM32F1xx_HAL_Driver/Src/stm32f1xx_hal_rcc.o
 .rodata.aPredivFactorTable.0
                0x0000000008004efc        0x2 ./Drivers/STM32F1xx_HAL_Driver/Src/stm32f1xx_hal_rcc.o
 .rodata._svfprintf_r.str1.1
                0x0000000008004efe       0x11 E:/STM32CubeIDE_1.7.0/STM32CubeIDE/plugins/com.st.stm32cube.ide.mcu.externaltools.gnu-tools-for-stm32.11.3.rel1.win32_1.1.100.202309141235/tools/bin/../lib/gcc/arm-none-eabi/11.3.1/../../../../arm-none-eabi/lib/thumb/v7-m/nofp\libc_nano.a(libc_a-nano-svfprintf.o)
 .rodata._printf_i.str1.1
                0x0000000008004f0f       0x22 E:/STM32CubeIDE_1.7.0/STM32CubeIDE/plugins/com.st.stm32cube.ide.mcu.externaltools.gnu-tools-for-stm32.11.3.rel1.win32_1.1.100.202309141235/tools/bin/../lib/gcc/arm-none-eabi/11.3.1/../../../../arm-none-eabi/lib/thumb/v7-m/nofp\libc_nano.a(libc_a-nano-vfprintf_i.o)
                0x0000000008004f34                . = ALIGN (0x4)
 *fill*         0x0000000008004f31        0x3 

.rel.dyn        0x0000000008004f34        0x0
 .rel.iplt      0x0000000008004f34        0x0 E:/STM32CubeIDE_1.7.0/STM32CubeIDE/plugins/com.st.stm32cube.ide.mcu.externaltools.gnu-tools-for-stm32.11.3.rel1.win32_1.1.100.202309141235/tools/bin/../lib/gcc/arm-none-eabi/11.3.1/thumb/v7-m/nofp/crtbegin.o

.ARM.extab      0x0000000008004f34        0x0
                0x0000000008004f34                . = ALIGN (0x4)
 *(.ARM.extab* .gnu.linkonce.armextab.*)
                0x0000000008004f34                . = ALIGN (0x4)

.ARM            0x0000000008004f34        0x0
                0x0000000008004f34                . = ALIGN (0x4)
                0x0000000008004f34                __exidx_start = .
 *(.ARM.exidx*)
                0x0000000008004f34                __exidx_end = .
                0x0000000008004f34                . = ALIGN (0x4)

.preinit_array  0x0000000008004f34        0x0
                0x0000000008004f34                . = ALIGN (0x4)
                0x0000000008004f34                PROVIDE (__preinit_array_start = .)
 *(.preinit_array*)
                0x0000000008004f34                PROVIDE (__preinit_array_end = .)
                0x0000000008004f34                . = ALIGN (0x4)

.init_array     0x0000000008004f34        0x4
                0x0000000008004f34                . = ALIGN (0x4)
                0x0000000008004f34                PROVIDE (__init_array_start = .)
 *(SORT_BY_NAME(.init_array.*))
 *(.init_array*)
 .init_array    0x0000000008004f34        0x4 E:/STM32CubeIDE_1.7.0/STM32CubeIDE/plugins/com.st.stm32cube.ide.mcu.externaltools.gnu-tools-for-stm32.11.3.rel1.win32_1.1.100.202309141235/tools/bin/../lib/gcc/arm-none-eabi/11.3.1/thumb/v7-m/nofp/crtbegin.o
                0x0000000008004f38                PROVIDE (__init_array_end = .)
                0x0000000008004f38                . = ALIGN (0x4)

.fini_array     0x0000000008004f38        0x4
                0x0000000008004f38                . = ALIGN (0x4)
                [!provide]                        PROVIDE (__fini_array_start = .)
 *(SORT_BY_NAME(.fini_array.*))
 *(.fini_array*)
 .fini_array    0x0000000008004f38        0x4 E:/STM32CubeIDE_1.7.0/STM32CubeIDE/plugins/com.st.stm32cube.ide.mcu.externaltools.gnu-tools-for-stm32.11.3.rel1.win32_1.1.100.202309141235/tools/bin/../lib/gcc/arm-none-eabi/11.3.1/thumb/v7-m/nofp/crtbegin.o
                [!provide]                        PROVIDE (__fini_array_end = .)
                0x0000000008004f3c                . = ALIGN (0x4)
                0x0000000008004f3c                _sidata = LOADADDR (.data)

.data           0x0000000020000000       0x98 load address 0x0000000008004f3c
                0x0000000020000000                . = ALIGN (0x4)
                0x0000000020000000                _sdata = .
 *(.data)
 *(.data*)
 .data.T_RED    0x0000000020000000        0x4 ./Core/Src/global.o
                0x0000000020000000                T_RED
 .data.T_AMBER  0x0000000020000004        0x4 ./Core/Src/global.o
                0x0000000020000004                T_AMBER
 .data.T_GREEN  0x0000000020000008        0x4 ./Core/Src/global.o
                0x0000000020000008                T_GREEN
 .data.status   0x000000002000000c        0x4 ./Core/Src/global.o
                0x000000002000000c                status
 .data.curr_ped_status
                0x0000000020000010        0x1 ./Core/Src/global.o
                0x0000000020000010                curr_ped_status
 *fill*         0x0000000020000011        0x3 
 .data.buzzer_period
                0x0000000020000014        0x4 ./Core/Src/global.o
                0x0000000020000014                buzzer_period
 .data.volume   0x0000000020000018        0x4 ./Core/Src/global.o
                0x0000000020000018                volume
 .data.button_0_state
                0x000000002000001c        0x1 ./Core/Src/input_processing.o
                0x000000002000001c                button_0_state
 .data.button_1_state
                0x000000002000001d        0x1 ./Core/Src/input_processing.o
                0x000000002000001d                button_1_state
 .data.button_2_state
                0x000000002000001e        0x1 ./Core/Src/input_processing.o
                0x000000002000001e                button_2_state
 .data.button_3_state
                0x000000002000001f        0x1 ./Core/Src/input_processing.o
                0x000000002000001f                button_3_state
 .data.button_ports
                0x0000000020000020       0x10 ./Core/Src/input_reading.o
 .data.button_pins
                0x0000000020000030        0x8 ./Core/Src/input_reading.o
 .data.SystemCoreClock
                0x0000000020000038        0x4 ./Core/Src/system_stm32f1xx.o
                0x0000000020000038                SystemCoreClock
 .data.TIMER_CYCLE
                0x000000002000003c        0x4 ./Core/Src/timer.o
                0x000000002000003c                TIMER_CYCLE
 .data.uwTickPrio
                0x0000000020000040        0x4 ./Drivers/STM32F1xx_HAL_Driver/Src/stm32f1xx_hal.o
                0x0000000020000040                uwTickPrio
 .data.uwTickFreq
                0x0000000020000044        0x1 ./Drivers/STM32F1xx_HAL_Driver/Src/stm32f1xx_hal.o
                0x0000000020000044                uwTickFreq
 *fill*         0x0000000020000045        0x3 
 .data._impure_data
                0x0000000020000048       0x4c E:/STM32CubeIDE_1.7.0/STM32CubeIDE/plugins/com.st.stm32cube.ide.mcu.externaltools.gnu-tools-for-stm32.11.3.rel1.win32_1.1.100.202309141235/tools/bin/../lib/gcc/arm-none-eabi/11.3.1/../../../../arm-none-eabi/lib/thumb/v7-m/nofp\libc_nano.a(libc_a-impure.o)
                0x0000000020000048                _impure_data
 .data._impure_ptr
                0x0000000020000094        0x4 E:/STM32CubeIDE_1.7.0/STM32CubeIDE/plugins/com.st.stm32cube.ide.mcu.externaltools.gnu-tools-for-stm32.11.3.rel1.win32_1.1.100.202309141235/tools/bin/../lib/gcc/arm-none-eabi/11.3.1/../../../../arm-none-eabi/lib/thumb/v7-m/nofp\libc_nano.a(libc_a-impure.o)
                0x0000000020000094                _impure_ptr
 *(.RamFunc)
 *(.RamFunc*)
                0x0000000020000098                . = ALIGN (0x4)
                0x0000000020000098                _edata = .

.igot.plt       0x0000000020000098        0x0 load address 0x0000000008004fd4
 .igot.plt      0x0000000020000098        0x0 E:/STM32CubeIDE_1.7.0/STM32CubeIDE/plugins/com.st.stm32cube.ide.mcu.externaltools.gnu-tools-for-stm32.11.3.rel1.win32_1.1.100.202309141235/tools/bin/../lib/gcc/arm-none-eabi/11.3.1/thumb/v7-m/nofp/crtbegin.o
                0x0000000020000098                . = ALIGN (0x4)

.bss            0x0000000020000098      0x2a8 load address 0x0000000008004fd4
                0x0000000020000098                _sbss = .
                0x0000000020000098                __bss_start__ = _sbss
 *(.bss)
 .bss           0x0000000020000098       0x1c E:/STM32CubeIDE_1.7.0/STM32CubeIDE/plugins/com.st.stm32cube.ide.mcu.externaltools.gnu-tools-for-stm32.11.3.rel1.win32_1.1.100.202309141235/tools/bin/../lib/gcc/arm-none-eabi/11.3.1/thumb/v7-m/nofp/crtbegin.o
 *(.bss*)
 .bss.t_road_1  0x00000000200000b4        0x4 ./Core/Src/fsm_automatic.o
                0x00000000200000b4                t_road_1
 .bss.t_road_2  0x00000000200000b8        0x4 ./Core/Src/fsm_automatic.o
                0x00000000200000b8                t_road_2
 .bss.T_CHECK   0x00000000200000bc        0x4 ./Core/Src/global.o
                0x00000000200000bc                T_CHECK
 .bss.toggle_flag
                0x00000000200000c0        0x4 ./Core/Src/global.o
                0x00000000200000c0                toggle_flag
 .bss.buzzer_flag
                0x00000000200000c4        0x4 ./Core/Src/global.o
                0x00000000200000c4                buzzer_flag
 .bss.buttonBuffer
                0x00000000200000c8        0x4 ./Core/Src/input_reading.o
 .bss.debounceButtonBuffer1
                0x00000000200000cc        0x4 ./Core/Src/input_reading.o
 .bss.debounceButtonBuffer2
                0x00000000200000d0        0x4 ./Core/Src/input_reading.o
 .bss.flagForButtonPress1s
                0x00000000200000d4        0x4 ./Core/Src/input_reading.o
 .bss.counterForButtonPress1s
                0x00000000200000d8        0x8 ./Core/Src/input_reading.o
 .bss.htim2     0x00000000200000e0       0x48 ./Core/Src/main.o
                0x00000000200000e0                htim2
 .bss.htim3     0x0000000020000128       0x48 ./Core/Src/main.o
                0x0000000020000128                htim3
 .bss.huart2    0x0000000020000170       0x48 ./Core/Src/main.o
                0x0000000020000170                huart2
 .bss.__sbrk_heap_end
                0x00000000200001b8        0x4 ./Core/Src/sysmem.o
 .bss.timer0_counter
                0x00000000200001bc        0x4 ./Core/Src/timer.o
                0x00000000200001bc                timer0_counter
 .bss.timer1_counter
                0x00000000200001c0        0x4 ./Core/Src/timer.o
                0x00000000200001c0                timer1_counter
 .bss.timer2_counter
                0x00000000200001c4        0x4 ./Core/Src/timer.o
                0x00000000200001c4                timer2_counter
 .bss.timer3_counter
                0x00000000200001c8        0x4 ./Core/Src/timer.o
                0x00000000200001c8                timer3_counter
 .bss.timer4_counter
                0x00000000200001cc        0x4 ./Core/Src/timer.o
                0x00000000200001cc                timer4_counter
 .bss.timer5_counter
                0x00000000200001d0        0x4 ./Core/Src/timer.o
                0x00000000200001d0                timer5_counter
 .bss.timer6_counter
                0x00000000200001d4        0x4 ./Core/Src/timer.o
                0x00000000200001d4                timer6_counter
 .bss.timer0_flag
                0x00000000200001d8        0x4 ./Core/Src/timer.o
                0x00000000200001d8                timer0_flag
 .bss.timer1_flag
                0x00000000200001dc        0x4 ./Core/Src/timer.o
                0x00000000200001dc                timer1_flag
 .bss.timer2_flag
                0x00000000200001e0        0x4 ./Core/Src/timer.o
                0x00000000200001e0                timer2_flag
 .bss.timer3_flag
                0x00000000200001e4        0x4 ./Core/Src/timer.o
                0x00000000200001e4                timer3_flag
 .bss.timer4_flag
                0x00000000200001e8        0x4 ./Core/Src/timer.o
                0x00000000200001e8                timer4_flag
 .bss.timer5_flag
                0x00000000200001ec        0x4 ./Core/Src/timer.o
                0x00000000200001ec                timer5_flag
 .bss.timer6_flag
                0x00000000200001f0        0x4 ./Core/Src/timer.o
                0x00000000200001f0                timer6_flag
 .bss.uwTick    0x00000000200001f4        0x4 ./Drivers/STM32F1xx_HAL_Driver/Src/stm32f1xx_hal.o
                0x00000000200001f4                uwTick
 .bss.__sf      0x00000000200001f8      0x138 E:/STM32CubeIDE_1.7.0/STM32CubeIDE/plugins/com.st.stm32cube.ide.mcu.externaltools.gnu-tools-for-stm32.11.3.rel1.win32_1.1.100.202309141235/tools/bin/../lib/gcc/arm-none-eabi/11.3.1/../../../../arm-none-eabi/lib/thumb/v7-m/nofp\libc_nano.a(libc_a-findfp.o)
                0x00000000200001f8                __sf
 .bss.errno     0x0000000020000330        0x4 E:/STM32CubeIDE_1.7.0/STM32CubeIDE/plugins/com.st.stm32cube.ide.mcu.externaltools.gnu-tools-for-stm32.11.3.rel1.win32_1.1.100.202309141235/tools/bin/../lib/gcc/arm-none-eabi/11.3.1/../../../../arm-none-eabi/lib/thumb/v7-m/nofp\libc_nano.a(libc_a-reent.o)
                0x0000000020000330                errno
 .bss.__lock___malloc_recursive_mutex
                0x0000000020000334        0x1 E:/STM32CubeIDE_1.7.0/STM32CubeIDE/plugins/com.st.stm32cube.ide.mcu.externaltools.gnu-tools-for-stm32.11.3.rel1.win32_1.1.100.202309141235/tools/bin/../lib/gcc/arm-none-eabi/11.3.1/../../../../arm-none-eabi/lib/thumb/v7-m/nofp\libc_nano.a(libc_a-lock.o)
                0x0000000020000334                __lock___malloc_recursive_mutex
 *fill*         0x0000000020000335        0x3 
 .bss.__malloc_free_list
                0x0000000020000338        0x4 E:/STM32CubeIDE_1.7.0/STM32CubeIDE/plugins/com.st.stm32cube.ide.mcu.externaltools.gnu-tools-for-stm32.11.3.rel1.win32_1.1.100.202309141235/tools/bin/../lib/gcc/arm-none-eabi/11.3.1/../../../../arm-none-eabi/lib/thumb/v7-m/nofp\libc_nano.a(libc_a-mallocr.o)
                0x0000000020000338                __malloc_free_list
 .bss.__malloc_sbrk_start
                0x000000002000033c        0x4 E:/STM32CubeIDE_1.7.0/STM32CubeIDE/plugins/com.st.stm32cube.ide.mcu.externaltools.gnu-tools-for-stm32.11.3.rel1.win32_1.1.100.202309141235/tools/bin/../lib/gcc/arm-none-eabi/11.3.1/../../../../arm-none-eabi/lib/thumb/v7-m/nofp\libc_nano.a(libc_a-mallocr.o)
                0x000000002000033c                __malloc_sbrk_start
 *(COMMON)
                0x0000000020000340                . = ALIGN (0x4)
                0x0000000020000340                _ebss = .
                0x0000000020000340                __bss_end__ = _ebss

._user_heap_stack
                0x0000000020000340      0x600 load address 0x0000000008004fd4
                0x0000000020000340                . = ALIGN (0x8)
                [!provide]                        PROVIDE (end = .)
                0x0000000020000340                PROVIDE (_end = .)
                0x0000000020000540                . = (. + _Min_Heap_Size)
 *fill*         0x0000000020000340      0x200 
                0x0000000020000940                . = (. + _Min_Stack_Size)
 *fill*         0x0000000020000540      0x400 
                0x0000000020000940                . = ALIGN (0x8)

/DISCARD/
 libc.a(*)
 libm.a(*)
 libgcc.a(*)

.ARM.attributes
                0x0000000000000000       0x29
 *(.ARM.attributes)
 .ARM.attributes
                0x0000000000000000       0x1d E:/STM32CubeIDE_1.7.0/STM32CubeIDE/plugins/com.st.stm32cube.ide.mcu.externaltools.gnu-tools-for-stm32.11.3.rel1.win32_1.1.100.202309141235/tools/bin/../lib/gcc/arm-none-eabi/11.3.1/thumb/v7-m/nofp/crti.o
 .ARM.attributes
                0x000000000000001d       0x2d E:/STM32CubeIDE_1.7.0/STM32CubeIDE/plugins/com.st.stm32cube.ide.mcu.externaltools.gnu-tools-for-stm32.11.3.rel1.win32_1.1.100.202309141235/tools/bin/../lib/gcc/arm-none-eabi/11.3.1/thumb/v7-m/nofp/crtbegin.o
 .ARM.attributes
                0x000000000000004a       0x2d ./Core/Src/fsm_automatic.o
 .ARM.attributes
                0x0000000000000077       0x2d ./Core/Src/fsm_manual.o
 .ARM.attributes
                0x00000000000000a4       0x2d ./Core/Src/global.o
 .ARM.attributes
                0x00000000000000d1       0x2d ./Core/Src/input_processing.o
 .ARM.attributes
                0x00000000000000fe       0x2d ./Core/Src/input_reading.o
 .ARM.attributes
                0x000000000000012b       0x2d ./Core/Src/main.o
 .ARM.attributes
                0x0000000000000158       0x2d ./Core/Src/stm32f1xx_hal_msp.o
 .ARM.attributes
                0x0000000000000185       0x2d ./Core/Src/stm32f1xx_it.o
 .ARM.attributes
                0x00000000000001b2       0x2d ./Core/Src/sysmem.o
 .ARM.attributes
                0x00000000000001df       0x2d ./Core/Src/system_stm32f1xx.o
 .ARM.attributes
                0x000000000000020c       0x2d ./Core/Src/timer.o
 .ARM.attributes
                0x0000000000000239       0x2d ./Core/Src/uart.o
 .ARM.attributes
                0x0000000000000266       0x21 ./Core/Startup/startup_stm32f103rbtx.o
 .ARM.attributes
                0x0000000000000287       0x2d ./Drivers/STM32F1xx_HAL_Driver/Src/stm32f1xx_hal.o
 .ARM.attributes
                0x00000000000002b4       0x2d ./Drivers/STM32F1xx_HAL_Driver/Src/stm32f1xx_hal_cortex.o
 .ARM.attributes
                0x00000000000002e1       0x2d ./Drivers/STM32F1xx_HAL_Driver/Src/stm32f1xx_hal_dma.o
 .ARM.attributes
                0x000000000000030e       0x2d ./Drivers/STM32F1xx_HAL_Driver/Src/stm32f1xx_hal_gpio.o
 .ARM.attributes
                0x000000000000033b       0x2d ./Drivers/STM32F1xx_HAL_Driver/Src/stm32f1xx_hal_rcc.o
 .ARM.attributes
                0x0000000000000368       0x2d ./Drivers/STM32F1xx_HAL_Driver/Src/stm32f1xx_hal_tim.o
 .ARM.attributes
                0x0000000000000395       0x2d ./Drivers/STM32F1xx_HAL_Driver/Src/stm32f1xx_hal_tim_ex.o
 .ARM.attributes
                0x00000000000003c2       0x2d ./Drivers/STM32F1xx_HAL_Driver/Src/stm32f1xx_hal_uart.o
 .ARM.attributes
                0x00000000000003ef       0x2d E:/STM32CubeIDE_1.7.0/STM32CubeIDE/plugins/com.st.stm32cube.ide.mcu.externaltools.gnu-tools-for-stm32.11.3.rel1.win32_1.1.100.202309141235/tools/bin/../lib/gcc/arm-none-eabi/11.3.1/../../../../arm-none-eabi/lib/thumb/v7-m/nofp\libc_nano.a(libc_a-findfp.o)
 .ARM.attributes
                0x000000000000041c       0x2d E:/STM32CubeIDE_1.7.0/STM32CubeIDE/plugins/com.st.stm32cube.ide.mcu.externaltools.gnu-tools-for-stm32.11.3.rel1.win32_1.1.100.202309141235/tools/bin/../lib/gcc/arm-none-eabi/11.3.1/../../../../arm-none-eabi/lib/thumb/v7-m/nofp\libc_nano.a(libc_a-sprintf.o)
 .ARM.attributes
                0x0000000000000449       0x2d E:/STM32CubeIDE_1.7.0/STM32CubeIDE/plugins/com.st.stm32cube.ide.mcu.externaltools.gnu-tools-for-stm32.11.3.rel1.win32_1.1.100.202309141235/tools/bin/../lib/gcc/arm-none-eabi/11.3.1/../../../../arm-none-eabi/lib/thumb/v7-m/nofp\libc_nano.a(libc_a-memset.o)
 .ARM.attributes
                0x0000000000000476       0x2d E:/STM32CubeIDE_1.7.0/STM32CubeIDE/plugins/com.st.stm32cube.ide.mcu.externaltools.gnu-tools-for-stm32.11.3.rel1.win32_1.1.100.202309141235/tools/bin/../lib/gcc/arm-none-eabi/11.3.1/../../../../arm-none-eabi/lib/thumb/v7-m/nofp\libc_nano.a(libc_a-reent.o)
 .ARM.attributes
                0x00000000000004a3       0x2d E:/STM32CubeIDE_1.7.0/STM32CubeIDE/plugins/com.st.stm32cube.ide.mcu.externaltools.gnu-tools-for-stm32.11.3.rel1.win32_1.1.100.202309141235/tools/bin/../lib/gcc/arm-none-eabi/11.3.1/../../../../arm-none-eabi/lib/thumb/v7-m/nofp\libc_nano.a(libc_a-impure.o)
 .ARM.attributes
                0x00000000000004d0       0x2d E:/STM32CubeIDE_1.7.0/STM32CubeIDE/plugins/com.st.stm32cube.ide.mcu.externaltools.gnu-tools-for-stm32.11.3.rel1.win32_1.1.100.202309141235/tools/bin/../lib/gcc/arm-none-eabi/11.3.1/../../../../arm-none-eabi/lib/thumb/v7-m/nofp\libc_nano.a(libc_a-errno.o)
 .ARM.attributes
                0x00000000000004fd       0x2d E:/STM32CubeIDE_1.7.0/STM32CubeIDE/plugins/com.st.stm32cube.ide.mcu.externaltools.gnu-tools-for-stm32.11.3.rel1.win32_1.1.100.202309141235/tools/bin/../lib/gcc/arm-none-eabi/11.3.1/../../../../arm-none-eabi/lib/thumb/v7-m/nofp\libc_nano.a(libc_a-init.o)
 .ARM.attributes
                0x000000000000052a       0x2d E:/STM32CubeIDE_1.7.0/STM32CubeIDE/plugins/com.st.stm32cube.ide.mcu.externaltools.gnu-tools-for-stm32.11.3.rel1.win32_1.1.100.202309141235/tools/bin/../lib/gcc/arm-none-eabi/11.3.1/../../../../arm-none-eabi/lib/thumb/v7-m/nofp\libc_nano.a(libc_a-lock.o)
 .ARM.attributes
                0x0000000000000557       0x2d E:/STM32CubeIDE_1.7.0/STM32CubeIDE/plugins/com.st.stm32cube.ide.mcu.externaltools.gnu-tools-for-stm32.11.3.rel1.win32_1.1.100.202309141235/tools/bin/../lib/gcc/arm-none-eabi/11.3.1/../../../../arm-none-eabi/lib/thumb/v7-m/nofp\libc_nano.a(libc_a-freer.o)
 .ARM.attributes
                0x0000000000000584       0x2d E:/STM32CubeIDE_1.7.0/STM32CubeIDE/plugins/com.st.stm32cube.ide.mcu.externaltools.gnu-tools-for-stm32.11.3.rel1.win32_1.1.100.202309141235/tools/bin/../lib/gcc/arm-none-eabi/11.3.1/../../../../arm-none-eabi/lib/thumb/v7-m/nofp\libc_nano.a(libc_a-mallocr.o)
 .ARM.attributes
                0x00000000000005b1       0x2d E:/STM32CubeIDE_1.7.0/STM32CubeIDE/plugins/com.st.stm32cube.ide.mcu.externaltools.gnu-tools-for-stm32.11.3.rel1.win32_1.1.100.202309141235/tools/bin/../lib/gcc/arm-none-eabi/11.3.1/../../../../arm-none-eabi/lib/thumb/v7-m/nofp\libc_nano.a(libc_a-mlock.o)
 .ARM.attributes
                0x00000000000005de       0x2d E:/STM32CubeIDE_1.7.0/STM32CubeIDE/plugins/com.st.stm32cube.ide.mcu.externaltools.gnu-tools-for-stm32.11.3.rel1.win32_1.1.100.202309141235/tools/bin/../lib/gcc/arm-none-eabi/11.3.1/../../../../arm-none-eabi/lib/thumb/v7-m/nofp\libc_nano.a(libc_a-nano-svfprintf.o)
 .ARM.attributes
                0x000000000000060b       0x2d E:/STM32CubeIDE_1.7.0/STM32CubeIDE/plugins/com.st.stm32cube.ide.mcu.externaltools.gnu-tools-for-stm32.11.3.rel1.win32_1.1.100.202309141235/tools/bin/../lib/gcc/arm-none-eabi/11.3.1/../../../../arm-none-eabi/lib/thumb/v7-m/nofp\libc_nano.a(libc_a-nano-vfprintf_i.o)
 .ARM.attributes
                0x0000000000000638       0x2d E:/STM32CubeIDE_1.7.0/STM32CubeIDE/plugins/com.st.stm32cube.ide.mcu.externaltools.gnu-tools-for-stm32.11.3.rel1.win32_1.1.100.202309141235/tools/bin/../lib/gcc/arm-none-eabi/11.3.1/../../../../arm-none-eabi/lib/thumb/v7-m/nofp\libc_nano.a(libc_a-memmove.o)
 .ARM.attributes
                0x0000000000000665       0x2d E:/STM32CubeIDE_1.7.0/STM32CubeIDE/plugins/com.st.stm32cube.ide.mcu.externaltools.gnu-tools-for-stm32.11.3.rel1.win32_1.1.100.202309141235/tools/bin/../lib/gcc/arm-none-eabi/11.3.1/../../../../arm-none-eabi/lib/thumb/v7-m/nofp\libc_nano.a(libc_a-sbrkr.o)
 .ARM.attributes
                0x0000000000000692       0x2d E:/STM32CubeIDE_1.7.0/STM32CubeIDE/plugins/com.st.stm32cube.ide.mcu.externaltools.gnu-tools-for-stm32.11.3.rel1.win32_1.1.100.202309141235/tools/bin/../lib/gcc/arm-none-eabi/11.3.1/../../../../arm-none-eabi/lib/thumb/v7-m/nofp\libc_nano.a(libc_a-memchr-stub.o)
 .ARM.attributes
                0x00000000000006bf       0x2d E:/STM32CubeIDE_1.7.0/STM32CubeIDE/plugins/com.st.stm32cube.ide.mcu.externaltools.gnu-tools-for-stm32.11.3.rel1.win32_1.1.100.202309141235/tools/bin/../lib/gcc/arm-none-eabi/11.3.1/../../../../arm-none-eabi/lib/thumb/v7-m/nofp\libc_nano.a(libc_a-memcpy-stub.o)
 .ARM.attributes
                0x00000000000006ec       0x2d E:/STM32CubeIDE_1.7.0/STM32CubeIDE/plugins/com.st.stm32cube.ide.mcu.externaltools.gnu-tools-for-stm32.11.3.rel1.win32_1.1.100.202309141235/tools/bin/../lib/gcc/arm-none-eabi/11.3.1/../../../../arm-none-eabi/lib/thumb/v7-m/nofp\libc_nano.a(libc_a-reallocr.o)
 .ARM.attributes
                0x0000000000000719       0x2d E:/STM32CubeIDE_1.7.0/STM32CubeIDE/plugins/com.st.stm32cube.ide.mcu.externaltools.gnu-tools-for-stm32.11.3.rel1.win32_1.1.100.202309141235/tools/bin/../lib/gcc/arm-none-eabi/11.3.1/../../../../arm-none-eabi/lib/thumb/v7-m/nofp\libc_nano.a(libc_a-msizer.o)
 .ARM.attributes
                0x0000000000000746       0x1d E:/STM32CubeIDE_1.7.0/STM32CubeIDE/plugins/com.st.stm32cube.ide.mcu.externaltools.gnu-tools-for-stm32.11.3.rel1.win32_1.1.100.202309141235/tools/bin/../lib/gcc/arm-none-eabi/11.3.1/thumb/v7-m/nofp/crtn.o
OUTPUT(MCU_Assignment.elf elf32-littlearm)
LOAD linker stubs
LOAD E:/STM32CubeIDE_1.7.0/STM32CubeIDE/plugins/com.st.stm32cube.ide.mcu.externaltools.gnu-tools-for-stm32.11.3.rel1.win32_1.1.100.202309141235/tools/bin/../lib/gcc/arm-none-eabi/11.3.1/../../../../arm-none-eabi/lib/thumb/v7-m/nofp\libc.a
LOAD E:/STM32CubeIDE_1.7.0/STM32CubeIDE/plugins/com.st.stm32cube.ide.mcu.externaltools.gnu-tools-for-stm32.11.3.rel1.win32_1.1.100.202309141235/tools/bin/../lib/gcc/arm-none-eabi/11.3.1/../../../../arm-none-eabi/lib/thumb/v7-m/nofp\libm.a
LOAD E:/STM32CubeIDE_1.7.0/STM32CubeIDE/plugins/com.st.stm32cube.ide.mcu.externaltools.gnu-tools-for-stm32.11.3.rel1.win32_1.1.100.202309141235/tools/bin/../lib/gcc/arm-none-eabi/11.3.1/thumb/v7-m/nofp\libgcc.a

.comment        0x0000000000000000       0x43
 .comment       0x0000000000000000       0x43 E:/STM32CubeIDE_1.7.0/STM32CubeIDE/plugins/com.st.stm32cube.ide.mcu.externaltools.gnu-tools-for-stm32.11.3.rel1.win32_1.1.100.202309141235/tools/bin/../lib/gcc/arm-none-eabi/11.3.1/thumb/v7-m/nofp/crtbegin.o
                                         0x44 (size before relaxing)
 .comment       0x0000000000000043       0x44 ./Core/Src/fsm_automatic.o
 .comment       0x0000000000000043       0x44 ./Core/Src/fsm_manual.o
 .comment       0x0000000000000043       0x44 ./Core/Src/global.o
 .comment       0x0000000000000043       0x44 ./Core/Src/input_processing.o
 .comment       0x0000000000000043       0x44 ./Core/Src/input_reading.o
 .comment       0x0000000000000043       0x44 ./Core/Src/main.o
 .comment       0x0000000000000043       0x44 ./Core/Src/stm32f1xx_hal_msp.o
 .comment       0x0000000000000043       0x44 ./Core/Src/stm32f1xx_it.o
 .comment       0x0000000000000043       0x44 ./Core/Src/sysmem.o
 .comment       0x0000000000000043       0x44 ./Core/Src/system_stm32f1xx.o
 .comment       0x0000000000000043       0x44 ./Core/Src/timer.o
 .comment       0x0000000000000043       0x44 ./Core/Src/uart.o
 .comment       0x0000000000000043       0x44 ./Drivers/STM32F1xx_HAL_Driver/Src/stm32f1xx_hal.o
 .comment       0x0000000000000043       0x44 ./Drivers/STM32F1xx_HAL_Driver/Src/stm32f1xx_hal_cortex.o
 .comment       0x0000000000000043       0x44 ./Drivers/STM32F1xx_HAL_Driver/Src/stm32f1xx_hal_dma.o
 .comment       0x0000000000000043       0x44 ./Drivers/STM32F1xx_HAL_Driver/Src/stm32f1xx_hal_gpio.o
 .comment       0x0000000000000043       0x44 ./Drivers/STM32F1xx_HAL_Driver/Src/stm32f1xx_hal_rcc.o
 .comment       0x0000000000000043       0x44 ./Drivers/STM32F1xx_HAL_Driver/Src/stm32f1xx_hal_tim.o
 .comment       0x0000000000000043       0x44 ./Drivers/STM32F1xx_HAL_Driver/Src/stm32f1xx_hal_tim_ex.o
 .comment       0x0000000000000043       0x44 ./Drivers/STM32F1xx_HAL_Driver/Src/stm32f1xx_hal_uart.o

.debug_info     0x0000000000000000     0xe092
 .debug_info    0x0000000000000000      0x64c ./Core/Src/fsm_automatic.o
 .debug_info    0x000000000000064c      0x63a ./Core/Src/fsm_manual.o
 .debug_info    0x0000000000000c86      0x3b9 ./Core/Src/global.o
 .debug_info    0x000000000000103f      0x6bd ./Core/Src/input_processing.o
 .debug_info    0x00000000000016fc      0x2a4 ./Core/Src/input_reading.o
 .debug_info    0x00000000000019a0      0xfc8 ./Core/Src/main.o
 .debug_info    0x0000000000002968      0xd92 ./Core/Src/stm32f1xx_hal_msp.o
 .debug_info    0x00000000000036fa      0x96a ./Core/Src/stm32f1xx_it.o
 .debug_info    0x0000000000004064      0x168 ./Core/Src/sysmem.o
 .debug_info    0x00000000000041cc      0x222 ./Core/Src/system_stm32f1xx.o
 .debug_info    0x00000000000043ee      0x299 ./Core/Src/timer.o
 .debug_info    0x0000000000004687      0x68d ./Core/Src/uart.o
 .debug_info    0x0000000000004d14       0x23 ./Core/Startup/startup_stm32f103rbtx.o
 .debug_info    0x0000000000004d37      0x704 ./Drivers/STM32F1xx_HAL_Driver/Src/stm32f1xx_hal.o
 .debug_info    0x000000000000543b      0xa87 ./Drivers/STM32F1xx_HAL_Driver/Src/stm32f1xx_hal_cortex.o
 .debug_info    0x0000000000005ec2      0x6d2 ./Drivers/STM32F1xx_HAL_Driver/Src/stm32f1xx_hal_dma.o
 .debug_info    0x0000000000006594      0x5ab ./Drivers/STM32F1xx_HAL_Driver/Src/stm32f1xx_hal_gpio.o
 .debug_info    0x0000000000006b3f      0x7d5 ./Drivers/STM32F1xx_HAL_Driver/Src/stm32f1xx_hal_rcc.o
 .debug_info    0x0000000000007314     0x293b ./Drivers/STM32F1xx_HAL_Driver/Src/stm32f1xx_hal_tim.o
 .debug_info    0x0000000000009c4f     0x149b ./Drivers/STM32F1xx_HAL_Driver/Src/stm32f1xx_hal_tim_ex.o
 .debug_info    0x000000000000b0ea     0x2fa8 ./Drivers/STM32F1xx_HAL_Driver/Src/stm32f1xx_hal_uart.o

.debug_abbrev   0x0000000000000000     0x2619
 .debug_abbrev  0x0000000000000000      0x189 ./Core/Src/fsm_automatic.o
 .debug_abbrev  0x0000000000000189      0x176 ./Core/Src/fsm_manual.o
 .debug_abbrev  0x00000000000002ff      0x145 ./Core/Src/global.o
 .debug_abbrev  0x0000000000000444      0x1ba ./Core/Src/input_processing.o
 .debug_abbrev  0x00000000000005fe      0x152 ./Core/Src/input_reading.o
 .debug_abbrev  0x0000000000000750      0x330 ./Core/Src/main.o
 .debug_abbrev  0x0000000000000a80      0x1dd ./Core/Src/stm32f1xx_hal_msp.o
 .debug_abbrev  0x0000000000000c5d      0x19a ./Core/Src/stm32f1xx_it.o
 .debug_abbrev  0x0000000000000df7       0xbc ./Core/Src/sysmem.o
 .debug_abbrev  0x0000000000000eb3      0x13f ./Core/Src/system_stm32f1xx.o
 .debug_abbrev  0x0000000000000ff2       0xd3 ./Core/Src/timer.o
 .debug_abbrev  0x00000000000010c5      0x1d0 ./Core/Src/uart.o
 .debug_abbrev  0x0000000000001295       0x12 ./Core/Startup/startup_stm32f103rbtx.o
 .debug_abbrev  0x00000000000012a7      0x201 ./Drivers/STM32F1xx_HAL_Driver/Src/stm32f1xx_hal.o
 .debug_abbrev  0x00000000000014a8      0x2f8 ./Drivers/STM32F1xx_HAL_Driver/Src/stm32f1xx_hal_cortex.o
 .debug_abbrev  0x00000000000017a0      0x20b ./Drivers/STM32F1xx_HAL_Driver/Src/stm32f1xx_hal_dma.o
 .debug_abbrev  0x00000000000019ab      0x1ca ./Drivers/STM32F1xx_HAL_Driver/Src/stm32f1xx_hal_gpio.o
 .debug_abbrev  0x0000000000001b75      0x2b3 ./Drivers/STM32F1xx_HAL_Driver/Src/stm32f1xx_hal_rcc.o
 .debug_abbrev  0x0000000000001e28      0x277 ./Drivers/STM32F1xx_HAL_Driver/Src/stm32f1xx_hal_tim.o
 .debug_abbrev  0x000000000000209f      0x282 ./Drivers/STM32F1xx_HAL_Driver/Src/stm32f1xx_hal_tim_ex.o
 .debug_abbrev  0x0000000000002321      0x2f8 ./Drivers/STM32F1xx_HAL_Driver/Src/stm32f1xx_hal_uart.o

.debug_aranges  0x0000000000000000      0xdf0
 .debug_aranges
                0x0000000000000000       0x20 ./Core/Src/fsm_automatic.o
 .debug_aranges
                0x0000000000000020       0x30 ./Core/Src/fsm_manual.o
 .debug_aranges
                0x0000000000000050       0xa8 ./Core/Src/global.o
 .debug_aranges
                0x00000000000000f8       0x20 ./Core/Src/input_processing.o
 .debug_aranges
                0x0000000000000118       0x30 ./Core/Src/input_reading.o
 .debug_aranges
                0x0000000000000148       0x60 ./Core/Src/main.o
 .debug_aranges
                0x00000000000001a8       0x48 ./Core/Src/stm32f1xx_hal_msp.o
 .debug_aranges
                0x00000000000001f0       0x78 ./Core/Src/stm32f1xx_it.o
 .debug_aranges
                0x0000000000000268       0x20 ./Core/Src/sysmem.o
 .debug_aranges
                0x0000000000000288       0x28 ./Core/Src/system_stm32f1xx.o
 .debug_aranges
                0x00000000000002b0       0x58 ./Core/Src/timer.o
 .debug_aranges
                0x0000000000000308       0x38 ./Core/Src/uart.o
 .debug_aranges
                0x0000000000000340       0x28 ./Core/Startup/startup_stm32f103rbtx.o
 .debug_aranges
                0x0000000000000368       0xe0 ./Drivers/STM32F1xx_HAL_Driver/Src/stm32f1xx_hal.o
 .debug_aranges
                0x0000000000000448      0x100 ./Drivers/STM32F1xx_HAL_Driver/Src/stm32f1xx_hal_cortex.o
 .debug_aranges
                0x0000000000000548       0x80 ./Drivers/STM32F1xx_HAL_Driver/Src/stm32f1xx_hal_dma.o
 .debug_aranges
                0x00000000000005c8       0x58 ./Drivers/STM32F1xx_HAL_Driver/Src/stm32f1xx_hal_gpio.o
 .debug_aranges
                0x0000000000000620       0x90 ./Drivers/STM32F1xx_HAL_Driver/Src/stm32f1xx_hal_rcc.o
 .debug_aranges
                0x00000000000006b0      0x3d0 ./Drivers/STM32F1xx_HAL_Driver/Src/stm32f1xx_hal_tim.o
 .debug_aranges
                0x0000000000000a80      0x168 ./Drivers/STM32F1xx_HAL_Driver/Src/stm32f1xx_hal_tim_ex.o
 .debug_aranges
                0x0000000000000be8      0x208 ./Drivers/STM32F1xx_HAL_Driver/Src/stm32f1xx_hal_uart.o

.debug_rnglists
                0x0000000000000000      0xac7
 .debug_rnglists
                0x0000000000000000       0x14 ./Core/Src/fsm_automatic.o
 .debug_rnglists
                0x0000000000000014       0x22 ./Core/Src/fsm_manual.o
 .debug_rnglists
                0x0000000000000036       0x7c ./Core/Src/global.o
 .debug_rnglists
                0x00000000000000b2       0x14 ./Core/Src/input_processing.o
 .debug_rnglists
                0x00000000000000c6       0x20 ./Core/Src/input_reading.o
 .debug_rnglists
                0x00000000000000e6       0x47 ./Core/Src/main.o
 .debug_rnglists
                0x000000000000012d       0x33 ./Core/Src/stm32f1xx_hal_msp.o
 .debug_rnglists
                0x0000000000000160       0x55 ./Core/Src/stm32f1xx_it.o
 .debug_rnglists
                0x00000000000001b5       0x13 ./Core/Src/sysmem.o
 .debug_rnglists
                0x00000000000001c8       0x1a ./Core/Src/system_stm32f1xx.o
 .debug_rnglists
                0x00000000000001e2       0x3e ./Core/Src/timer.o
 .debug_rnglists
                0x0000000000000220       0x26 ./Core/Src/uart.o
 .debug_rnglists
                0x0000000000000246       0x19 ./Core/Startup/startup_stm32f103rbtx.o
 .debug_rnglists
                0x000000000000025f       0xa3 ./Drivers/STM32F1xx_HAL_Driver/Src/stm32f1xx_hal.o
 .debug_rnglists
                0x0000000000000302       0xbb ./Drivers/STM32F1xx_HAL_Driver/Src/stm32f1xx_hal_cortex.o
 .debug_rnglists
                0x00000000000003bd       0x64 ./Drivers/STM32F1xx_HAL_Driver/Src/stm32f1xx_hal_dma.o
 .debug_rnglists
                0x0000000000000421       0x3f ./Drivers/STM32F1xx_HAL_Driver/Src/stm32f1xx_hal_gpio.o
 .debug_rnglists
                0x0000000000000460       0x6c ./Drivers/STM32F1xx_HAL_Driver/Src/stm32f1xx_hal_rcc.o
 .debug_rnglists
                0x00000000000004cc      0x31a ./Drivers/STM32F1xx_HAL_Driver/Src/stm32f1xx_hal_tim.o
 .debug_rnglists
                0x00000000000007e6      0x125 ./Drivers/STM32F1xx_HAL_Driver/Src/stm32f1xx_hal_tim_ex.o
 .debug_rnglists
                0x000000000000090b      0x1bc ./Drivers/STM32F1xx_HAL_Driver/Src/stm32f1xx_hal_uart.o

.debug_macro    0x0000000000000000    0x17f18
 .debug_macro   0x0000000000000000      0x1e2 ./Core/Src/fsm_automatic.o
 .debug_macro   0x00000000000001e2      0xa9c ./Core/Src/fsm_automatic.o
 .debug_macro   0x0000000000000c7e      0x21b ./Core/Src/fsm_automatic.o
 .debug_macro   0x0000000000000e99       0x2e ./Core/Src/fsm_automatic.o
 .debug_macro   0x0000000000000ec7       0x22 ./Core/Src/fsm_automatic.o
 .debug_macro   0x0000000000000ee9       0x22 ./Core/Src/fsm_automatic.o
 .debug_macro   0x0000000000000f0b       0x8e ./Core/Src/fsm_automatic.o
 .debug_macro   0x0000000000000f99       0x51 ./Core/Src/fsm_automatic.o
 .debug_macro   0x0000000000000fea      0x103 ./Core/Src/fsm_automatic.o
 .debug_macro   0x00000000000010ed       0x6a ./Core/Src/fsm_automatic.o
 .debug_macro   0x0000000000001157      0x1df ./Core/Src/fsm_automatic.o
 .debug_macro   0x0000000000001336       0x1c ./Core/Src/fsm_automatic.o
 .debug_macro   0x0000000000001352       0x22 ./Core/Src/fsm_automatic.o
 .debug_macro   0x0000000000001374       0xbd ./Core/Src/fsm_automatic.o
 .debug_macro   0x0000000000001431      0xd23 ./Core/Src/fsm_automatic.o
 .debug_macro   0x0000000000002154     0xe09e ./Core/Src/fsm_automatic.o
 .debug_macro   0x00000000000101f2       0x6d ./Core/Src/fsm_automatic.o
 .debug_macro   0x000000000001025f     0x348d ./Core/Src/fsm_automatic.o
 .debug_macro   0x00000000000136ec      0x174 ./Core/Src/fsm_automatic.o
 .debug_macro   0x0000000000013860       0x5c ./Core/Src/fsm_automatic.o
 .debug_macro   0x00000000000138bc      0x5bc ./Core/Src/fsm_automatic.o
 .debug_macro   0x0000000000013e78      0x289 ./Core/Src/fsm_automatic.o
 .debug_macro   0x0000000000014101      0x1cb ./Core/Src/fsm_automatic.o
 .debug_macro   0x00000000000142cc      0x114 ./Core/Src/fsm_automatic.o
 .debug_macro   0x00000000000143e0      0x1b2 ./Core/Src/fsm_automatic.o
 .debug_macro   0x0000000000014592       0x27 ./Core/Src/fsm_automatic.o
 .debug_macro   0x00000000000145b9      0x136 ./Core/Src/fsm_automatic.o
 .debug_macro   0x00000000000146ef      0x1bc ./Core/Src/fsm_automatic.o
 .debug_macro   0x00000000000148ab       0x34 ./Core/Src/fsm_automatic.o
 .debug_macro   0x00000000000148df       0x3c ./Core/Src/fsm_automatic.o
 .debug_macro   0x000000000001491b       0x57 ./Core/Src/fsm_automatic.o
 .debug_macro   0x0000000000014972       0x87 ./Core/Src/fsm_automatic.o
 .debug_macro   0x00000000000149f9      0x240 ./Core/Src/fsm_automatic.o
 .debug_macro   0x0000000000014c39      0x140 ./Core/Src/fsm_automatic.o
 .debug_macro   0x0000000000014d79      0x8ed ./Core/Src/fsm_automatic.o
 .debug_macro   0x0000000000015666      0x28e ./Core/Src/fsm_automatic.o
 .debug_macro   0x00000000000158f4       0x83 ./Core/Src/fsm_automatic.o
 .debug_macro   0x0000000000015977       0x7c ./Core/Src/fsm_automatic.o
 .debug_macro   0x00000000000159f3       0x64 ./Core/Src/fsm_automatic.o
 .debug_macro   0x0000000000015a57       0x28 ./Core/Src/fsm_automatic.o
 .debug_macro   0x0000000000015a7f      0x1d8 ./Core/Src/fsm_manual.o
 .debug_macro   0x0000000000015c57      0x1c5 ./Core/Src/global.o
 .debug_macro   0x0000000000015e1c      0x1e2 ./Core/Src/input_processing.o
 .debug_macro   0x0000000000015ffe      0x1d0 ./Core/Src/input_reading.o
 .debug_macro   0x00000000000161ce      0x1f6 ./Core/Src/main.o
 .debug_macro   0x00000000000163c4      0x1b2 ./Core/Src/stm32f1xx_hal_msp.o
 .debug_macro   0x0000000000016576      0x1bc ./Core/Src/stm32f1xx_it.o
 .debug_macro   0x0000000000016732       0xff ./Core/Src/sysmem.o
 .debug_macro   0x0000000000016831      0x23c ./Core/Src/sysmem.o
 .debug_macro   0x0000000000016a6d      0x1a3 ./Core/Src/system_stm32f1xx.o
 .debug_macro   0x0000000000016c10      0x1bc ./Core/Src/timer.o
 .debug_macro   0x0000000000016dcc      0x2e4 ./Core/Src/uart.o
 .debug_macro   0x00000000000170b0       0x61 ./Core/Src/uart.o
 .debug_macro   0x0000000000017111       0x10 ./Core/Src/uart.o
 .debug_macro   0x0000000000017121       0x20 ./Core/Src/uart.o
 .debug_macro   0x0000000000017141       0x1c ./Core/Src/uart.o
 .debug_macro   0x000000000001715d      0x1c7 ./Drivers/STM32F1xx_HAL_Driver/Src/stm32f1xx_hal.o
 .debug_macro   0x0000000000017324      0x1a3 ./Drivers/STM32F1xx_HAL_Driver/Src/stm32f1xx_hal_cortex.o
 .debug_macro   0x00000000000174c7      0x1a3 ./Drivers/STM32F1xx_HAL_Driver/Src/stm32f1xx_hal_dma.o
 .debug_macro   0x000000000001766a      0x20e ./Drivers/STM32F1xx_HAL_Driver/Src/stm32f1xx_hal_gpio.o
 .debug_macro   0x0000000000017878      0x1b5 ./Drivers/STM32F1xx_HAL_Driver/Src/stm32f1xx_hal_rcc.o
 .debug_macro   0x0000000000017a2d      0x1a4 ./Drivers/STM32F1xx_HAL_Driver/Src/stm32f1xx_hal_tim.o
 .debug_macro   0x0000000000017bd1      0x1a3 ./Drivers/STM32F1xx_HAL_Driver/Src/stm32f1xx_hal_tim_ex.o
 .debug_macro   0x0000000000017d74      0x1a4 ./Drivers/STM32F1xx_HAL_Driver/Src/stm32f1xx_hal_uart.o

.debug_line     0x0000000000000000    0x1141a
 .debug_line    0x0000000000000000      0x7fe ./Core/Src/fsm_automatic.o
 .debug_line    0x00000000000007fe      0x7dc ./Core/Src/fsm_manual.o
 .debug_line    0x0000000000000fda      0x9c9 ./Core/Src/global.o
 .debug_line    0x00000000000019a3      0x99c ./Core/Src/input_processing.o
 .debug_line    0x000000000000233f      0x781 ./Core/Src/input_reading.o
 .debug_line    0x0000000000002ac0      0x966 ./Core/Src/main.o
 .debug_line    0x0000000000003426      0x7d5 ./Core/Src/stm32f1xx_hal_msp.o
 .debug_line    0x0000000000003bfb      0x7ff ./Core/Src/stm32f1xx_it.o
 .debug_line    0x00000000000043fa      0x56f ./Core/Src/sysmem.o
 .debug_line    0x0000000000004969      0x773 ./Core/Src/system_stm32f1xx.o
 .debug_line    0x00000000000050dc      0x854 ./Core/Src/timer.o
 .debug_line    0x0000000000005930      0x916 ./Core/Src/uart.o
 .debug_line    0x0000000000006246       0x78 ./Core/Startup/startup_stm32f103rbtx.o
 .debug_line    0x00000000000062be      0x9a0 ./Drivers/STM32F1xx_HAL_Driver/Src/stm32f1xx_hal.o
 .debug_line    0x0000000000006c5e      0xb88 ./Drivers/STM32F1xx_HAL_Driver/Src/stm32f1xx_hal_cortex.o
 .debug_line    0x00000000000077e6      0xdf9 ./Drivers/STM32F1xx_HAL_Driver/Src/stm32f1xx_hal_dma.o
 .debug_line    0x00000000000085df      0xa39 ./Drivers/STM32F1xx_HAL_Driver/Src/stm32f1xx_hal_gpio.o
 .debug_line    0x0000000000009018      0xda9 ./Drivers/STM32F1xx_HAL_Driver/Src/stm32f1xx_hal_rcc.o
 .debug_line    0x0000000000009dc1     0x348c ./Drivers/STM32F1xx_HAL_Driver/Src/stm32f1xx_hal_tim.o
 .debug_line    0x000000000000d24d     0x18ff ./Drivers/STM32F1xx_HAL_Driver/Src/stm32f1xx_hal_tim_ex.o
 .debug_line    0x000000000000eb4c     0x28ce ./Drivers/STM32F1xx_HAL_Driver/Src/stm32f1xx_hal_uart.o

.debug_str      0x0000000000000000    0x8ac5a
 .debug_str     0x0000000000000000    0x83968 ./Core/Src/fsm_automatic.o
                                      0x83d09 (size before relaxing)
 .debug_str     0x0000000000083968       0xcc ./Core/Src/fsm_manual.o
                                      0x83d15 (size before relaxing)
 .debug_str     0x0000000000083a34      0x19d ./Core/Src/global.o
                                      0x83a1d (size before relaxing)
 .debug_str     0x0000000000083bd1      0x114 ./Core/Src/input_processing.o
                                      0x83de2 (size before relaxing)
 .debug_str     0x0000000000083ce5      0x141 ./Core/Src/input_reading.o
                                      0x838ee (size before relaxing)
 .debug_str     0x0000000000083e26      0x6a7 ./Core/Src/main.o
                                      0x8446c (size before relaxing)
 .debug_str     0x00000000000844cd      0x379 ./Core/Src/stm32f1xx_hal_msp.o
                                      0x8428b (size before relaxing)
 .debug_str     0x0000000000084846      0x122 ./Core/Src/stm32f1xx_it.o
                                      0x83f2b (size before relaxing)
 .debug_str     0x0000000000084968     0x202f ./Core/Src/sysmem.o
                                       0x5fe7 (size before relaxing)
 .debug_str     0x0000000000086997       0x7e ./Core/Src/system_stm32f1xx.o
                                      0x835ee (size before relaxing)
 .debug_str     0x0000000000086a15       0xd4 ./Core/Src/timer.o
                                      0x8384f (size before relaxing)
 .debug_str     0x0000000000086ae9     0x1c5e ./Core/Src/uart.o
                                      0x87489 (size before relaxing)
 .debug_str     0x0000000000088747       0x34 ./Core/Startup/startup_stm32f103rbtx.o
                                         0x51 (size before relaxing)
 .debug_str     0x000000000008877b      0x38e ./Drivers/STM32F1xx_HAL_Driver/Src/stm32f1xx_hal.o
                                      0x83d21 (size before relaxing)
 .debug_str     0x0000000000088b09      0x294 ./Drivers/STM32F1xx_HAL_Driver/Src/stm32f1xx_hal_cortex.o
                                      0x83c6d (size before relaxing)
 .debug_str     0x0000000000088d9d      0x235 ./Drivers/STM32F1xx_HAL_Driver/Src/stm32f1xx_hal_dma.o
                                      0x83997 (size before relaxing)
 .debug_str     0x0000000000088fd2      0x2d0 ./Drivers/STM32F1xx_HAL_Driver/Src/stm32f1xx_hal_gpio.o
                                      0x83974 (size before relaxing)
 .debug_str     0x00000000000892a2      0x229 ./Drivers/STM32F1xx_HAL_Driver/Src/stm32f1xx_hal_rcc.o
                                      0x83a1d (size before relaxing)
 .debug_str     0x00000000000894cb      0xd0b ./Drivers/STM32F1xx_HAL_Driver/Src/stm32f1xx_hal_tim.o
                                      0x84a0f (size before relaxing)
 .debug_str     0x000000000008a1d6      0x493 ./Drivers/STM32F1xx_HAL_Driver/Src/stm32f1xx_hal_tim_ex.o
                                      0x8422b (size before relaxing)
 .debug_str     0x000000000008a669      0x5f1 ./Drivers/STM32F1xx_HAL_Driver/Src/stm32f1xx_hal_uart.o
                                      0x8408e (size before relaxing)

.debug_frame    0x0000000000000000     0x3ce8
 .debug_frame   0x0000000000000000       0x2c ./Core/Src/fsm_automatic.o
 .debug_frame   0x000000000000002c       0x64 ./Core/Src/fsm_manual.o
 .debug_frame   0x0000000000000090      0x208 ./Core/Src/global.o
 .debug_frame   0x0000000000000298       0x2c ./Core/Src/input_processing.o
 .debug_frame   0x00000000000002c4       0x84 ./Core/Src/input_reading.o
 .debug_frame   0x0000000000000348      0x13c ./Core/Src/main.o
 .debug_frame   0x0000000000000484       0xec ./Core/Src/stm32f1xx_hal_msp.o
 .debug_frame   0x0000000000000570      0x158 ./Core/Src/stm32f1xx_it.o
 .debug_frame   0x00000000000006c8       0x34 ./Core/Src/sysmem.o
 .debug_frame   0x00000000000006fc       0x58 ./Core/Src/system_stm32f1xx.o
 .debug_frame   0x0000000000000754      0x148 ./Core/Src/timer.o
 .debug_frame   0x000000000000089c       0xa0 ./Core/Src/uart.o
 .debug_frame   0x000000000000093c      0x334 ./Drivers/STM32F1xx_HAL_Driver/Src/stm32f1xx_hal.o
 .debug_frame   0x0000000000000c70      0x428 ./Drivers/STM32F1xx_HAL_Driver/Src/stm32f1xx_hal_cortex.o
 .debug_frame   0x0000000000001098      0x208 ./Drivers/STM32F1xx_HAL_Driver/Src/stm32f1xx_hal_dma.o
 .debug_frame   0x00000000000012a0      0x14c ./Drivers/STM32F1xx_HAL_Driver/Src/stm32f1xx_hal_gpio.o
 .debug_frame   0x00000000000013ec      0x218 ./Drivers/STM32F1xx_HAL_Driver/Src/stm32f1xx_hal_rcc.o
 .debug_frame   0x0000000000001604     0x11bc ./Drivers/STM32F1xx_HAL_Driver/Src/stm32f1xx_hal_tim.o
 .debug_frame   0x00000000000027c0      0x638 ./Drivers/STM32F1xx_HAL_Driver/Src/stm32f1xx_hal_tim_ex.o
 .debug_frame   0x0000000000002df8      0x944 ./Drivers/STM32F1xx_HAL_Driver/Src/stm32f1xx_hal_uart.o
 .debug_frame   0x000000000000373c      0x144 E:/STM32CubeIDE_1.7.0/STM32CubeIDE/plugins/com.st.stm32cube.ide.mcu.externaltools.gnu-tools-for-stm32.11.3.rel1.win32_1.1.100.202309141235/tools/bin/../lib/gcc/arm-none-eabi/11.3.1/../../../../arm-none-eabi/lib/thumb/v7-m/nofp\libc_nano.a(libc_a-findfp.o)
 .debug_frame   0x0000000000003880       0x6c E:/STM32CubeIDE_1.7.0/STM32CubeIDE/plugins/com.st.stm32cube.ide.mcu.externaltools.gnu-tools-for-stm32.11.3.rel1.win32_1.1.100.202309141235/tools/bin/../lib/gcc/arm-none-eabi/11.3.1/../../../../arm-none-eabi/lib/thumb/v7-m/nofp\libc_nano.a(libc_a-sprintf.o)
 .debug_frame   0x00000000000038ec       0x20 E:/STM32CubeIDE_1.7.0/STM32CubeIDE/plugins/com.st.stm32cube.ide.mcu.externaltools.gnu-tools-for-stm32.11.3.rel1.win32_1.1.100.202309141235/tools/bin/../lib/gcc/arm-none-eabi/11.3.1/../../../../arm-none-eabi/lib/thumb/v7-m/nofp\libc_nano.a(libc_a-memset.o)
 .debug_frame   0x000000000000390c       0x38 E:/STM32CubeIDE_1.7.0/STM32CubeIDE/plugins/com.st.stm32cube.ide.mcu.externaltools.gnu-tools-for-stm32.11.3.rel1.win32_1.1.100.202309141235/tools/bin/../lib/gcc/arm-none-eabi/11.3.1/../../../../arm-none-eabi/lib/thumb/v7-m/nofp\libc_nano.a(libc_a-reent.o)
 .debug_frame   0x0000000000003944       0x20 E:/STM32CubeIDE_1.7.0/STM32CubeIDE/plugins/com.st.stm32cube.ide.mcu.externaltools.gnu-tools-for-stm32.11.3.rel1.win32_1.1.100.202309141235/tools/bin/../lib/gcc/arm-none-eabi/11.3.1/../../../../arm-none-eabi/lib/thumb/v7-m/nofp\libc_nano.a(libc_a-errno.o)
 .debug_frame   0x0000000000003964       0x2c E:/STM32CubeIDE_1.7.0/STM32CubeIDE/plugins/com.st.stm32cube.ide.mcu.externaltools.gnu-tools-for-stm32.11.3.rel1.win32_1.1.100.202309141235/tools/bin/../lib/gcc/arm-none-eabi/11.3.1/../../../../arm-none-eabi/lib/thumb/v7-m/nofp\libc_nano.a(libc_a-init.o)
 .debug_frame   0x0000000000003990       0xb0 E:/STM32CubeIDE_1.7.0/STM32CubeIDE/plugins/com.st.stm32cube.ide.mcu.externaltools.gnu-tools-for-stm32.11.3.rel1.win32_1.1.100.202309141235/tools/bin/../lib/gcc/arm-none-eabi/11.3.1/../../../../arm-none-eabi/lib/thumb/v7-m/nofp\libc_nano.a(libc_a-lock.o)
 .debug_frame   0x0000000000003a40       0x38 E:/STM32CubeIDE_1.7.0/STM32CubeIDE/plugins/com.st.stm32cube.ide.mcu.externaltools.gnu-tools-for-stm32.11.3.rel1.win32_1.1.100.202309141235/tools/bin/../lib/gcc/arm-none-eabi/11.3.1/../../../../arm-none-eabi/lib/thumb/v7-m/nofp\libc_nano.a(libc_a-freer.o)
 .debug_frame   0x0000000000003a78       0x50 E:/STM32CubeIDE_1.7.0/STM32CubeIDE/plugins/com.st.stm32cube.ide.mcu.externaltools.gnu-tools-for-stm32.11.3.rel1.win32_1.1.100.202309141235/tools/bin/../lib/gcc/arm-none-eabi/11.3.1/../../../../arm-none-eabi/lib/thumb/v7-m/nofp\libc_nano.a(libc_a-mallocr.o)
 .debug_frame   0x0000000000003ac8       0x30 E:/STM32CubeIDE_1.7.0/STM32CubeIDE/plugins/com.st.stm32cube.ide.mcu.externaltools.gnu-tools-for-stm32.11.3.rel1.win32_1.1.100.202309141235/tools/bin/../lib/gcc/arm-none-eabi/11.3.1/../../../../arm-none-eabi/lib/thumb/v7-m/nofp\libc_nano.a(libc_a-mlock.o)
 .debug_frame   0x0000000000003af8       0x90 E:/STM32CubeIDE_1.7.0/STM32CubeIDE/plugins/com.st.stm32cube.ide.mcu.externaltools.gnu-tools-for-stm32.11.3.rel1.win32_1.1.100.202309141235/tools/bin/../lib/gcc/arm-none-eabi/11.3.1/../../../../arm-none-eabi/lib/thumb/v7-m/nofp\libc_nano.a(libc_a-nano-svfprintf.o)
 .debug_frame   0x0000000000003b88       0x60 E:/STM32CubeIDE_1.7.0/STM32CubeIDE/plugins/com.st.stm32cube.ide.mcu.externaltools.gnu-tools-for-stm32.11.3.rel1.win32_1.1.100.202309141235/tools/bin/../lib/gcc/arm-none-eabi/11.3.1/../../../../arm-none-eabi/lib/thumb/v7-m/nofp\libc_nano.a(libc_a-nano-vfprintf_i.o)
 .debug_frame   0x0000000000003be8       0x28 E:/STM32CubeIDE_1.7.0/STM32CubeIDE/plugins/com.st.stm32cube.ide.mcu.externaltools.gnu-tools-for-stm32.11.3.rel1.win32_1.1.100.202309141235/tools/bin/../lib/gcc/arm-none-eabi/11.3.1/../../../../arm-none-eabi/lib/thumb/v7-m/nofp\libc_nano.a(libc_a-memmove.o)
 .debug_frame   0x0000000000003c10       0x2c E:/STM32CubeIDE_1.7.0/STM32CubeIDE/plugins/com.st.stm32cube.ide.mcu.externaltools.gnu-tools-for-stm32.11.3.rel1.win32_1.1.100.202309141235/tools/bin/../lib/gcc/arm-none-eabi/11.3.1/../../../../arm-none-eabi/lib/thumb/v7-m/nofp\libc_nano.a(libc_a-sbrkr.o)
 .debug_frame   0x0000000000003c3c       0x28 E:/STM32CubeIDE_1.7.0/STM32CubeIDE/plugins/com.st.stm32cube.ide.mcu.externaltools.gnu-tools-for-stm32.11.3.rel1.win32_1.1.100.202309141235/tools/bin/../lib/gcc/arm-none-eabi/11.3.1/../../../../arm-none-eabi/lib/thumb/v7-m/nofp\libc_nano.a(libc_a-memchr-stub.o)
 .debug_frame   0x0000000000003c64       0x28 E:/STM32CubeIDE_1.7.0/STM32CubeIDE/plugins/com.st.stm32cube.ide.mcu.externaltools.gnu-tools-for-stm32.11.3.rel1.win32_1.1.100.202309141235/tools/bin/../lib/gcc/arm-none-eabi/11.3.1/../../../../arm-none-eabi/lib/thumb/v7-m/nofp\libc_nano.a(libc_a-memcpy-stub.o)
 .debug_frame   0x0000000000003c8c       0x3c E:/STM32CubeIDE_1.7.0/STM32CubeIDE/plugins/com.st.stm32cube.ide.mcu.externaltools.gnu-tools-for-stm32.11.3.rel1.win32_1.1.100.202309141235/tools/bin/../lib/gcc/arm-none-eabi/11.3.1/../../../../arm-none-eabi/lib/thumb/v7-m/nofp\libc_nano.a(libc_a-reallocr.o)
 .debug_frame   0x0000000000003cc8       0x20 E:/STM32CubeIDE_1.7.0/STM32CubeIDE/plugins/com.st.stm32cube.ide.mcu.externaltools.gnu-tools-for-stm32.11.3.rel1.win32_1.1.100.202309141235/tools/bin/../lib/gcc/arm-none-eabi/11.3.1/../../../../arm-none-eabi/lib/thumb/v7-m/nofp\libc_nano.a(libc_a-msizer.o)

.debug_line_str
                0x0000000000000000       0x45
 .debug_line_str
                0x0000000000000000       0x45 ./Core/Startup/startup_stm32f103rbtx.o
                                         0x5d (size before relaxing)