Archive member included to satisfy reference by file (symbol)

E:/STM32CubeIDE_1.7.0/STM32CubeIDE/plugins/com.st.stm32cube.ide.mcu.externaltools.gnu-tools-for-stm32.11.3.rel1.win32_1.1.100.202309141235/tools/bin/../lib/gcc/arm-none-eabi/11.3.1/../../../../arm-none-eabi/lib/thumb/v7-m/nofp\libc_nano.a(libc_a-exit.o)
                              E:/STM32CubeIDE_1.7.0/STM32CubeIDE/plugins/com.st.stm32cube.ide.mcu.externaltools.gnu-tools-for-stm32.11.3.rel1.win32_1.1.100.202309141235/tools/bin/../lib/gcc/arm-none-eabi/11.3.1/../../../../arm-none-eabi/lib/thumb/v7-m/nofp/crt0.o (exit)
E:/STM32CubeIDE_1.7.0/STM32CubeIDE/plugins/com.st.stm32cube.ide.mcu.externaltools.gnu-tools-for-stm32.11.3.rel1.win32_1.1.100.202309141235/tools/bin/../lib/gcc/arm-none-eabi/11.3.1/../../../../arm-none-eabi/lib/thumb/v7-m/nofp\libc_nano.a(libc_a-findfp.o)
                              E:/STM32CubeIDE_1.7.0/STM32CubeIDE/plugins/com.st.stm32cube.ide.mcu.externaltools.gnu-tools-for-stm32.11.3.rel1.win32_1.1.100.202309141235/tools/bin/../lib/gcc/arm-none-eabi/11.3.1/../../../../arm-none-eabi/lib/thumb/v7-m/nofp\libc_nano.a(libc_a-exit.o) (__stdio_exit_handler)
E:/STM32CubeIDE_1.7.0/STM32CubeIDE/plugins/com.st.stm32cube.ide.mcu.externaltools.gnu-tools-for-stm32.11.3.rel1.win32_1.1.100.202309141235/tools/bin/../lib/gcc/arm-none-eabi/11.3.1/../../../../arm-none-eabi/lib/thumb/v7-m/nofp\libc_nano.a(libc_a-fwalk.o)
                              E:/STM32CubeIDE_1.7.0/STM32CubeIDE/plugins/com.st.stm32cube.ide.mcu.externaltools.gnu-tools-for-stm32.11.3.rel1.win32_1.1.100.202309141235/tools/bin/../lib/gcc/arm-none-eabi/11.3.1/../../../../arm-none-eabi/lib/thumb/v7-m/nofp\libc_nano.a(libc_a-findfp.o) (_fwalk_sglue)
E:/STM32CubeIDE_1.7.0/STM32CubeIDE/plugins/com.st.stm32cube.ide.mcu.externaltools.gnu-tools-for-stm32.11.3.rel1.win32_1.1.100.202309141235/tools/bin/../lib/gcc/arm-none-eabi/11.3.1/../../../../arm-none-eabi/lib/thumb/v7-m/nofp\libc_nano.a(libc_a-stdio.o)
                              E:/STM32CubeIDE_1.7.0/STM32CubeIDE/plugins/com.st.stm32cube.ide.mcu.externaltools.gnu-tools-for-stm32.11.3.rel1.win32_1.1.100.202309141235/tools/bin/../lib/gcc/arm-none-eabi/11.3.1/../../../../arm-none-eabi/lib/thumb/v7-m/nofp\libc_nano.a(libc_a-findfp.o) (__sread)
E:/STM32CubeIDE_1.7.0/STM32CubeIDE/plugins/com.st.stm32cube.ide.mcu.externaltools.gnu-tools-for-stm32.11.3.rel1.win32_1.1.100.202309141235/tools/bin/../lib/gcc/arm-none-eabi/11.3.1/../../../../arm-none-eabi/lib/thumb/v7-m/nofp\libc_nano.a(libc_a-memset.o)
                              E:/STM32CubeIDE_1.7.0/STM32CubeIDE/plugins/com.st.stm32cube.ide.mcu.externaltools.gnu-tools-for-stm32.11.3.rel1.win32_1.1.100.202309141235/tools/bin/../lib/gcc/arm-none-eabi/11.3.1/../../../../arm-none-eabi/lib/thumb/v7-m/nofp/crt0.o (memset)
E:/STM32CubeIDE_1.7.0/STM32CubeIDE/plugins/com.st.stm32cube.ide.mcu.externaltools.gnu-tools-for-stm32.11.3.rel1.win32_1.1.100.202309141235/tools/bin/../lib/gcc/arm-none-eabi/11.3.1/../../../../arm-none-eabi/lib/thumb/v7-m/nofp\libc_nano.a(libc_a-closer.o)
                              E:/STM32CubeIDE_1.7.0/STM32CubeIDE/plugins/com.st.stm32cube.ide.mcu.externaltools.gnu-tools-for-stm32.11.3.rel1.win32_1.1.100.202309141235/tools/bin/../lib/gcc/arm-none-eabi/11.3.1/../../../../arm-none-eabi/lib/thumb/v7-m/nofp\libc_nano.a(libc_a-stdio.o) (_close_r)
E:/STM32CubeIDE_1.7.0/STM32CubeIDE/plugins/com.st.stm32cube.ide.mcu.externaltools.gnu-tools-for-stm32.11.3.rel1.win32_1.1.100.202309141235/tools/bin/../lib/gcc/arm-none-eabi/11.3.1/../../../../arm-none-eabi/lib/thumb/v7-m/nofp\libc_nano.a(libc_a-reent.o)
                              E:/STM32CubeIDE_1.7.0/STM32CubeIDE/plugins/com.st.stm32cube.ide.mcu.externaltools.gnu-tools-for-stm32.11.3.rel1.win32_1.1.100.202309141235/tools/bin/../lib/gcc/arm-none-eabi/11.3.1/../../../../arm-none-eabi/lib/thumb/v7-m/nofp\libc_nano.a(libc_a-closer.o) (errno)
E:/STM32CubeIDE_1.7.0/STM32CubeIDE/plugins/com.st.stm32cube.ide.mcu.externaltools.gnu-tools-for-stm32.11.3.rel1.win32_1.1.100.202309141235/tools/bin/../lib/gcc/arm-none-eabi/11.3.1/../../../../arm-none-eabi/lib/thumb/v7-m/nofp\libc_nano.a(libc_a-impure.o)
                              E:/STM32CubeIDE_1.7.0/STM32CubeIDE/plugins/com.st.stm32cube.ide.mcu.externaltools.gnu-tools-for-stm32.11.3.rel1.win32_1.1.100.202309141235/tools/bin/../lib/gcc/arm-none-eabi/11.3.1/../../../../arm-none-eabi/lib/thumb/v7-m/nofp\libc_nano.a(libc_a-reent.o) (_impure_ptr)
E:/STM32CubeIDE_1.7.0/STM32CubeIDE/plugins/com.st.stm32cube.ide.mcu.externaltools.gnu-tools-for-stm32.11.3.rel1.win32_1.1.100.202309141235/tools/bin/../lib/gcc/arm-none-eabi/11.3.1/../../../../arm-none-eabi/lib/thumb/v7-m/nofp\libc_nano.a(libc_a-lseekr.o)
                              E:/STM32CubeIDE_1.7.0/STM32CubeIDE/plugins/com.st.stm32cube.ide.mcu.externaltools.gnu-tools-for-stm32.11.3.rel1.win32_1.1.100.202309141235/tools/bin/../lib/gcc/arm-none-eabi/11.3.1/../../../../arm-none-eabi/lib/thumb/v7-m/nofp\libc_nano.a(libc_a-stdio.o) (_lseek_r)
[...]
Memory Configuration

Name             Origin             Length             Attributes
RAM              0x0000000020000000 0x0000000000005000 xrw
FLASH            0x0000000008000000 0x0000000000020000 xr
*default*        0x0000000000000000 0xffffffffffffffff

Linker script and memory map

LOAD E:/STM32CubeIDE_1.7.0/STM32CubeIDE/plugins/com.st.stm32cube.ide.mcu.externaltools.gnu-tools-for-stm32.11.3.rel1.win32_1.1.100.202309141235/tools/bin/../lib/gcc/arm-none-eabi/11.3.1/thumb/v7-m/nofp/crti.o
LOAD E:/STM32CubeIDE_1.7.0/STM32CubeIDE/plugins/com.st.stm32cube.ide.mcu.externaltools.gnu-tools-for-stm32.11.3.rel1.win32_1.1.100.202309141235/tools/bin/../lib/gcc/arm-none-eabi/11.3.1/thumb/v7-m/nofp/crtbegin.o
LOAD E:/STM32CubeIDE_1.7.0/STM32CubeIDE/plugins/com.st.stm32cube.ide.mcu.externaltools.gnu-tools-for-stm32.11.3.rel1.win32_1.1.100.202309141235/tools/bin/../lib/gcc/arm-none-eabi/11.3.1/../../../../arm-none-eabi/lib/thumb/v7-m/nofp/crt0.o
LOAD ./Core/Src/fsm_automatic.o
LOAD ./Core/Src/fsm_manual.o
LOAD ./Core/Src/global.o
LOAD ./Core/Src/input_processing.o
LOAD ./Core/Src/input_reading.o
LOAD ./Core/Src/main.o
LOAD ./Core/Src/stm32f1xx_hal_msp.o
LOAD ./Core/Src/stm32f1xx_it.o
LOAD ./Core/Src/syscalls.o
LOAD ./Core/Src/sysmem.o
LOAD ./Core/Src/system_stm32f1xx.o
LOAD ./Core/Src/timer.o
LOAD ./Core/Startup/startup_stm32f103rbtx.o
LOAD ./Drivers/STM32F1xx_HAL_Driver/Src/stm32f1xx_hal.o
LOAD ./Drivers/STM32F1xx_HAL_Driver/Src/stm32f1xx_hal_cortex.o
LOAD ./Drivers/STM32F1xx_HAL_Driver/Src/stm32f1xx_hal_dma.o
LOAD ./Drivers/STM32F1xx_HAL_Driver/Src/stm32f1xx_hal_exti.o
LOAD ./Drivers/STM32F1xx_HAL_Driver/Src/stm32f1xx_hal_flash.o
LOAD ./Drivers/STM32F1xx_HAL_Driver/Src/stm32f1xx_hal_flash_ex.o
LOAD ./Drivers/STM32F1xx_HAL_Driver/Src/stm32f1xx_hal_gpio.o
LOAD ./Drivers/STM32F1xx_HAL_Driver/Src/stm32f1xx_hal_gpio_ex.o
LOAD ./Drivers/STM32F1xx_HAL_Driver/Src/stm32f1xx_hal_pwr.o
LOAD ./Drivers/STM32F1xx_HAL_Driver/Src/stm32f1xx_hal_rcc.o
LOAD ./Drivers/STM32F1xx_HAL_Driver/Src/stm32f1xx_hal_rcc_ex.o
LOAD ./Drivers/STM32F1xx_HAL_Driver/Src/stm32f1xx_hal_tim.o
LOAD ./Drivers/STM32F1xx_HAL_Driver/Src/stm32f1xx_hal_tim_ex.o
START GROUP
LOAD E:/STM32CubeIDE_1.7.0/STM32CubeIDE/plugins/com.st.stm32cube.ide.mcu.externaltools.gnu-tools-for-stm32.11.3.rel1.win32_1.1.100.202309141235/tools/bin/../lib/gcc/arm-none-eabi/11.3.1/../../../../arm-none-eabi/lib/thumb/v7-m/nofp\libc_nano.a
LOAD E:/STM32CubeIDE_1.7.0/STM32CubeIDE/plugins/com.st.stm32cube.ide.mcu.externaltools.gnu-tools-for-stm32.11.3.rel1.win32_1.1.100.202309141235/tools/bin/../lib/gcc/arm-none-eabi/11.3.1/../../../../arm-none-eabi/lib/thumb/v7-m/nofp\libm.a
END GROUP
START GROUP
LOAD E:/STM32CubeIDE_1.7.0/STM32CubeIDE/plugins/com.st.stm32cube.ide.mcu.externaltools.gnu-tools-for-stm32.11.3.rel1.win32_1.1.100.202309141235/tools/bin/../lib/gcc/arm-none-eabi/11.3.1/thumb/v7-m/nofp\libgcc.a
LOAD E:/STM32CubeIDE_1.7.0/STM32CubeIDE/plugins/com.st.stm32cube.ide.mcu.externaltools.gnu-tools-for-stm32.11.3.rel1.win32_1.1.100.202309141235/tools/bin/../lib/gcc/arm-none-eabi/11.3.1/../../../../arm-none-eabi/lib/thumb/v7-m/nofp\libc_nano.a
END GROUP
START GROUP
LOAD E:/STM32CubeIDE_1.7.0/STM32CubeIDE/plugins/com.st.stm32cube.ide.mcu.externaltools.gnu-tools-for-stm32.11.3.rel1.win32_1.1.100.202309141235/tools/bin/../lib/gcc/arm-none-eabi/11.3.1/thumb/v7-m/nofp\libgcc.a
LOAD E:/STM32CubeIDE_1.7.0/STM32CubeIDE/plugins/com.st.stm32cube.ide.mcu.externaltools.gnu-tools-for-stm32.11.3.rel1.win32_1.1.100.202309141235/tools/bin/../lib/gcc/arm-none-eabi/11.3.1/../../../../arm-none-eabi/lib/thumb/v7-m/nofp\libc_nano.a
LOAD E:/STM32CubeIDE_1.7.0/STM32CubeIDE/plugins/com.st.stm32cube.ide.mcu.externaltools.gnu-tools-for-stm32.11.3.rel1.win32_1.1.100.202309141235/tools/bin/../lib/gcc/arm-none-eabi/11.3.1/../../../../arm-none-eabi/lib/thumb/v7-m/nofp\libnosys.a
END GROUP
START GROUP
LOAD E:/STM32CubeIDE_1.7.0/STM32CubeIDE/plugins/com.st.stm32cube.ide.mcu.externaltools.gnu-tools-for-stm32.11.3.rel1.win32_1.1.100.202309141235/tools/bin/../lib/gcc/arm-none-eabi/11.3.1/thumb/v7-m/nofp\libgcc.a
LOAD E:/STM32CubeIDE_1.7.0/STM32CubeIDE/plugins/com.st.stm32cube.ide.mcu.externaltools.gnu-tools-for-stm32.11.3.rel1.win32_1.1.100.202309141235/tools/bin/../lib/gcc/arm-none-eabi/11.3.1/../../../../arm-none-eabi/lib/thumb/v7-m/nofp\libc_nano.a
LOAD E:/STM32CubeIDE_1.7.0/STM32CubeIDE/plugins/com.st.stm32cube.ide.mcu.externaltools.gnu-tools-for-stm32.11.3.rel1.win32_1.1.100.202309141235/tools/bin/../lib/gcc/arm-none-eabi/11.3.1/../../../../arm-none-eabi/lib/thumb/v7-m/nofp\libnosys.a
END GROUP
LOAD E:/STM32CubeIDE_1.7.0/STM32CubeIDE/plugins/com.st.stm32cube.ide.mcu.externaltools.gnu-tools-for-stm32.11.3.rel1.win32_1.1.100.202309141235/tools/bin/../lib/gcc/arm-none-eabi/11.3.1/thumb/v7-m/nofp/crtend.o
LOAD E:/STM32CubeIDE_1.7.0/STM32CubeIDE/plugins/com.st.stm32cube.ide.mcu.externaltools.gnu-tools-for-stm32.11.3.rel1.win32_1.1.100.202309141235/tools/bin/../lib/gcc/arm-none-eabi/11.3.1/thumb/v7-m/nofp/crtn.o
                0x0000000020005000                _estack = (ORIGIN (RAM) + LENGTH (RAM))
                0x0000000000000200                _Min_Heap_Size = 0x200
                0x0000000000000400                _Min_Stack_Size = 0x400

.isr_vector     0x0000000008000000      0x10c
                0x0000000008000000                . = ALIGN (0x4)
 *(.isr_vector)
 .isr_vector    0x0000000008000000      0x10c ./Core/Startup/startup_stm32f103rbtx.o
                0x0000000008000000                g_pfnVectors
                0x000000000800010c                . = ALIGN (0x4)

.text           0x000000000800010c     0x3188
                0x000000000800010c                . = ALIGN (0x4)
 *(.text)
 .text          0x000000000800010c       0x40 E:/STM32CubeIDE_1.7.0/STM32CubeIDE/plugins/com.st.stm32cube.ide.mcu.externaltools.gnu-tools-for-stm32.11.3.rel1.win32_1.1.100.202309141235/tools/bin/../lib/gcc/arm-none-eabi/11.3.1/thumb/v7-m/nofp/crtbegin.o
 *(.text*)
 .text.fsm_automatic
                0x000000000800014c      0x144 ./Core/Src/fsm_automatic.o
                0x000000000800014c                fsm_automatic
 .text.fsm_red_manual
                0x0000000008000290       0x70 ./Core/Src/fsm_manual.o
                0x0000000008000290                fsm_red_manual
 .text.fsm_amber_manual
                0x0000000008000300       0x70 ./Core/Src/fsm_manual.o
                0x0000000008000300                fsm_amber_manual
 .text.fsm_green_manual
                0x0000000008000370       0x70 ./Core/Src/fsm_manual.o
                0x0000000008000370                fsm_green_manual
 .text.led_config
                0x00000000080003e0       0xb8 ./Core/Src/global.o
                0x00000000080003e0                led_config
 .text.pedestrian_led_config
                0x0000000008000498       0xcc ./Core/Src/global.o
                0x0000000008000498                pedestrian_led_config
 .text.off_all_leds_road_1
                0x0000000008000564       0x28 ./Core/Src/global.o
                0x0000000008000564                off_all_leds_road_1
 .text.off_all_leds_road_2
                0x000000000800058c       0x20 ./Core/Src/global.o
                0x000000000800058c                off_all_leds_road_2
 .text.on_red_road_1
                0x00000000080005ac       0x28 ./Core/Src/global.o
                0x00000000080005ac                on_red_road_1
 .text.on_red_road_2
                0x00000000080005d4       0x20 ./Core/Src/global.o
                0x00000000080005d4                on_red_road_2
 .text.on_amber_road_1
                0x00000000080005f4       0x28 ./Core/Src/global.o
                0x00000000080005f4                on_amber_road_1
 .text.on_amber_road_2
                0x000000000800061c       0x20 ./Core/Src/global.o
                0x000000000800061c                on_amber_road_2
 .text.on_green_road_1
                0x000000000800063c       0x28 ./Core/Src/global.o
                0x000000000800063c                on_green_road_1
 .text.on_green_road_2
                0x0000000008000664       0x20 ./Core/Src/global.o
                0x0000000008000664                on_green_road_2
 .text.toggle_red
                0x0000000008000684       0x34 ./Core/Src/global.o
                0x0000000008000684                toggle_red
 .text.toggle_amber
                0x00000000080006b8       0x34 ./Core/Src/global.o
                0x00000000080006b8                toggle_amber
 .text.toggle_green
                0x00000000080006ec       0x34 ./Core/Src/global.o
                0x00000000080006ec                toggle_green
 .text.off_pedestrian
                0x0000000008000720       0x28 ./Core/Src/global.o
                0x0000000008000720                off_pedestrian
 .text.on_red_pedestrian
                0x0000000008000748       0x28 ./Core/Src/global.o
                0x0000000008000748                on_red_pedestrian
 .text.on_green_pedestrian
                0x0000000008000770       0x28 ./Core/Src/global.o
                0x0000000008000770                on_green_pedestrian
 .text.pedestrian_buzzer_config
                0x0000000008000798       0xe0 ./Core/Src/global.o
                0x0000000008000798                pedestrian_buzzer_config
 .text.set_buzzer
                0x0000000008000878       0x50 ./Core/Src/global.o
                0x0000000008000878                set_buzzer
 .text.fsm_button_processing
                0x00000000080008c8      0x3b0 ./Core/Src/input_processing.o
                0x00000000080008c8                fsm_button_processing
 .text.button_reading
                0x0000000008000c78       0xec ./Core/Src/input_reading.o
                0x0000000008000c78                button_reading
 .text.is_button_pressed
                0x0000000008000d64       0x34 ./Core/Src/input_reading.o
                0x0000000008000d64                is_button_pressed
 .text.is_button_pressed_1s
                0x0000000008000d98       0x34 ./Core/Src/input_reading.o
                0x0000000008000d98                is_button_pressed_1s
 .text.buzzer   0x0000000008000dcc       0x20 ./Core/Src/main.o
                0x0000000008000dcc                buzzer
 .text.main     0x0000000008000dec       0x54 ./Core/Src/main.o
                0x0000000008000dec                main
 .text.SystemClock_Config
                0x0000000008000e40       0x82 ./Core/Src/main.o
                0x0000000008000e40                SystemClock_Config
 *fill*         0x0000000008000ec2        0x2 
 .text.MX_TIM2_Init
                0x0000000008000ec4       0x98 ./Core/Src/main.o
 .text.MX_TIM3_Init
                0x0000000008000f5c       0xec ./Core/Src/main.o
 .text.MX_GPIO_Init
                0x0000000008001048       0xdc ./Core/Src/main.o
 .text.HAL_TIM_PeriodElapsedCallback
                0x0000000008001124       0x18 ./Core/Src/main.o
                0x0000000008001124                HAL_TIM_PeriodElapsedCallback
 .text.Error_Handler
                0x000000000800113c        0xa ./Core/Src/main.o
                0x000000000800113c                Error_Handler
 *fill*         0x0000000008001146        0x2 
 .text.HAL_MspInit
                0x0000000008001148       0x64 ./Core/Src/stm32f1xx_hal_msp.o
                0x0000000008001148                HAL_MspInit
 .text.HAL_TIM_Base_MspInit
                0x00000000080011ac       0x80 ./Core/Src/stm32f1xx_hal_msp.o
                0x00000000080011ac                HAL_TIM_Base_MspInit
 .text.HAL_TIM_MspPostInit
                0x000000000800122c       0x64 ./Core/Src/stm32f1xx_hal_msp.o
                0x000000000800122c                HAL_TIM_MspPostInit
 .text.NMI_Handler
                0x0000000008001290        0x6 ./Core/Src/stm32f1xx_it.o
                0x0000000008001290                NMI_Handler
 .text.HardFault_Handler
                0x0000000008001296        0x6 ./Core/Src/stm32f1xx_it.o
                0x0000000008001296                HardFault_Handler
 .text.MemManage_Handler
                0x000000000800129c        0x6 ./Core/Src/stm32f1xx_it.o
                0x000000000800129c                MemManage_Handler
 .text.BusFault_Handler
                0x00000000080012a2        0x6 ./Core/Src/stm32f1xx_it.o
                0x00000000080012a2                BusFault_Handler
 .text.UsageFault_Handler
                0x00000000080012a8        0x6 ./Core/Src/stm32f1xx_it.o
                0x00000000080012a8                UsageFault_Handler
 .text.SVC_Handler
                0x00000000080012ae        0xc ./Core/Src/stm32f1xx_it.o
                0x00000000080012ae                SVC_Handler
 .text.DebugMon_Handler
                0x00000000080012ba        0xc ./Core/Src/stm32f1xx_it.o
                0x00000000080012ba                DebugMon_Handler
 .text.PendSV_Handler
                0x00000000080012c6        0xc ./Core/Src/stm32f1xx_it.o
                0x00000000080012c6                PendSV_Handler
 .text.SysTick_Handler
                0x00000000080012d2        0xc ./Core/Src/stm32f1xx_it.o
                0x00000000080012d2                SysTick_Handler
 *fill*         0x00000000080012de        0x2 
 .text.TIM2_IRQHandler
                0x00000000080012e0       0x14 ./Core/Src/stm32f1xx_it.o
                0x00000000080012e0                TIM2_IRQHandler
 .text.TIM3_IRQHandler
                0x00000000080012f4       0x14 ./Core/Src/stm32f1xx_it.o
                0x00000000080012f4                TIM3_IRQHandler
 .text.SystemInit
                0x0000000008001308        0xc ./Core/Src/system_stm32f1xx.o
                0x0000000008001308                SystemInit
 .text.setTimer0
                0x0000000008001314       0x34 ./Core/Src/timer.o
                0x0000000008001314                setTimer0
 .text.setTimer1
                0x0000000008001348       0x34 ./Core/Src/timer.o
                0x0000000008001348                setTimer1
 .text.setTimer5
                0x000000000800137c       0x34 ./Core/Src/timer.o
                0x000000000800137c                setTimer5
 .text.setTimer6
                0x00000000080013b0       0x34 ./Core/Src/timer.o
                0x00000000080013b0                setTimer6
 .text.timer_run
                0x00000000080013e4      0x124 ./Core/Src/timer.o
                0x00000000080013e4                timer_run
 .text.Reset_Handler
                0x0000000008001508       0x48 ./Core/Startup/startup_stm32f103rbtx.o
                0x0000000008001508                Reset_Handler
 .text.Default_Handler
                0x0000000008001550        0x2 ./Core/Startup/startup_stm32f103rbtx.o
                0x0000000008001550                RTC_Alarm_IRQHandler
                0x0000000008001550                EXTI2_IRQHandler
                0x0000000008001550                TIM1_CC_IRQHandler
                0x0000000008001550                PVD_IRQHandler
                0x0000000008001550                EXTI3_IRQHandler
                0x0000000008001550                EXTI0_IRQHandler
                0x0000000008001550                I2C2_EV_IRQHandler
                0x0000000008001550                ADC1_2_IRQHandler
                0x0000000008001550                SPI1_IRQHandler
                0x0000000008001550                TAMPER_IRQHandler
                0x0000000008001550                DMA1_Channel4_IRQHandler
                0x0000000008001550                USART3_IRQHandler
                0x0000000008001550                RTC_IRQHandler
                0x0000000008001550                DMA1_Channel7_IRQHandler
                0x0000000008001550                CAN1_RX1_IRQHandler
                0x0000000008001550                TIM4_IRQHandler
                0x0000000008001550                I2C1_EV_IRQHandler
                0x0000000008001550                DMA1_Channel6_IRQHandler
                0x0000000008001550                RCC_IRQHandler
                0x0000000008001550                TIM1_TRG_COM_IRQHandler
                0x0000000008001550                DMA1_Channel1_IRQHandler
                0x0000000008001550                Default_Handler
                0x0000000008001550                EXTI15_10_IRQHandler
                0x0000000008001550                EXTI9_5_IRQHandler
                0x0000000008001550                SPI2_IRQHandler
                0x0000000008001550                DMA1_Channel5_IRQHandler
                0x0000000008001550                EXTI4_IRQHandler
                0x0000000008001550                USB_LP_CAN1_RX0_IRQHandler
                0x0000000008001550                USB_HP_CAN1_TX_IRQHandler
                0x0000000008001550                DMA1_Channel3_IRQHandler
                0x0000000008001550                TIM1_UP_IRQHandler
                0x0000000008001550                WWDG_IRQHandler
                0x0000000008001550                TIM1_BRK_IRQHandler
                0x0000000008001550                EXTI1_IRQHandler
                0x0000000008001550                USART2_IRQHandler
                0x0000000008001550                I2C2_ER_IRQHandler
                0x0000000008001550                DMA1_Channel2_IRQHandler
                0x0000000008001550                CAN1_SCE_IRQHandler
                0x0000000008001550                FLASH_IRQHandler
                0x0000000008001550                USART1_IRQHandler
                0x0000000008001550                I2C1_ER_IRQHandler
                0x0000000008001550                USBWakeUp_IRQHandler
 *fill*         0x0000000008001552        0x2 
 .text.HAL_Init
                0x0000000008001554       0x2c ./Drivers/STM32F1xx_HAL_Driver/Src/stm32f1xx_hal.o
                0x0000000008001554                HAL_Init
 .text.HAL_InitTick
                0x0000000008001580       0x60 ./Drivers/STM32F1xx_HAL_Driver/Src/stm32f1xx_hal.o
                0x0000000008001580                HAL_InitTick
 .text.HAL_IncTick
                0x00000000080015e0       0x24 ./Drivers/STM32F1xx_HAL_Driver/Src/stm32f1xx_hal.o
                0x00000000080015e0                HAL_IncTick
 .text.HAL_GetTick
                0x0000000008001604       0x14 ./Drivers/STM32F1xx_HAL_Driver/Src/stm32f1xx_hal.o
                0x0000000008001604                HAL_GetTick
 .text.__NVIC_SetPriorityGrouping
                0x0000000008001618       0x48 ./Drivers/STM32F1xx_HAL_Driver/Src/stm32f1xx_hal_cortex.o
 .text.__NVIC_GetPriorityGrouping
                0x0000000008001660       0x1c ./Drivers/STM32F1xx_HAL_Driver/Src/stm32f1xx_hal_cortex.o
 .text.__NVIC_EnableIRQ
                0x000000000800167c       0x38 ./Drivers/STM32F1xx_HAL_Driver/Src/stm32f1xx_hal_cortex.o
 .text.__NVIC_SetPriority
                0x00000000080016b4       0x54 ./Drivers/STM32F1xx_HAL_Driver/Src/stm32f1xx_hal_cortex.o
 .text.NVIC_EncodePriority
                0x0000000008001708       0x64 ./Drivers/STM32F1xx_HAL_Driver/Src/stm32f1xx_hal_cortex.o
 .text.SysTick_Config
                0x000000000800176c       0x44 ./Drivers/STM32F1xx_HAL_Driver/Src/stm32f1xx_hal_cortex.o
 .text.HAL_NVIC_SetPriorityGrouping
                0x00000000080017b0       0x16 ./Drivers/STM32F1xx_HAL_Driver/Src/stm32f1xx_hal_cortex.o
                0x00000000080017b0                HAL_NVIC_SetPriorityGrouping
 .text.HAL_NVIC_SetPriority
                0x00000000080017c6       0x38 ./Drivers/STM32F1xx_HAL_Driver/Src/stm32f1xx_hal_cortex.o
                0x00000000080017c6                HAL_NVIC_SetPriority
 .text.HAL_NVIC_EnableIRQ
                0x00000000080017fe       0x1c ./Drivers/STM32F1xx_HAL_Driver/Src/stm32f1xx_hal_cortex.o
                0x00000000080017fe                HAL_NVIC_EnableIRQ
 .text.HAL_SYSTICK_Config
                0x000000000800181a       0x18 ./Drivers/STM32F1xx_HAL_Driver/Src/stm32f1xx_hal_cortex.o
                0x000000000800181a                HAL_SYSTICK_Config
 *fill*         0x0000000008001832        0x2 
 .text.HAL_GPIO_Init
                0x0000000008001834      0x308 ./Drivers/STM32F1xx_HAL_Driver/Src/stm32f1xx_hal_gpio.o
                0x0000000008001834                HAL_GPIO_Init
 .text.HAL_GPIO_ReadPin
                0x0000000008001b3c       0x2e ./Drivers/STM32F1xx_HAL_Driver/Src/stm32f1xx_hal_gpio.o
                0x0000000008001b3c                HAL_GPIO_ReadPin
 .text.HAL_GPIO_WritePin
                0x0000000008001b6a       0x30 ./Drivers/STM32F1xx_HAL_Driver/Src/stm32f1xx_hal_gpio.o
                0x0000000008001b6a                HAL_GPIO_WritePin
 *fill*         0x0000000008001b9a        0x2 
 .text.HAL_RCC_OscConfig
                0x0000000008001b9c      0x504 ./Drivers/STM32F1xx_HAL_Driver/Src/stm32f1xx_hal_rcc.o
                0x0000000008001b9c                HAL_RCC_OscConfig
 .text.HAL_RCC_ClockConfig
                0x00000000080020a0      0x1d4 ./Drivers/STM32F1xx_HAL_Driver/Src/stm32f1xx_hal_rcc.o
                0x00000000080020a0                HAL_RCC_ClockConfig
 .text.HAL_RCC_GetSysClockFreq
                0x0000000008002274       0xa8 ./Drivers/STM32F1xx_HAL_Driver/Src/stm32f1xx_hal_rcc.o
                0x0000000008002274                HAL_RCC_GetSysClockFreq
 .text.RCC_Delay
                0x000000000800231c       0x3c ./Drivers/STM32F1xx_HAL_Driver/Src/stm32f1xx_hal_rcc.o
 .text.HAL_TIM_Base_Init
                0x0000000008002358       0x9e ./Drivers/STM32F1xx_HAL_Driver/Src/stm32f1xx_hal_tim.o
                0x0000000008002358                HAL_TIM_Base_Init
 *fill*         0x00000000080023f6        0x2 
 .text.HAL_TIM_Base_Start_IT
                0x00000000080023f8       0xa4 ./Drivers/STM32F1xx_HAL_Driver/Src/stm32f1xx_hal_tim.o
                0x00000000080023f8                HAL_TIM_Base_Start_IT
 .text.HAL_TIM_PWM_Init
                0x000000000800249c       0x9e ./Drivers/STM32F1xx_HAL_Driver/Src/stm32f1xx_hal_tim.o
                0x000000000800249c                HAL_TIM_PWM_Init
 .text.HAL_TIM_PWM_MspInit
                0x000000000800253a       0x12 ./Drivers/STM32F1xx_HAL_Driver/Src/stm32f1xx_hal_tim.o
                0x000000000800253a                HAL_TIM_PWM_MspInit
 .text.HAL_TIM_PWM_Start
                0x000000000800254c      0x144 ./Drivers/STM32F1xx_HAL_Driver/Src/stm32f1xx_hal_tim.o
                0x000000000800254c                HAL_TIM_PWM_Start
 .text.HAL_TIM_IRQHandler
                0x0000000008002690      0x210 ./Drivers/STM32F1xx_HAL_Driver/Src/stm32f1xx_hal_tim.o
                0x0000000008002690                HAL_TIM_IRQHandler
 .text.HAL_TIM_PWM_ConfigChannel
                0x00000000080028a0      0x184 ./Drivers/STM32F1xx_HAL_Driver/Src/stm32f1xx_hal_tim.o
                0x00000000080028a0                HAL_TIM_PWM_ConfigChannel
 .text.HAL_TIM_ConfigClockSource
                0x0000000008002a24      0x18e ./Drivers/STM32F1xx_HAL_Driver/Src/stm32f1xx_hal_tim.o
                0x0000000008002a24                HAL_TIM_ConfigClockSource
 .text.HAL_TIM_OC_DelayElapsedCallback
                0x0000000008002bb2       0x12 ./Drivers/STM32F1xx_HAL_Driver/Src/stm32f1xx_hal_tim.o
                0x0000000008002bb2                HAL_TIM_OC_DelayElapsedCallback
 .text.HAL_TIM_IC_CaptureCallback
                0x0000000008002bc4       0x12 ./Drivers/STM32F1xx_HAL_Driver/Src/stm32f1xx_hal_tim.o
                0x0000000008002bc4                HAL_TIM_IC_CaptureCallback
 .text.HAL_TIM_PWM_PulseFinishedCallback
                0x0000000008002bd6       0x12 ./Drivers/STM32F1xx_HAL_Driver/Src/stm32f1xx_hal_tim.o
                0x0000000008002bd6                HAL_TIM_PWM_PulseFinishedCallback
 .text.HAL_TIM_TriggerCallback
                0x0000000008002be8       0x12 ./Drivers/STM32F1xx_HAL_Driver/Src/stm32f1xx_hal_tim.o
                0x0000000008002be8                HAL_TIM_TriggerCallback
 *fill*         0x0000000008002bfa        0x2 
 .text.TIM_Base_SetConfig
                0x0000000008002bfc       0xc4 ./Drivers/STM32F1xx_HAL_Driver/Src/stm32f1xx_hal_tim.o
                0x0000000008002bfc                TIM_Base_SetConfig
 .text.TIM_OC1_SetConfig
                0x0000000008002cc0       0xcc ./Drivers/STM32F1xx_HAL_Driver/Src/stm32f1xx_hal_tim.o
 .text.TIM_OC2_SetConfig
                0x0000000008002d8c       0xd4 ./Drivers/STM32F1xx_HAL_Driver/Src/stm32f1xx_hal_tim.o
                0x0000000008002d8c                TIM_OC2_SetConfig
 .text.TIM_OC3_SetConfig
                0x0000000008002e60       0xd4 ./Drivers/STM32F1xx_HAL_Driver/Src/stm32f1xx_hal_tim.o
 .text.TIM_OC4_SetConfig
                0x0000000008002f34       0x9c ./Drivers/STM32F1xx_HAL_Driver/Src/stm32f1xx_hal_tim.o
 .text.TIM_TI1_ConfigInputStage
                0x0000000008002fd0       0x5c ./Drivers/STM32F1xx_HAL_Driver/Src/stm32f1xx_hal_tim.o
 .text.TIM_TI2_ConfigInputStage
                0x000000000800302c       0x5e ./Drivers/STM32F1xx_HAL_Driver/Src/stm32f1xx_hal_tim.o
 .text.TIM_ITRx_SetConfig
                0x000000000800308a       0x34 ./Drivers/STM32F1xx_HAL_Driver/Src/stm32f1xx_hal_tim.o
 .text.TIM_ETR_SetConfig
                0x00000000080030be       0x3e ./Drivers/STM32F1xx_HAL_Driver/Src/stm32f1xx_hal_tim.o
                0x00000000080030be                TIM_ETR_SetConfig
 .text.TIM_CCxChannelCmd
                0x00000000080030fc       0x48 ./Drivers/STM32F1xx_HAL_Driver/Src/stm32f1xx_hal_tim.o
                0x00000000080030fc                TIM_CCxChannelCmd
 .text.HAL_TIMEx_MasterConfigSynchronization
                0x0000000008003144       0xbc ./Drivers/STM32F1xx_HAL_Driver/Src/stm32f1xx_hal_tim_ex.o
                0x0000000008003144                HAL_TIMEx_MasterConfigSynchronization
 .text.HAL_TIMEx_CommutCallback
                0x0000000008003200       0x12 ./Drivers/STM32F1xx_HAL_Driver/Src/stm32f1xx_hal_tim_ex.o
                0x0000000008003200                HAL_TIMEx_CommutCallback
 .text.HAL_TIMEx_BreakCallback
                0x0000000008003212       0x12 ./Drivers/STM32F1xx_HAL_Driver/Src/stm32f1xx_hal_tim_ex.o
                0x0000000008003212                HAL_TIMEx_BreakCallback
 .text.memset   0x0000000008003224       0x10 E:/STM32CubeIDE_1.7.0/STM32CubeIDE/plugins/com.st.stm32cube.ide.mcu.externaltools.gnu-tools-for-stm32.11.3.rel1.win32_1.1.100.202309141235/tools/bin/../lib/gcc/arm-none-eabi/11.3.1/../../../../arm-none-eabi/lib/thumb/v7-m/nofp\libc_nano.a(libc_a-memset.o)
                0x0000000008003224                memset
 .text.__libc_init_array
                0x0000000008003234       0x48 E:/STM32CubeIDE_1.7.0/STM32CubeIDE/plugins/com.st.stm32cube.ide.mcu.externaltools.gnu-tools-for-stm32.11.3.rel1.win32_1.1.100.202309141235/tools/bin/../lib/gcc/arm-none-eabi/11.3.1/../../../../arm-none-eabi/lib/thumb/v7-m/nofp\libc_nano.a(libc_a-init.o)
                0x0000000008003234                __libc_init_array
 *(.glue_7)
 .glue_7        0x000000000800327c        0x0 linker stubs
 *(.glue_7t)
 .glue_7t       0x000000000800327c        0x0 linker stubs
 *(.eh_frame)
 .eh_frame      0x000000000800327c        0x0 E:/STM32CubeIDE_1.7.0/STM32CubeIDE/plugins/com.st.stm32cube.ide.mcu.externaltools.gnu-tools-for-stm32.11.3.rel1.win32_1.1.100.202309141235/tools/bin/../lib/gcc/arm-none-eabi/11.3.1/thumb/v7-m/nofp/crtbegin.o
 *(.init)
 .init          0x000000000800327c        0x4 E:/STM32CubeIDE_1.7.0/STM32CubeIDE/plugins/com.st.stm32cube.ide.mcu.externaltools.gnu-tools-for-stm32.11.3.rel1.win32_1.1.100.202309141235/tools/bin/../lib/gcc/arm-none-eabi/11.3.1/thumb/v7-m/nofp/crti.o
                0x000000000800327c                _init
 .init          0x0000000008003280        0x8 E:/STM32CubeIDE_1.7.0/STM32CubeIDE/plugins/com.st.stm32cube.ide.mcu.externaltools.gnu-tools-for-stm32.11.3.rel1.win32_1.1.100.202309141235/tools/bin/../lib/gcc/arm-none-eabi/11.3.1/thumb/v7-m/nofp/crtn.o
 *(.fini)
 .fini          0x0000000008003288        0x4 E:/STM32CubeIDE_1.7.0/STM32CubeIDE/plugins/com.st.stm32cube.ide.mcu.externaltools.gnu-tools-for-stm32.11.3.rel1.win32_1.1.100.202309141235/tools/bin/../lib/gcc/arm-none-eabi/11.3.1/thumb/v7-m/nofp/crti.o
                0x0000000008003288                _fini
 .fini          0x000000000800328c        0x8 E:/STM32CubeIDE_1.7.0/STM32CubeIDE/plugins/com.st.stm32cube.ide.mcu.externaltools.gnu-tools-for-stm32.11.3.rel1.win32_1.1.100.202309141235/tools/bin/../lib/gcc/arm-none-eabi/11.3.1/thumb/v7-m/nofp/crtn.o
                0x0000000008003294                . = ALIGN (0x4)
                0x0000000008003294                _etext = .

.vfp11_veneer   0x0000000008003294        0x0
 .vfp11_veneer  0x0000000008003294        0x0 linker stubs

.v4_bx          0x0000000008003294        0x0
 .v4_bx         0x0000000008003294        0x0 linker stubs

.iplt           0x0000000008003294        0x0
 .iplt          0x0000000008003294        0x0 E:/STM32CubeIDE_1.7.0/STM32CubeIDE/plugins/com.st.stm32cube.ide.mcu.externaltools.gnu-tools-for-stm32.11.3.rel1.win32_1.1.100.202309141235/tools/bin/../lib/gcc/arm-none-eabi/11.3.1/thumb/v7-m/nofp/crtbegin.o

.rodata         0x0000000008003294       0x24
                0x0000000008003294                . = ALIGN (0x4)
 *(.rodata)
 *(.rodata*)
 .rodata.AHBPrescTable
                0x0000000008003294       0x10 ./Core/Src/system_stm32f1xx.o
                0x0000000008003294                AHBPrescTable
 .rodata.aPLLMULFactorTable.1
                0x00000000080032a4       0x10 ./Drivers/STM32F1xx_HAL_Driver/Src/stm32f1xx_hal_rcc.o
 .rodata.aPredivFactorTable.0
                0x00000000080032b4        0x2 ./Drivers/STM32F1xx_HAL_Driver/Src/stm32f1xx_hal_rcc.o
                0x00000000080032b8                . = ALIGN (0x4)
 *fill*         0x00000000080032b6        0x2 

.rel.dyn        0x00000000080032b8        0x0
 .rel.iplt      0x00000000080032b8        0x0 E:/STM32CubeIDE_1.7.0/STM32CubeIDE/plugins/com.st.stm32cube.ide.mcu.externaltools.gnu-tools-for-stm32.11.3.rel1.win32_1.1.100.202309141235/tools/bin/../lib/gcc/arm-none-eabi/11.3.1/thumb/v7-m/nofp/crtbegin.o

.ARM.extab      0x00000000080032b8        0x0
                0x00000000080032b8                . = ALIGN (0x4)
 *(.ARM.extab* .gnu.linkonce.armextab.*)
                0x00000000080032b8                . = ALIGN (0x4)

.ARM            0x00000000080032b8        0x0
                0x00000000080032b8                . = ALIGN (0x4)
                0x00000000080032b8                __exidx_start = .
 *(.ARM.exidx*)
                0x00000000080032b8                __exidx_end = .
                0x00000000080032b8                . = ALIGN (0x4)

.preinit_array  0x00000000080032b8        0x0
                0x00000000080032b8                . = ALIGN (0x4)
                0x00000000080032b8                PROVIDE (__preinit_array_start = .)
 *(.preinit_array*)
                0x00000000080032b8                PROVIDE (__preinit_array_end = .)
                0x00000000080032b8                . = ALIGN (0x4)

.init_array     0x00000000080032b8        0x4
                0x00000000080032b8                . = ALIGN (0x4)
                0x00000000080032b8                PROVIDE (__init_array_start = .)
 *(SORT_BY_NAME(.init_array.*))
 *(.init_array*)
 .init_array    0x00000000080032b8        0x4 E:/STM32CubeIDE_1.7.0/STM32CubeIDE/plugins/com.st.stm32cube.ide.mcu.externaltools.gnu-tools-for-stm32.11.3.rel1.win32_1.1.100.202309141235/tools/bin/../lib/gcc/arm-none-eabi/11.3.1/thumb/v7-m/nofp/crtbegin.o
                0x00000000080032bc                PROVIDE (__init_array_end = .)
                0x00000000080032bc                . = ALIGN (0x4)

.fini_array     0x00000000080032bc        0x4
                0x00000000080032bc                . = ALIGN (0x4)
                [!provide]                        PROVIDE (__fini_array_start = .)
 *(SORT_BY_NAME(.fini_array.*))
 *(.fini_array*)
 .fini_array    0x00000000080032bc        0x4 E:/STM32CubeIDE_1.7.0/STM32CubeIDE/plugins/com.st.stm32cube.ide.mcu.externaltools.gnu-tools-for-stm32.11.3.rel1.win32_1.1.100.202309141235/tools/bin/../lib/gcc/arm-none-eabi/11.3.1/thumb/v7-m/nofp/crtbegin.o
                [!provide]                        PROVIDE (__fini_array_end = .)
                0x00000000080032c0                . = ALIGN (0x4)
                0x00000000080032c0                _sidata = LOADADDR (.data)

.data           0x0000000020000000       0x48 load address 0x00000000080032c0
                0x0000000020000000                . = ALIGN (0x4)
                0x0000000020000000                _sdata = .
 *(.data)
 *(.data*)
 .data.T_RED    0x0000000020000000        0x4 ./Core/Src/global.o
                0x0000000020000000                T_RED
 .data.T_AMBER  0x0000000020000004        0x4 ./Core/Src/global.o
                0x0000000020000004                T_AMBER
 .data.T_GREEN  0x0000000020000008        0x4 ./Core/Src/global.o
                0x0000000020000008                T_GREEN
 .data.status   0x000000002000000c        0x4 ./Core/Src/global.o
                0x000000002000000c                status
 .data.curr_ped_status
                0x0000000020000010        0x1 ./Core/Src/global.o
                0x0000000020000010                curr_ped_status
 *fill*         0x0000000020000011        0x3 
 .data.buzzer_period
                0x0000000020000014        0x4 ./Core/Src/global.o
                0x0000000020000014                buzzer_period
 .data.volume   0x0000000020000018        0x4 ./Core/Src/global.o
                0x0000000020000018                volume
 .data.button_0_state
                0x000000002000001c        0x1 ./Core/Src/input_processing.o
                0x000000002000001c                button_0_state
 .data.button_1_state
                0x000000002000001d        0x1 ./Core/Src/input_processing.o
                0x000000002000001d                button_1_state
 .data.button_2_state
                0x000000002000001e        0x1 ./Core/Src/input_processing.o
                0x000000002000001e                button_2_state
 .data.button_3_state
                0x000000002000001f        0x1 ./Core/Src/input_processing.o
                0x000000002000001f                button_3_state
 .data.button_ports
                0x0000000020000020       0x10 ./Core/Src/input_reading.o
 .data.button_pins
                0x0000000020000030        0x8 ./Core/Src/input_reading.o
 .data.SystemCoreClock
                0x0000000020000038        0x4 ./Core/Src/system_stm32f1xx.o
                0x0000000020000038                SystemCoreClock
 .data.TIMER_CYCLE
                0x000000002000003c        0x4 ./Core/Src/timer.o
                0x000000002000003c                TIMER_CYCLE
 .data.uwTickPrio
                0x0000000020000040        0x4 ./Drivers/STM32F1xx_HAL_Driver/Src/stm32f1xx_hal.o
                0x0000000020000040                uwTickPrio
 .data.uwTickFreq
                0x0000000020000044        0x1 ./Drivers/STM32F1xx_HAL_Driver/Src/stm32f1xx_hal.o
                0x0000000020000044                uwTickFreq
 *(.RamFunc)
 *(.RamFunc*)
                0x0000000020000048                . = ALIGN (0x4)
 *fill*         0x0000000020000045        0x3 
                0x0000000020000048                _edata = .

.igot.plt       0x0000000020000048        0x0 load address 0x0000000008003308
 .igot.plt      0x0000000020000048        0x0 E:/STM32CubeIDE_1.7.0/STM32CubeIDE/plugins/com.st.stm32cube.ide.mcu.externaltools.gnu-tools-for-stm32.11.3.rel1.win32_1.1.100.202309141235/tools/bin/../lib/gcc/arm-none-eabi/11.3.1/thumb/v7-m/nofp/crtbegin.o
                0x0000000020000048                . = ALIGN (0x4)

.bss            0x0000000020000048      0x108 load address 0x0000000008003308
                0x0000000020000048                _sbss = .
                0x0000000020000048                __bss_start__ = _sbss
 *(.bss)
 .bss           0x0000000020000048       0x1c E:/STM32CubeIDE_1.7.0/STM32CubeIDE/plugins/com.st.stm32cube.ide.mcu.externaltools.gnu-tools-for-stm32.11.3.rel1.win32_1.1.100.202309141235/tools/bin/../lib/gcc/arm-none-eabi/11.3.1/thumb/v7-m/nofp/crtbegin.o
 *(.bss*)
 .bss.toggle_flag
                0x0000000020000064        0x4 ./Core/Src/global.o
                0x0000000020000064                toggle_flag
 .bss.buzzer_flag
                0x0000000020000068        0x4 ./Core/Src/global.o
                0x0000000020000068                buzzer_flag
 .bss.buttonBuffer
                0x000000002000006c        0x4 ./Core/Src/input_reading.o
 .bss.debounceButtonBuffer1
                0x0000000020000070        0x4 ./Core/Src/input_reading.o
 .bss.debounceButtonBuffer2
                0x0000000020000074        0x4 ./Core/Src/input_reading.o
 .bss.flagForButtonPress1s
                0x0000000020000078        0x4 ./Core/Src/input_reading.o
 .bss.counterForButtonPress1s
                0x000000002000007c        0x8 ./Core/Src/input_reading.o
 .bss.htim2     0x0000000020000084       0x48 ./Core/Src/main.o
                0x0000000020000084                htim2
 .bss.htim3     0x00000000200000cc       0x48 ./Core/Src/main.o
                0x00000000200000cc                htim3
 .bss.timer0_counter
                0x0000000020000114        0x4 ./Core/Src/timer.o
                0x0000000020000114                timer0_counter
 .bss.timer1_counter
                0x0000000020000118        0x4 ./Core/Src/timer.o
                0x0000000020000118                timer1_counter
 .bss.timer2_counter
                0x000000002000011c        0x4 ./Core/Src/timer.o
                0x000000002000011c                timer2_counter
 .bss.timer3_counter
                0x0000000020000120        0x4 ./Core/Src/timer.o
                0x0000000020000120                timer3_counter
 .bss.timer4_counter
                0x0000000020000124        0x4 ./Core/Src/timer.o
                0x0000000020000124                timer4_counter
 .bss.timer5_counter
                0x0000000020000128        0x4 ./Core/Src/timer.o
                0x0000000020000128                timer5_counter
 .bss.timer6_counter
                0x000000002000012c        0x4 ./Core/Src/timer.o
                0x000000002000012c                timer6_counter
 .bss.timer0_flag
                0x0000000020000130        0x4 ./Core/Src/timer.o
                0x0000000020000130                timer0_flag
 .bss.timer1_flag
                0x0000000020000134        0x4 ./Core/Src/timer.o
                0x0000000020000134                timer1_flag
 .bss.timer2_flag
                0x0000000020000138        0x4 ./Core/Src/timer.o
                0x0000000020000138                timer2_flag
 .bss.timer3_flag
                0x000000002000013c        0x4 ./Core/Src/timer.o
                0x000000002000013c                timer3_flag
 .bss.timer4_flag
                0x0000000020000140        0x4 ./Core/Src/timer.o
                0x0000000020000140                timer4_flag
 .bss.timer5_flag
                0x0000000020000144        0x4 ./Core/Src/timer.o
                0x0000000020000144                timer5_flag
 .bss.timer6_flag
                0x0000000020000148        0x4 ./Core/Src/timer.o
                0x0000000020000148                timer6_flag
 .bss.uwTick    0x000000002000014c        0x4 ./Drivers/STM32F1xx_HAL_Driver/Src/stm32f1xx_hal.o
                0x000000002000014c                uwTick
 *(COMMON)
                0x0000000020000150                . = ALIGN (0x4)
                0x0000000020000150                _ebss = .
                0x0000000020000150                __bss_end__ = _ebss

._user_heap_stack
                0x0000000020000150      0x600 load address 0x0000000008003308
                0x0000000020000150                . = ALIGN (0x8)
                [!provide]                        PROVIDE (end = .)
                0x0000000020000150                PROVIDE (_end = .)
                0x0000000020000350                . = (. + _Min_Heap_Size)
 *fill*         0x0000000020000150      0x200 
                0x0000000020000750                . = (. + _Min_Stack_Size)
 *fill*         0x0000000020000350      0x400 
                0x0000000020000750                . = ALIGN (0x8)

/DISCARD/
 libc.a(*)
 libm.a(*)
 libgcc.a(*)

.ARM.attributes
                0x0000000000000000       0x29
 *(.ARM.attributes)
 .ARM.attributes
                0x0000000000000000       0x1d E:/STM32CubeIDE_1.7.0/STM32CubeIDE/plugins/com.st.stm32cube.ide.mcu.externaltools.gnu-tools-for-stm32.11.3.rel1.win32_1.1.100.202309141235/tools/bin/../lib/gcc/arm-none-eabi/11.3.1/thumb/v7-m/nofp/crti.o
 .ARM.attributes
                0x000000000000001d       0x2d E:/STM32CubeIDE_1.7.0/STM32CubeIDE/plugins/com.st.stm32cube.ide.mcu.externaltools.gnu-tools-for-stm32.11.3.rel1.win32_1.1.100.202309141235/tools/bin/../lib/gcc/arm-none-eabi/11.3.1/thumb/v7-m/nofp/crtbegin.o
 .ARM.attributes
                0x000000000000004a       0x2d ./Core/Src/fsm_automatic.o
 .ARM.attributes
                0x0000000000000077       0x2d ./Core/Src/fsm_manual.o
 .ARM.attributes
                0x00000000000000a4       0x2d ./Core/Src/global.o
 .ARM.attributes
                0x00000000000000d1       0x2d ./Core/Src/input_processing.o
 .ARM.attributes
                0x00000000000000fe       0x2d ./Core/Src/input_reading.o
 .ARM.attributes
                0x000000000000012b       0x2d ./Core/Src/main.o
 .ARM.attributes
                0x0000000000000158       0x2d ./Core/Src/stm32f1xx_hal_msp.o
 .ARM.attributes
                0x0000000000000185       0x2d ./Core/Src/stm32f1xx_it.o
 .ARM.attributes
                0x00000000000001b2       0x2d ./Core/Src/system_stm32f1xx.o
 .ARM.attributes
                0x00000000000001df       0x2d ./Core/Src/timer.o
 .ARM.attributes
                0x000000000000020c       0x21 ./Core/Startup/startup_stm32f103rbtx.o
 .ARM.attributes
                0x000000000000022d       0x2d ./Drivers/STM32F1xx_HAL_Driver/Src/stm32f1xx_hal.o
 .ARM.attributes
                0x000000000000025a       0x2d ./Drivers/STM32F1xx_HAL_Driver/Src/stm32f1xx_hal_cortex.o
 .ARM.attributes
                0x0000000000000287       0x2d ./Drivers/STM32F1xx_HAL_Driver/Src/stm32f1xx_hal_gpio.o
 .ARM.attributes
                0x00000000000002b4       0x2d ./Drivers/STM32F1xx_HAL_Driver/Src/stm32f1xx_hal_rcc.o
 .ARM.attributes
                0x00000000000002e1       0x2d ./Drivers/STM32F1xx_HAL_Driver/Src/stm32f1xx_hal_tim.o
 .ARM.attributes
                0x000000000000030e       0x2d ./Drivers/STM32F1xx_HAL_Driver/Src/stm32f1xx_hal_tim_ex.o
 .ARM.attributes
                0x000000000000033b       0x2d E:/STM32CubeIDE_1.7.0/STM32CubeIDE/plugins/com.st.stm32cube.ide.mcu.externaltools.gnu-tools-for-stm32.11.3.rel1.win32_1.1.100.202309141235/tools/bin/../lib/gcc/arm-none-eabi/11.3.1/../../../../arm-none-eabi/lib/thumb/v7-m/nofp\libc_nano.a(libc_a-memset.o)
 .ARM.attributes
                0x0000000000000368       0x2d E:/STM32CubeIDE_1.7.0/STM32CubeIDE/plugins/com.st.stm32cube.ide.mcu.externaltools.gnu-tools-for-stm32.11.3.rel1.win32_1.1.100.202309141235/tools/bin/../lib/gcc/arm-none-eabi/11.3.1/../../../../arm-none-eabi/lib/thumb/v7-m/nofp\libc_nano.a(libc_a-init.o)
 .ARM.attributes
                0x0000000000000395       0x1d E:/STM32CubeIDE_1.7.0/STM32CubeIDE/plugins/com.st.stm32cube.ide.mcu.externaltools.gnu-tools-for-stm32.11.3.rel1.win32_1.1.100.202309141235/tools/bin/../lib/gcc/arm-none-eabi/11.3.1/thumb/v7-m/nofp/crtn.o
OUTPUT(MCU_Assignment.elf elf32-littlearm)
LOAD linker stubs
LOAD E:/STM32CubeIDE_1.7.0/STM32CubeIDE/plugins/com.st.stm32cube.ide.mcu.externaltools.gnu-tools-for-stm32.11.3.rel1.win32_1.1.100.202309141235/tools/bin/../lib/gcc/arm-none-eabi/11.3.1/../../../../arm-none-eabi/lib/thumb/v7-m/nofp\libc.a
LOAD E:/STM32CubeIDE_1.7.0/STM32CubeIDE/plugins/com.st.stm32cube.ide.mcu.externaltools.gnu-tools-for-stm32.11.3.rel1.win32_1.1.100.202309141235/tools/bin/../lib/gcc/arm-none-eabi/11.3.1/../../../../arm-none-eabi/lib/thumb/v7-m/nofp\libm.a
LOAD E:/STM32CubeIDE_1.7.0/STM32CubeIDE/plugins/com.st.stm32cube.ide.mcu.externaltools.gnu-tools-for-stm32.11.3.rel1.win32_1.1.100.202309141235/tools/bin/../lib/gcc/arm-none-eabi/11.3.1/thumb/v7-m/nofp\libgcc.a

.comment        0x0000000000000000       0x43
 .comment       0x0000000000000000       0x43 E:/STM32CubeIDE_1.7.0/STM32CubeIDE/plugins/com.st.stm32cube.ide.mcu.externaltools.gnu-tools-for-stm32.11.3.rel1.win32_1.1.100.202309141235/tools/bin/../lib/gcc/arm-none-eabi/11.3.1/thumb/v7-m/nofp/crtbegin.o
                                         0x44 (size before relaxing)
 .comment       0x0000000000000043       0x44 ./Core/Src/fsm_automatic.o
 .comment       0x0000000000000043       0x44 ./Core/Src/fsm_manual.o
 .comment       0x0000000000000043       0x44 ./Core/Src/global.o
 .comment       0x0000000000000043       0x44 ./Core/Src/input_processing.o
 .comment       0x0000000000000043       0x44 ./Core/Src/input_reading.o
 .comment       0x0000000000000043       0x44 ./Core/Src/main.o
 .comment       0x0000000000000043       0x44 ./Core/Src/stm32f1xx_hal_msp.o
 .comment       0x0000000000000043       0x44 ./Core/Src/stm32f1xx_it.o
 .comment       0x0000000000000043       0x44 ./Core/Src/system_stm32f1xx.o
 .comment       0x0000000000000043       0x44 ./Core/Src/timer.o
 .comment       0x0000000000000043       0x44 ./Drivers/STM32F1xx_HAL_Driver/Src/stm32f1xx_hal.o
 .comment       0x0000000000000043       0x44 ./Drivers/STM32F1xx_HAL_Driver/Src/stm32f1xx_hal_cortex.o
 .comment       0x0000000000000043       0x44 ./Drivers/STM32F1xx_HAL_Driver/Src/stm32f1xx_hal_gpio.o
 .comment       0x0000000000000043       0x44 ./Drivers/STM32F1xx_HAL_Driver/Src/stm32f1xx_hal_rcc.o
 .comment       0x0000000000000043       0x44 ./Drivers/STM32F1xx_HAL_Driver/Src/stm32f1xx_hal_tim.o
 .comment       0x0000000000000043       0x44 ./Drivers/STM32F1xx_HAL_Driver/Src/stm32f1xx_hal_tim_ex.o

.debug_info     0x0000000000000000     0x89df
 .debug_info    0x0000000000000000       0xec ./Core/Src/fsm_automatic.o
 .debug_info    0x00000000000000ec      0x100 ./Core/Src/fsm_manual.o
 .debug_info    0x00000000000001ec      0x3a0 ./Core/Src/global.o
 .debug_info    0x000000000000058c      0x18c ./Core/Src/input_processing.o
 .debug_info    0x0000000000000718      0x2a4 ./Core/Src/input_reading.o
 .debug_info    0x00000000000009bc      0xd1d ./Core/Src/main.o
 .debug_info    0x00000000000016d9      0xa8e ./Core/Src/stm32f1xx_hal_msp.o
 .debug_info    0x0000000000002167      0x6b9 ./Core/Src/stm32f1xx_it.o
 .debug_info    0x0000000000002820      0x222 ./Core/Src/system_stm32f1xx.o
 .debug_info    0x0000000000002a42      0x299 ./Core/Src/timer.o
 .debug_info    0x0000000000002cdb       0x23 ./Core/Startup/startup_stm32f103rbtx.o
 .debug_info    0x0000000000002cfe      0x704 ./Drivers/STM32F1xx_HAL_Driver/Src/stm32f1xx_hal.o
 .debug_info    0x0000000000003402      0xa87 ./Drivers/STM32F1xx_HAL_Driver/Src/stm32f1xx_hal_cortex.o
 .debug_info    0x0000000000003e89      0x5ab ./Drivers/STM32F1xx_HAL_Driver/Src/stm32f1xx_hal_gpio.o
 .debug_info    0x0000000000004434      0x7d5 ./Drivers/STM32F1xx_HAL_Driver/Src/stm32f1xx_hal_rcc.o
 .debug_info    0x0000000000004c09     0x293b ./Drivers/STM32F1xx_HAL_Driver/Src/stm32f1xx_hal_tim.o
 .debug_info    0x0000000000007544     0x149b ./Drivers/STM32F1xx_HAL_Driver/Src/stm32f1xx_hal_tim_ex.o

.debug_abbrev   0x0000000000000000     0x1b60
 .debug_abbrev  0x0000000000000000       0x8b ./Core/Src/fsm_automatic.o
 .debug_abbrev  0x000000000000008b       0x8f ./Core/Src/fsm_manual.o
 .debug_abbrev  0x000000000000011a      0x145 ./Core/Src/global.o
 .debug_abbrev  0x000000000000025f       0xc0 ./Core/Src/input_processing.o
 .debug_abbrev  0x000000000000031f      0x152 ./Core/Src/input_reading.o
 .debug_abbrev  0x0000000000000471      0x2f6 ./Core/Src/main.o
 .debug_abbrev  0x0000000000000767      0x1d3 ./Core/Src/stm32f1xx_hal_msp.o
 .debug_abbrev  0x000000000000093a      0x193 ./Core/Src/stm32f1xx_it.o
 .debug_abbrev  0x0000000000000acd      0x13f ./Core/Src/system_stm32f1xx.o
 .debug_abbrev  0x0000000000000c0c       0xd3 ./Core/Src/timer.o
 .debug_abbrev  0x0000000000000cdf       0x12 ./Core/Startup/startup_stm32f103rbtx.o
 .debug_abbrev  0x0000000000000cf1      0x201 ./Drivers/STM32F1xx_HAL_Driver/Src/stm32f1xx_hal.o
 .debug_abbrev  0x0000000000000ef2      0x2f8 ./Drivers/STM32F1xx_HAL_Driver/Src/stm32f1xx_hal_cortex.o
 .debug_abbrev  0x00000000000011ea      0x1ca ./Drivers/STM32F1xx_HAL_Driver/Src/stm32f1xx_hal_gpio.o
 .debug_abbrev  0x00000000000013b4      0x2b3 ./Drivers/STM32F1xx_HAL_Driver/Src/stm32f1xx_hal_rcc.o
 .debug_abbrev  0x0000000000001667      0x277 ./Drivers/STM32F1xx_HAL_Driver/Src/stm32f1xx_hal_tim.o
 .debug_abbrev  0x00000000000018de      0x282 ./Drivers/STM32F1xx_HAL_Driver/Src/stm32f1xx_hal_tim_ex.o

.debug_aranges  0x0000000000000000      0xaf0
 .debug_aranges
                0x0000000000000000       0x20 ./Core/Src/fsm_automatic.o
 .debug_aranges
                0x0000000000000020       0x30 ./Core/Src/fsm_manual.o
 .debug_aranges
                0x0000000000000050       0xa8 ./Core/Src/global.o
 .debug_aranges
                0x00000000000000f8       0x20 ./Core/Src/input_processing.o
 .debug_aranges
                0x0000000000000118       0x30 ./Core/Src/input_reading.o
 .debug_aranges
                0x0000000000000148       0x58 ./Core/Src/main.o
 .debug_aranges
                0x00000000000001a0       0x38 ./Core/Src/stm32f1xx_hal_msp.o
 .debug_aranges
                0x00000000000001d8       0x70 ./Core/Src/stm32f1xx_it.o
 .debug_aranges
                0x0000000000000248       0x28 ./Core/Src/system_stm32f1xx.o
 .debug_aranges
                0x0000000000000270       0x58 ./Core/Src/timer.o
 .debug_aranges
                0x00000000000002c8       0x28 ./Core/Startup/startup_stm32f103rbtx.o
 .debug_aranges
                0x00000000000002f0       0xe0 ./Drivers/STM32F1xx_HAL_Driver/Src/stm32f1xx_hal.o
 .debug_aranges
                0x00000000000003d0      0x100 ./Drivers/STM32F1xx_HAL_Driver/Src/stm32f1xx_hal_cortex.o
 .debug_aranges
                0x00000000000004d0       0x58 ./Drivers/STM32F1xx_HAL_Driver/Src/stm32f1xx_hal_gpio.o
 .debug_aranges
                0x0000000000000528       0x90 ./Drivers/STM32F1xx_HAL_Driver/Src/stm32f1xx_hal_rcc.o
 .debug_aranges
                0x00000000000005b8      0x3d0 ./Drivers/STM32F1xx_HAL_Driver/Src/stm32f1xx_hal_tim.o
 .debug_aranges
                0x0000000000000988      0x168 ./Drivers/STM32F1xx_HAL_Driver/Src/stm32f1xx_hal_tim_ex.o

.debug_rnglists
                0x0000000000000000      0x852
 .debug_rnglists
                0x0000000000000000       0x14 ./Core/Src/fsm_automatic.o
 .debug_rnglists
                0x0000000000000014       0x1f ./Core/Src/fsm_manual.o
 .debug_rnglists
                0x0000000000000033       0x7c ./Core/Src/global.o
 .debug_rnglists
                0x00000000000000af       0x14 ./Core/Src/input_processing.o
 .debug_rnglists
                0x00000000000000c3       0x20 ./Core/Src/input_reading.o
 .debug_rnglists
                0x00000000000000e3       0x41 ./Core/Src/main.o
 .debug_rnglists
                0x0000000000000124       0x26 ./Core/Src/stm32f1xx_hal_msp.o
 .debug_rnglists
                0x000000000000014a       0x4f ./Core/Src/stm32f1xx_it.o
 .debug_rnglists
                0x0000000000000199       0x1a ./Core/Src/system_stm32f1xx.o
 .debug_rnglists
                0x00000000000001b3       0x3e ./Core/Src/timer.o
 .debug_rnglists
                0x00000000000001f1       0x19 ./Core/Startup/startup_stm32f103rbtx.o
 .debug_rnglists
                0x000000000000020a       0xa3 ./Drivers/STM32F1xx_HAL_Driver/Src/stm32f1xx_hal.o
 .debug_rnglists
                0x00000000000002ad       0xbb ./Drivers/STM32F1xx_HAL_Driver/Src/stm32f1xx_hal_cortex.o
 .debug_rnglists
                0x0000000000000368       0x3f ./Drivers/STM32F1xx_HAL_Driver/Src/stm32f1xx_hal_gpio.o
 .debug_rnglists
                0x00000000000003a7       0x6c ./Drivers/STM32F1xx_HAL_Driver/Src/stm32f1xx_hal_rcc.o
 .debug_rnglists
                0x0000000000000413      0x31a ./Drivers/STM32F1xx_HAL_Driver/Src/stm32f1xx_hal_tim.o
 .debug_rnglists
                0x000000000000072d      0x125 ./Drivers/STM32F1xx_HAL_Driver/Src/stm32f1xx_hal_tim_ex.o

.debug_macro    0x0000000000000000    0x17185
 .debug_macro   0x0000000000000000      0x1cf ./Core/Src/fsm_automatic.o
 .debug_macro   0x00000000000001cf      0xa9c ./Core/Src/fsm_automatic.o
 .debug_macro   0x0000000000000c6b      0x215 ./Core/Src/fsm_automatic.o
 .debug_macro   0x0000000000000e80       0x2e ./Core/Src/fsm_automatic.o
 .debug_macro   0x0000000000000eae       0x22 ./Core/Src/fsm_automatic.o
 .debug_macro   0x0000000000000ed0       0x22 ./Core/Src/fsm_automatic.o
 .debug_macro   0x0000000000000ef2       0x8e ./Core/Src/fsm_automatic.o
 .debug_macro   0x0000000000000f80       0x51 ./Core/Src/fsm_automatic.o
 .debug_macro   0x0000000000000fd1      0x103 ./Core/Src/fsm_automatic.o
 .debug_macro   0x00000000000010d4       0x6a ./Core/Src/fsm_automatic.o
 .debug_macro   0x000000000000113e      0x1df ./Core/Src/fsm_automatic.o
 .debug_macro   0x000000000000131d       0x1c ./Core/Src/fsm_automatic.o
 .debug_macro   0x0000000000001339       0x22 ./Core/Src/fsm_automatic.o
 .debug_macro   0x000000000000135b       0xbd ./Core/Src/fsm_automatic.o
 .debug_macro   0x0000000000001418      0xd23 ./Core/Src/fsm_automatic.o
 .debug_macro   0x000000000000213b     0xe09e ./Core/Src/fsm_automatic.o
 .debug_macro   0x00000000000101d9       0x6d ./Core/Src/fsm_automatic.o
 .debug_macro   0x0000000000010246     0x348d ./Core/Src/fsm_automatic.o
 .debug_macro   0x00000000000136d3      0x174 ./Core/Src/fsm_automatic.o
 .debug_macro   0x0000000000013847       0x5c ./Core/Src/fsm_automatic.o
 .debug_macro   0x00000000000138a3      0x5bc ./Core/Src/fsm_automatic.o
 .debug_macro   0x0000000000013e5f      0x289 ./Core/Src/fsm_automatic.o
 .debug_macro   0x00000000000140e8      0x1cb ./Core/Src/fsm_automatic.o
 .debug_macro   0x00000000000142b3      0x114 ./Core/Src/fsm_automatic.o
 .debug_macro   0x00000000000143c7      0x1b2 ./Core/Src/fsm_automatic.o
 .debug_macro   0x0000000000014579       0x27 ./Core/Src/fsm_automatic.o
 .debug_macro   0x00000000000145a0      0x136 ./Core/Src/fsm_automatic.o
 .debug_macro   0x00000000000146d6      0x1bc ./Core/Src/fsm_automatic.o
 .debug_macro   0x0000000000014892       0x34 ./Core/Src/fsm_automatic.o
 .debug_macro   0x00000000000148c6       0x3c ./Core/Src/fsm_automatic.o
 .debug_macro   0x0000000000014902       0x57 ./Core/Src/fsm_automatic.o
 .debug_macro   0x0000000000014959       0x87 ./Core/Src/fsm_automatic.o
 .debug_macro   0x00000000000149e0      0x240 ./Core/Src/fsm_automatic.o
 .debug_macro   0x0000000000014c20      0x140 ./Core/Src/fsm_automatic.o
 .debug_macro   0x0000000000014d60      0x8ed ./Core/Src/fsm_automatic.o
 .debug_macro   0x000000000001564d       0x83 ./Core/Src/fsm_automatic.o
 .debug_macro   0x00000000000156d0       0x7c ./Core/Src/fsm_automatic.o
 .debug_macro   0x000000000001574c       0x64 ./Core/Src/fsm_automatic.o
 .debug_macro   0x00000000000157b0      0x1c5 ./Core/Src/fsm_manual.o
 .debug_macro   0x0000000000015975      0x1bb ./Core/Src/global.o
 .debug_macro   0x0000000000015b30      0x1cf ./Core/Src/input_processing.o
 .debug_macro   0x0000000000015cff      0x1c6 ./Core/Src/input_reading.o
 .debug_macro   0x0000000000015ec5      0x1e3 ./Core/Src/main.o
 .debug_macro   0x00000000000160a8      0x1a8 ./Core/Src/stm32f1xx_hal_msp.o
 .debug_macro   0x0000000000016250      0x1b2 ./Core/Src/stm32f1xx_it.o
 .debug_macro   0x0000000000016402      0x199 ./Core/Src/system_stm32f1xx.o
 .debug_macro   0x000000000001659b      0x1b2 ./Core/Src/timer.o
 .debug_macro   0x000000000001674d      0x1bd ./Drivers/STM32F1xx_HAL_Driver/Src/stm32f1xx_hal.o
 .debug_macro   0x000000000001690a      0x199 ./Drivers/STM32F1xx_HAL_Driver/Src/stm32f1xx_hal_cortex.o
 .debug_macro   0x0000000000016aa3      0x204 ./Drivers/STM32F1xx_HAL_Driver/Src/stm32f1xx_hal_gpio.o
 .debug_macro   0x0000000000016ca7      0x1ab ./Drivers/STM32F1xx_HAL_Driver/Src/stm32f1xx_hal_rcc.o
 .debug_macro   0x0000000000016e52      0x19a ./Drivers/STM32F1xx_HAL_Driver/Src/stm32f1xx_hal_tim.o
 .debug_macro   0x0000000000016fec      0x199 ./Drivers/STM32F1xx_HAL_Driver/Src/stm32f1xx_hal_tim_ex.o

.debug_line     0x0000000000000000     0xcc16
 .debug_line    0x0000000000000000      0x782 ./Core/Src/fsm_automatic.o
 .debug_line    0x0000000000000782      0x7b4 ./Core/Src/fsm_manual.o
 .debug_line    0x0000000000000f36      0x9b1 ./Core/Src/global.o
 .debug_line    0x00000000000018e7      0x971 ./Core/Src/input_processing.o
 .debug_line    0x0000000000002258      0x769 ./Core/Src/input_reading.o
 .debug_line    0x00000000000029c1      0x90b ./Core/Src/main.o
 .debug_line    0x00000000000032cc      0x767 ./Core/Src/stm32f1xx_hal_msp.o
 .debug_line    0x0000000000003a33      0x7cf ./Core/Src/stm32f1xx_it.o
 .debug_line    0x0000000000004202      0x75b ./Core/Src/system_stm32f1xx.o
 .debug_line    0x000000000000495d      0x83c ./Core/Src/timer.o
 .debug_line    0x0000000000005199       0x78 ./Core/Startup/startup_stm32f103rbtx.o
 .debug_line    0x0000000000005211      0x988 ./Drivers/STM32F1xx_HAL_Driver/Src/stm32f1xx_hal.o
 .debug_line    0x0000000000005b99      0xb70 ./Drivers/STM32F1xx_HAL_Driver/Src/stm32f1xx_hal_cortex.o
 .debug_line    0x0000000000006709      0xa21 ./Drivers/STM32F1xx_HAL_Driver/Src/stm32f1xx_hal_gpio.o
 .debug_line    0x000000000000712a      0xd91 ./Drivers/STM32F1xx_HAL_Driver/Src/stm32f1xx_hal_rcc.o
 .debug_line    0x0000000000007ebb     0x3474 ./Drivers/STM32F1xx_HAL_Driver/Src/stm32f1xx_hal_tim.o
 .debug_line    0x000000000000b32f     0x18e7 ./Drivers/STM32F1xx_HAL_Driver/Src/stm32f1xx_hal_tim_ex.o

.debug_str      0x0000000000000000    0x848d2
 .debug_str     0x0000000000000000    0x81902 ./Core/Src/fsm_automatic.o
                                      0x81c29 (size before relaxing)
 .debug_str     0x0000000000081902       0x98 ./Core/Src/fsm_manual.o
                                      0x81c30 (size before relaxing)
 .debug_str     0x000000000008199a      0x1b9 ./Core/Src/global.o
                                      0x81dd0 (size before relaxing)
 .debug_str     0x0000000000081b53      0x114 ./Core/Src/input_processing.o
                                      0x81cfd (size before relaxing)
 .debug_str     0x0000000000081c67      0x14b ./Core/Src/input_reading.o
                                      0x81ca9 (size before relaxing)
 .debug_str     0x0000000000081db2      0x864 ./Core/Src/main.o
                                      0x825e2 (size before relaxing)
 .debug_str     0x0000000000082616      0x33f ./Core/Src/stm32f1xx_hal_msp.o
                                      0x823fd (size before relaxing)
 .debug_str     0x0000000000082955       0xfc ./Core/Src/stm32f1xx_it.o
                                      0x82096 (size before relaxing)
 .debug_str     0x0000000000082a51       0x7e ./Core/Src/system_stm32f1xx.o
                                      0x819a9 (size before relaxing)
 .debug_str     0x0000000000082acf       0xd4 ./Core/Src/timer.o
                                      0x81c0a (size before relaxing)
 .debug_str     0x0000000000082ba3       0x34 ./Core/Startup/startup_stm32f103rbtx.o
                                         0x54 (size before relaxing)
 .debug_str     0x0000000000082bd7      0x38e ./Drivers/STM32F1xx_HAL_Driver/Src/stm32f1xx_hal.o
                                      0x820dc (size before relaxing)
 .debug_str     0x0000000000082f65      0x294 ./Drivers/STM32F1xx_HAL_Driver/Src/stm32f1xx_hal_cortex.o
                                      0x82028 (size before relaxing)
 .debug_str     0x00000000000831f9      0x2e5 ./Drivers/STM32F1xx_HAL_Driver/Src/stm32f1xx_hal_gpio.o
                                      0x81d2f (size before relaxing)
 .debug_str     0x00000000000834de      0x229 ./Drivers/STM32F1xx_HAL_Driver/Src/stm32f1xx_hal_rcc.o
                                      0x81dd8 (size before relaxing)
 .debug_str     0x0000000000083707      0xd38 ./Drivers/STM32F1xx_HAL_Driver/Src/stm32f1xx_hal_tim.o
                                      0x82dca (size before relaxing)
 .debug_str     0x000000000008443f      0x493 ./Drivers/STM32F1xx_HAL_Driver/Src/stm32f1xx_hal_tim_ex.o
                                      0x825e6 (size before relaxing)

.debug_frame    0x0000000000000000     0x2ae8
 .debug_frame   0x0000000000000000       0x2c ./Core/Src/fsm_automatic.o
 .debug_frame   0x000000000000002c       0x64 ./Core/Src/fsm_manual.o
 .debug_frame   0x0000000000000090      0x208 ./Core/Src/global.o
 .debug_frame   0x0000000000000298       0x2c ./Core/Src/input_processing.o
 .debug_frame   0x00000000000002c4       0x84 ./Core/Src/input_reading.o
 .debug_frame   0x0000000000000348      0x120 ./Core/Src/main.o
 .debug_frame   0x0000000000000468       0xa4 ./Core/Src/stm32f1xx_hal_msp.o
 .debug_frame   0x000000000000050c      0x13c ./Core/Src/stm32f1xx_it.o
 .debug_frame   0x0000000000000648       0x58 ./Core/Src/system_stm32f1xx.o
 .debug_frame   0x00000000000006a0      0x148 ./Core/Src/timer.o
 .debug_frame   0x00000000000007e8      0x334 ./Drivers/STM32F1xx_HAL_Driver/Src/stm32f1xx_hal.o
 .debug_frame   0x0000000000000b1c      0x428 ./Drivers/STM32F1xx_HAL_Driver/Src/stm32f1xx_hal_cortex.o
 .debug_frame   0x0000000000000f44      0x14c ./Drivers/STM32F1xx_HAL_Driver/Src/stm32f1xx_hal_gpio.o
 .debug_frame   0x0000000000001090      0x218 ./Drivers/STM32F1xx_HAL_Driver/Src/stm32f1xx_hal_rcc.o
 .debug_frame   0x00000000000012a8     0x11bc ./Drivers/STM32F1xx_HAL_Driver/Src/stm32f1xx_hal_tim.o
 .debug_frame   0x0000000000002464      0x638 ./Drivers/STM32F1xx_HAL_Driver/Src/stm32f1xx_hal_tim_ex.o
 .debug_frame   0x0000000000002a9c       0x20 E:/STM32CubeIDE_1.7.0/STM32CubeIDE/plugins/com.st.stm32cube.ide.mcu.externaltools.gnu-tools-for-stm32.11.3.rel1.win32_1.1.100.202309141235/tools/bin/../lib/gcc/arm-none-eabi/11.3.1/../../../../arm-none-eabi/lib/thumb/v7-m/nofp\libc_nano.a(libc_a-memset.o)
 .debug_frame   0x0000000000002abc       0x2c E:/STM32CubeIDE_1.7.0/STM32CubeIDE/plugins/com.st.stm32cube.ide.mcu.externaltools.gnu-tools-for-stm32.11.3.rel1.win32_1.1.100.202309141235/tools/bin/../lib/gcc/arm-none-eabi/11.3.1/../../../../arm-none-eabi/lib/thumb/v7-m/nofp\libc_nano.a(libc_a-init.o)

.debug_line_str
                0x0000000000000000       0x48
 .debug_line_str
                0x0000000000000000       0x48 ./Core/Startup/startup_stm32f103rbtx.o
                                         0x60 (size before relaxing)
