../Core/Src/global.c:45:6:led_config	8	static
../Core/Src/global.c:88:6:pedestrian_led_config	8	static
../Core/Src/global.c:137:6:off_all_leds_road_1	8	static
../Core/Src/global.c:142:6:off_all_leds_road_2	8	static
../Core/Src/global.c:147:6:on_red_road_1	8	static
../Core/Src/global.c:152:6:on_red_road_2	8	static
../Core/Src/global.c:157:6:on_amber_road_1	8	static
../Core/Src/global.c:162:6:on_amber_road_2	8	static
../Core/Src/global.c:167:6:on_green_road_1	8	static
../Core/Src/global.c:172:6:on_green_road_2	8	static
../Core/Src/global.c:178:6:toggle_red	8	static
../Core/Src/global.c:190:6:toggle_amber	8	static
../Core/Src/global.c:202:6:toggle_green	8	static
../Core/Src/global.c:214:6:off_pedestrian	8	static
../Core/Src/global.c:218:6:on_red_pedestrian	8	static
../Core/Src/global.c:222:6:on_green_pedestrian	8	static
../Core/Src/global.c:227:6:pedestrian_buzzer_config	8	static
../Core/Src/global.c:278:6:set_buzzer	8	static
